Ankara Radyo Banko = https://stream.netradyom.com/listen/radyobanko/radio.mp3/;stream.mp3
Ankara Radyo Beyaz = https://radyodinle1.turkhosted.com/yayin?uri=radyo.normyazilim.com:8030/&tkn=MGuOGA4A7AowoZ0KU3swmg&tms=1777944593
Ankara Radyo Özgür = https://radyoozgur.kesintisizyayin.com:9898/stream?
Atlantis FM = https://stream.netradyom.com/listen/imajpop/radio.mp3/;stream.mp3
Halk Radyo = https://playerservices.streamtheworld.com/api/livestream-redirect/SUPER_FM_ITUNES.mp3?
Halk Radyo = https://25503.live.streamtheworld.com/SUPER_FM_ITUNES.mp3
Imaj Pop = https://stream.netradyom.com/listen/imajpop/radio.mp3

Park FM = https://stream.netradyom.com/listen/parkfm/radio.mp3/;stream.mp3
Polis Radyosu TSM = https://m.egm.gov.tr:8095/stream?/;stream.mp3 
Polis Radyosu TSM = https://m.egm.gov.tr:8095/stream?
Radyo 06 Ankara = https://radyo.yayin.com.tr:5132/stream?
Radyo Ankara = https://radyoankara.ozelip.net:8152/
Radyo Başkent = https://playerservices.streamtheworld.com/api/livestream-redirect/SUPER_FM_ITUNES.mp3?
Radyo Başkent = https://28503.live.streamtheworld.com/SUPER_FM_ITUNES.mp3
Radyo Bilkent = https://stream.netradyom.com/listen/radyobilkent/radio.mp3
Radyo Durak = https://radyo.yayindakiler.com:8018/stream?/;stream.mp3
Radyo Gimsa = https://yayin2.canliyayin.org:9482/stream/;stream.mp3
Radyo Harman FM = https://free.rcast.net/200259?/;stream.mp3
Radyo Hedef = https://stream.rcast.net/200299
Radyo Hedef = https://free.rcast.net/200299
Radyo Karadeniz = https://radyo1.radyo-dinle.tc/8138/stream?/;stream.mp3
Radyo Kent FM = https://playerservices.streamtheworld.com/api/livestream-redirect/SUPER_FM_ITUNES.mp3?
Radyo Kent FM = https://27953.live.streamtheworld.com/SUPER_FM_ITUNES.mp3
Radyo Mars = https://yayin.radyomadyo.com:9400/stream?/;stream.mp3
Radyo Megasite = https://stream.netradyom.com/listen/megasite/radio.mp3/;stream.mp3
Radyo Megasite = https://stream.netradyom.com/listen/megasite/radio.mp3/;
Radyo ODTÜ = https://stream.radyoodtu.com.tr/canli;/;stream.mp3
Radyo ODTÜ = https://stream3.radyoodtu.com.tr:8000/canli;/;stream.mp3
Radyo Ostim = https://stream.netradyom.com/radio/8010/radio.mp3 
Radyo Ses (KUR'AN-I KERİM - İLAHİ ) = https://radyodinle1.turkhosted.com/yayin?uri=radyo.normyazilim.com:8020/&tkn=JfXnwYkiwdXh9kPeBBpBrQ&tms=1777946837
Radyo Trafik = https://wowza1.radyotvonline.com/saran/radyotrafikankara.stream/chunklist_w1277412776.m3u8
Radyo Trio (Nostalji) = https://radyotrio.radyotvonline.net/radyotrio?/;stream.mp3
Radyo Tuzgölü = https://radyo.yayin.com.tr:5870/stream?
Radyo Trend Ankara = https://radyo.yayin.com.tr:5132/stream?t=1760000812541