# WebRadyo dışa aktarım
# Oluşturuldu: 2026-05-02T13:11:00.721Z
# Görünüm: all
# Arama: 


103.6 Radyo Light = https://yayin.radiolight.net:8005/live
90'LAR = https://moondigitalmaster.radyotvonline.net/90lar/playlist.m3u8
A HABER RADYO = https://trkvz-radyolar.ercdn.net/ahaberradyo/playlist.m3u8 | icon/a_haber_radyo.jpeg
A NEWS RADYO = https://trkvz-radyolar.ercdn.net/anewsradyo/playlist.m3u8 | icon/a_news_radyo.jpeg
A PARA RADYO = https://trkvz-radyolar.ercdn.net/apararadyo/playlist.m3u8 | icon/a_para_radyo.jpeg
A SPOR RADYO = https://trkvz-radyolar.ercdn.net/asporradyo/playlist.m3u8
ADANA FM Arabesk = https://host.onlineradyotv.net:2020/stream/adanafm | icon/adana_fm_arabesk.jpg
ADANA RADYO DEVA = https://ssl123.ozelip.com/8108/stream | icon/adana_radyo_deva.jpg
AFŞİN FM = https://radyo.arkacadde.org/4646/afsinradyo.mp3 | icon/afşİn_fm.jpg
AFYON GÜN FM = https://ssl120.radyotelekom.com.tr/8130/stream | icon/afyon_gün_fm.jpg
AKRA FM = https://cdn3.akradyo.net/akracanli2/_definst_/livestream_aac/playlist.m3u8
AKSARAY KRAL FM = https://sslyayin.radyoyayini.com:7099/; | icon/aksaray_kral_fm.jpg
AKSARAY KRAL FM = https://stream.radyosfer.com/listen/aksaray_kral_fm/stream | icon/aksaray_kral_fm.jpg
AKUSTİKLAND = https://moondigitaledge.radyotvonline.net/akustikland/playlist.m3u8
ALEM FM = https://turkmedya.radyotvonline.net/alemfmaac | icon/alem_fm.jpg
ALEM FM = https://turkmedya.radyotvonline.com/turkmedya/alemfm.stream/playlist.m3u8 | icon/alem_fm.jpg
ALTIN ŞARKILAR = https://moondigitalmaster.radyotvonline.net/altinsarkilar/playlist.m3u8
ANKARA HAVALARI = https://moondigitalmaster.radyotvonline.net/ankarahavalari/playlist.m3u8 | icon/ankara_havalari.jpg
ARABESK DAMAR FM = https://yayin.damarfm.com:8080/; | icon/arabesk_damar_fm.jpg
ARABESK FM = https://anadolu.liderhost.com.tr:10949/; | icon/arabesk_fm.jpg
ARABESK FM BİZ = https://yayin.arabeskfm.biz:8042/stream?icy=http | icon/arabesk_fm_bİz.jpeg
ARABESK VADİSİ = https://arabeskv.80.yayin.com.tr/; | icon/arabesk_vadİsİ.jpg
ARABESKLAND = https://moondigitalmaster.radyotvonline.net/arabeskland/playlist.m3u8 | icon/arabeskland.jpg
ARNAVUTKÖY FM = https://arnavut2.80.yayin.com.tr/;
AVRASYA TÜRK = https://sslyayin.netyayin.net:10909/; | icon/avrasya_türk.jpg
BABA RADYO = https://babaradyo.turkhosted.com/best/babaradyo.stream/playlist.m3u8 | icon/baba_radyo.jpg
BABYLAND = https://moondigitaledge.radyotvonline.net/babyland/playlist.m3u8
BARTIN FM = https://radyo.yayin.com.tr:5918/;
BAŞKA = https://playerservices.streamtheworld.com/api/livestream-redirect/BASKA_SC?/;
BATI RADYO = https://sslyayin.netyayin.net:10902/;
BAYRAM FM = https://sslyayin.netyayin.net/3442/stream
BEST FM = https://babaradyo.turkhosted.com/best/bestfm.stream/playlist.m3u8 | icon/best_fm.jpg
BİZ FM = https://radio.hostlab.net.tr:10973/; | icon/bİz_fm.jpg
BİZİM RADYO = https://ip132.ozelip.com:7017/stream?
BLOOMBERG HT RADYO = https://ciner-live.ercdn.net/bloombergradyo/bloombergradyo_1.m3u8
BOLU RADYO YANKI = https://radyoyanki.ozelip.com/9918/stream | icon/bolu_radyo_yanki.jpg
BORUSAN KLASIK = https://playerservices.streamtheworld.com/api/livestream-redirect/BORUSAN_KLASIK_SC?/; | icon/borusan_klasik.jpg
BURSA GÜL FM = https://yayin2.canliyayin.org:10989/;
BURSA RADYO S = https://icecast.netmedya.net/radyos | icon/bursa_radyo_s.jpg
CAN RADYO Kayseri = https://ip132.ozelip.com:7040/; | icon/can_radyo_kayseri.jpg
CLASSICLAND = https://moondigitaledge.radyotvonline.net/classicland/playlist.m3u8
ÇORLU TEMPO FM = https://stream2.rtvtakip.com:7016/; | icon/çorlu_tempo_fm.jpg
DAMAR FM = https://yayin.damarfm.com:8080/; | icon/damar_fm.jpg
DAMAR TÜRK FM = https://live.radyositesihazir.com:10997/;
DAMAR TÜRK FM = https://live.radyositesihazir.com/7000/stream
DANCELAND = https://moondigitaledge.radyotvonline.net/danceland/playlist.m3u8 | icon/danceland.ico
DEDEMİN RADYOSU = https://anadolu.liderhost.com.tr:10976/;
DEM RADYO = https://yayin.radyodem.com:8000/stream/; | icon/dem_radyo.jpg
DISCOLAND = https://moondigitaledge.radyotvonline.net/discoland/playlist.m3u8
DİJİTAL RADYO = https://anadolu.liderhost.com.tr:10961/; | icon/dİjİtal_radyo.jpg
DİYANET KURAN RADYO = https://eustr73.mediatriple.net/videoonlylive/mtikoimxnztxlive/broadcast_5e3c14192aa92.smil/playlist.m3u8 | icon/dİyanet_kuran_radyo.jpg
DİYANET RADYO = https://eustr73.mediatriple.net/videoonlylive/mtikoimxnztxlive/broadcast_5e3c1171d7d2a.smil/playlist.m3u8 | icon/dİyanet_radyo.jpg
DİYANET RİSALET RADYO = https://eustr73.mediatriple.net/videoonlylive/mtikoimxnztxlive/broadcast_5e3c1520b2626.smil/playlist.m3u8
DOKSANLAR = https://moondigitaledge.radyotvonline.net/radyolanddoksanlar/playlist.m3u8
DREAMTÜRK FM = https://radyo.duhnet.tv/dreamturk
EASYLAND = https://moondigitaledge.radyotvonline.net/easyland/playlist.m3u8
EFSANE 4'LÜ = https://moondigitalmaster.radyotvonline.net/efsane4lu/playlist.m3u8
EGE HAVALARI = https://moondigitalmaster.radyotvonline.net/egehavalari/playlist.m3u8 | icon/ege_havalari.jpg
ERCİŞ FM = https://anadolu.liderhost.com.tr:10970/;
EREĞLİ DEMOKRAT FM = https://sonic.dcnet.com.tr/8078/stream | icon/ereğlİ_demokrat_fm.jpg
ERKAM RADYO = https://yayin2.canliyayin.org:10910/stream? | icon/erkam_radyo.png
FENOMEN = https://live.radyofenomen.com/fenomen/128/icecast.audio | icon/fenomen.png
FENOMEN = https://live.radyofenomen.com/fenomen/abr/fenomen/256/chunks.m3u8 | icon/fenomen.png
FENOMEN AKUSTİK = https://live.radyofenomen.com/fenomenakustik/128/icecast.audio | icon/fenomen_akustİk.jpg
FENOMEN AKUSTİK = https://live.radyofenomen.com/fenomenakustik/abr/fenomenakustik/128/chunks.m3u8 | icon/fenomen_akustİk.jpg
FENOMEN CLUBBİN = https://live.radyofenomen.com/fenomenclubbin/128/icecast.audio | icon/fenomen_clubbİn.jpg
FENOMEN CLUBBİN = https://live.radyofenomen.com/fenomenclubbin/abr/fenomenclubbin/128/chunks.m3u8 | icon/fenomen_clubbİn.jpg
FENOMEN DANS = https://live.radyofenomen.com/fenomendans/128/icecast.audio | icon/fenomen_dans.jpg
FENOMEN DANS = https://live.radyofenomen.com/fenomendans/abr/fenomendans/128/chunks.m3u8 | icon/fenomen_dans.jpg
FENOMEN KARIŞIK = https://live.radyofenomen.com/fenomenkarisik/128/icecast.audio | icon/fenomen_karişik.jpg
FENOMEN KARIŞIK = https://live.radyofenomen.com/fenomenkarisik/abr/fenomenkarisik/128/chunks.m3u8 | icon/fenomen_karişik.jpg
FENOMEN POP = https://live.radyofenomen.com/fenomenpop/128/icecast.audio | icon/fenomen_pop.jpg
FENOMEN POP = https://live.radyofenomen.com/fenomenpop/abr/fenomenpop/128/chunks.m3u8 | icon/fenomen_pop.jpg
FENOMEN TÜRK = https://live.radyofenomen.com/fenomenturk/128/icecast.audio | icon/fenomen_türk.jpg
FENOMEN TÜRK = https://live.radyofenomen.com/fenomenturk/abr/fenomenturk/256/chunks.m3u8 | icon/fenomen_türk.jpg
FLOW = https://moondigitaledge.radyotvonline.net/flow/playlist.m3u8 | icon/flow.ico
GAP FM = https://anadolu.liderhost.com.tr:10891/;
GECEKUŞU FM = https://radyo1.radyo-dinle.tc:7053/;
GENÇ KRAL FM = https://anadolu.liderhost.com.tr/8090/; | icon/genç_kral_fm.jpeg
GENÇ KRAL FM = https://anadolu.liderhost.com.tr:10991/; | icon/genç_kral_fm.jpeg
GÖZDE FM = https://gozdefm.80.yayin.com.tr/;
GREEKLAND = https://moondigitaledge.radyotvonline.net/greekland/playlist.m3u8
GURDEK FM = https://anadolu.liderhost.com.tr/8112/;
GURDEK FM = https://anadolu.liderhost.com.tr:10940/;
HAKKARİ FM = https://radyo.slmbilisim.net/8004/stream; | icon/hakkarİ_fm.jpeg
HAKTAN FM = https://anadolu.liderhost.com.tr:10980/;
HAMSİ FM = https://anadolu.liderhost.com.tr/8028/stream | icon/hamsİ_fm.jpeg
HAYATMİX REMİX = https://hayatmix.yayin.com.tr/;
HOME KLASİK = https://ssl4.radyotvonline.com/radyohome/klasikhome.stream_aac/playlist.m3u8 | icon/home_klasİk.jpg
HOS MİX = https://anadolu.liderhost.com.tr:10871/;
HOUSELAND = https://moondigitaledge.radyotvonline.net/houseland/playlist.m3u8
JAZZLAND = https://moondigitaledge.radyotvonline.net/jazzland/playlist.m3u8
JOY JAZZ = https://playerservices.streamtheworld.com/api/livestream-redirect/JOY_JAZZ_SC?/;
JOY TURK = https://playerservices.streamtheworld.com/api/livestream-redirect/JOY_TURK_SC?/;
JOYTURK ROCK = https://playerservices.streamtheworld.com/api/livestream-redirect/JOYTURK_ROCK_SC?/;
KAFA RADYO = https://moondigitalmaster.radyotvonline.net/kafaradyo/playlist.m3u8 | icon/kafa_radyo.jpg
KAFA RADYO = https://moondigitaledge2.radyotvonline.net/kafaradyo/playlist.m3u8 | icon/kafa_radyo.jpg
KARADENİZ AKUSTİK = https://karadenizakustik.radyotvonline.net/;
KARADENİZ FM = https://wowza1.radyotvonline.com/unitedmedia/karadenizfm.stream/playlist.m3u8 | icon/karadenİz_fm.jpeg
KARADENİZ FM = https://moondigitalmaster.radyotvonline.net/karadenizfm/playlist.m3u8 | icon/karadenİz_fm.jpeg
KARMA TÜRK FM = https://yayin.radyomadyo.com:8006/stream | icon/karma_türk_fm.jpg
KLAS RADİO = https://anadolu.liderhost.com.tr:10929/;
KLASİK HOME = https://moondigitalmaster.radyotvonline.net/klasikhome/playlist.m3u8
KONYA FM = https://ssl.radyosfer.com/konyafm/stream | icon/konya_fm.jpg
KRAL FM = https://ssldyg2.radyotvonline.com/dyg/kralfm64.stream/playlist.m3u8 | icon/kral_fm.jpg
KRAL FM = https://dygedge2.radyotvonline.net/kralfm/playlist.m3u8 | icon/kral_fm.jpg
KRAL POP = https://ssldyg2.radyotvonline.com/dyg/kralpop64.stream/playlist.m3u8 | icon/kral_pop.png
KRAL POP = https://dygedge.radyotvonline.net/kralpop/playlist.m3u8 | icon/kral_pop.png
KRAL TÜRK FM = https://live.radyositesihazir.com/8032/stream
KURDİ FM = https://anadolu.liderhost.com.tr:10939/;
KÜPE FM = https://icecast.netmedya.net/kupefm | icon/küpe_fm.jpg
LİDER FM = https://wowza1.radyotvonline.com/shoutcast/liderfm.stream/chunklist.m3u8
LİG RADYO = https://ligradyo.radyotvonline.net/ligradyo | icon/lİg_radyo.jpeg
LİG RADYO = https://turkmedya.radyotvonline.com/turkmedya/ligradyo.stream/playlist.m3u8 | icon/lİg_radyo.jpeg
MALATYA GROSS FM = https://radyo1.radyo-dinle.tc:7015/;
MAVİ GECE FM = https://ip169.ozelip.com:10998/;
MAZİDEN BİR DEMET = https://moondigitalmaster.radyotvonline.net/mazidenbirdemet/playlist.m3u8 | icon/mazİden_bİr_demet.jpg
MELENKOLİK HOME = https://moondigitalmaster.radyotvonline.net/melankolikhome/playlist.m3u8 | icon/melenkolİk_home.jpg
MELODİ FM = https://radyomelodi.80.yayin.com.tr/;
MERKEZ FM Samsun = https://sslyayin.radyoyayini.com:7007/stream | icon/merkez_fm_samsun.jpeg
METRO FM = https://playerservices.streamtheworld.com/api/livestream-redirect/METRO_FM_SC?/; | icon/metro_fm.jpg
MEZOPOTAMYA RADYO = https://anadolu.liderhost.com.tr:10965/; | icon/mezopotamya_radyo.jpg
MUTLU FM = https://radyo.yayin.com.tr:2828//;
MÜZEYYEN = https://moondigitaledge.radyotvonline.net/muzeyyen/playlist.m3u8 | icon/müzeyyen.jpg
NAZİLLİ RADYO ÖZDEN = https://wowza1.radyotvonline.com/shoutcast/radyoozden.stream/playlist.m3u8 | icon/nazİllİ_radyo_özden.jpg
NEBİ FM = https://anadolu.liderhost.com.tr:10901/;
NEŞTER RADYO = https://sslyayin.netyayin.net:10929//; | icon/neşter_radyo.jpg
NTV RADYO = https://dygedge.radyotvonline.net/ntvradyo/playlist.m3u8 | icon/ntv_radyo.jpg
NTV RADYO = https://rto.turkhosted.com/smil/smil:ntvradyo.smil/playlist.m3u8 | icon/ntv_radyo.jpg
NTV RADYO = https://ssldyg.radyotvonline.com/smil/smil:ntvradyo.smil/playlist.m3u8 | icon/ntv_radyo.jpg
ONUR RADYO = https://anadolu.liderhost.com.tr/8094/stream | icon/onur_radyo.jpg
ORDU FM = https://radyo1.radyo-dinle.tc/8098/;
OSTİM RADYO = https://stream.netradyom.com/radio/8010/radio.mp3 | icon/ostİm_radyo.jpg
ÖZEL FM = https://ozelfm.80.yayin.com.tr/;stream
PAL FM = https://moondigitalmaster.radyotvonline.net/palfm/playlist.m3u8 | icon/pal_fm.ico
PAL NOSTALJİ = https://ssl4.radyotvonline.com/radyohome/palnostaljihome.stream_aac/playlist.m3u8
PAL NOSTALJİ = https://moondigitalmaster.radyotvonline.net/palnostalji/playlist.m3u8
PAZARCIK FM = https://anadolu.liderhost.com.tr/9090/stream
PAZARCIK FM 2 = https://anadolu.liderhost.com.tr/9092/stream | icon/pazarcik_fm_2.jpg
PAZARCIK FM 3 = https://anadolu.liderhost.com.tr/9094/stream | icon/pazarcik_fm_3.jpg
PAZARCIK FM 3 INT = https://anadolu.liderhost.com.tr:10934/;
PODNET RADYO = https://radyo1.radyo-dinle.tc:7046/;
POP HOME = https://moondigitalmaster.radyotvonline.net/pophome/playlist.m3u8 | icon/pop_home.jpg
POP HOME = https://ssl4.radyotvonline.com/radyohome/pophome.stream_aac/playlist.m3u8 | icon/pop_home.jpg
POPLAND = https://moondigitaledge.radyotvonline.net/popland/playlist.m3u8
POPÜLER FM = https://anadolu.liderhost.com.tr:10919/; | icon/popüler_fm.jpg
POWER DANCE = https://listen.powerapp.com.tr/powerdance/abr/powerdance/128/playlist.m3u8 | icon/power_dance.jpg
POWER DEEP = https://listen.powerapp.com.tr/powerdeep/abr/powerdeep/128/playlist.m3u8 | icon/power_deep.jpg
POWER FM = https://live.powerapp.com.tr/powerfm/abr/playlist.m3u8 | icon/power_fm.jpg
POWER GOLD = https://live.powerapp.com.tr/powergold/abr/powergold/128/playlist.m3u8 | icon/power_gold.jpg
POWER GREECE = https://listen.powerapp.com.tr/powergreece/abr/powergreece/128/playlist.m3u8 | icon/power_greece.jpg
POWER LOVE = https://listen.powerapp.com.tr/powerlove/abr/powerlove/128/playlist.m3u8 | icon/power_love.jpg
POWER PLUS = https://listen.powerapp.com.tr/powerplus/abr/powerplus/128/playlist.m3u8 | icon/power_plus.jpg
POWER POP = https://listen.powerapp.com.tr/powerpop/abr/powerpop/128/playlist.m3u8 | icon/power_pop.jpg
POWER SMOOTH JAZZ = https://listen.powerapp.com.tr/powersmoothjazz/abr/powersmoothjazz/128/playlist.m3u8 | icon/power_smooth_jazz.jpg
POWER XL = https://listen.powerapp.com.tr/powerextralounge/abr/powerextralounge/96/playlist.m3u8 | icon/power_xl.jpg
POWERTÜRK AKUSTİK = https://listen.powerapp.com.tr/powerturkakustik/abr/powerturkakustik/128/playlist.m3u8 | icon/powertürk_akustİk.jpg
POWERTÜRK DANS = https://listen.powerapp.com.tr/powerturkdans/abr/powerturkdans/128/playlist.m3u8
POWERTÜRK FM = https://live.powerapp.com.tr/powerturk/abr/powerturk/128/playlist.m3u8 | icon/powertürk_fm.jpg
POWERTÜRK RAP = https://listen.powerapp.com.tr/powerturkrap/abr/powerturkrap/128/playlist.m3u8
RADIO LIGHT = https://yayin.radiolight.net:8005/live | icon/radio_light.jpg
RADİO 5 = https://radiotrc.80.yayin.com.tr/stream | icon/radİo_5.jpg
RADİO NET = https://anadolu.liderhost.com.tr:10983/; | icon/radİo_net.jpg
RADYO 2000 FM Osmaniye = https://sslyayin.netyayin.net:10915/; | icon/radyo_2000_fm_osmaniye.jpg
RADYO 38 = https://anadolu.liderhost.com.tr:10892/;
RADYO 45LİK = https://stream.radyo45lik.com:4545/stream | icon/radyo_45lİk.jpg
RADYO 75 = https://anadolu.liderhost.com.tr/8126/stream | icon/radyo_75.jpeg
RADYO AKDENİZ Antalya = https://yayin.radyoakdeniz.com/9470/stream? | icon/radyo_akdenİz_antalya.jpg
RADYO ALATURKA = https://yayin.jumboserver.net:9100/stream | icon/radyo_alaturka.png
RADYO ALİS = https://anadolu.liderhost.com.tr:10946/; | icon/radyo_alİs.jpeg
RADYO ALPERENCE = https://anadolu.liderhost.com.tr:10932/;
RADYO ARABESK = https://yayin.radyoarabesk.com.tr:8000/stream | icon/radyo_arabesk.jpg
RADYO ARGUVAN = https://radyo1.radyo-dinle.tc:7041/stream?type=http&nocache=23 | icon/radyo_arguvan.jpeg
RADYO AYVALIK = https://radyo1.radyo-dinle.tc:7002/; | icon/radyo_ayvalik.jpeg
RADYO BAŞAKŞEHİR = https://icecast.netmedya.net/rbasaksehir | icon/radyo_başakşehİr.jpeg
RADYO D = https://radyo.duhnet.tv/radyod | icon/radyo_d.jpg
RADYO DELTA = https://anadolu.liderhost.com.tr:10954/; | icon/radyo_delta.jpg
RADYO DENGE = https://anadolu.liderhost.com.tr:10930/;
RADYO DORUK = https://yayin5.radyohizmeti.com/8034/;stream | icon/radyo_doruk.jpeg
RADYO DUBLE = https://anadolu.liderhost.com.tr:10894/;
RADYO EFLATUN = https://radyo1.radyo-dinle.tc:7037/;
RADYO ENERJİ = https://trkvz-radyolar.ercdn.net/radyoenergy/playlist.m3u8 | icon/radyo_enerjİ.jpg
RADYO GEDİK = https://radyo-t.gedik.edu.tr/stream.mp3?ver=19976 | icon/radyo_gedİk.jpeg
RADYO GİREBİ = https://ssl123.ozelip.com/8066/; | icon/radyo_gİrebİ.jpeg
RADYO GOL = https://wowza1.radyotvonline.com/unitedmedia/radyogol.stream/playlist.m3u8 | icon/radyo_gol.jpg
RADYO GÖZDE FM = https://gozdefm.80.yayin.com.tr/;
RADYO GÜLÜSTAN = https://anadolu.liderhost.com.tr:10967/;
RADYO HİLTON = https://radyo1.radyo-dinle.tc:7001/; | icon/radyo_hİlton.jpeg
RADYO İLAHİ = https://anadolu.liderhost.com.tr:10994/;
RADYO İMZA = https://anadolu.liderhost.com.tr:10952/; | icon/radyo_İmza.jpeg
RADYO İZMİR FM = https://usa4.fastcast4u.com/proxy/radyoizmirfm?mp=/mp3stream128
RADYO KABE = https://anadolu.liderhost.com.tr:10955/;
RADYO KALPLERİN SESİ = https://anadolu.liderhost.com.tr:10873/;
RADYO KARADENİZ = https://radyo1.radyo-dinle.tc/8138/stream | icon/radyo_karadenİz.jpeg
RADYO KARADENİZ = https://ssl.radyosfer.com:7076//; | icon/radyo_karadenİz.jpeg
RADYO KENT = https://radyo1.radyo-dinle.tc:7060/; | icon/radyo_kent.jpg
RADYO KURAN = https://anadolu.liderhost.com.tr:10995/;
RADYO MAKARA = https://ip169.ozelip.com:10998/;
RADYO MEAL = https://anadolu.liderhost.com.tr:10993/;
RADYO MODOKO = https://sslyayin.radyoyayini.com:7002/;
RADYO MUHABBET = https://radyo1.radyo-dinle.tc:7051/;
RADYO NİKOMEDYA = https://sslyayin.radyoyayini.com:7091//;
RADYO NİSBET = https://anadolu.liderhost.com.tr:10875/; | icon/radyo_nİsbet.jpeg
RADYO ONLİNE TÜRK = https://anadolu.liderhost.com.tr:10960/; | icon/radyo_onlİne_türk.jpeg
RADYO ORJİNAL = https://anadolu.liderhost.com.tr:10938/; | icon/radyo_orjİnal.jpeg
RADYO SAHİL = https://radyo1.radyo-dinle.tc/8056/; | icon/radyo_sahİl.jpg
RADYO SEKK = https://radyo1.radyo-dinle.tc:7003/;
RADYO SES = https://oyunzade.yayin.com.tr/stream
RADYO SEYMEN = https://yayin.radyoseymen.com.tr:1070/stream | icon/radyo_seymen.jpg
RADYO SLAYT = https://live.radyo.in/8050/stream
RADYO SOFT = https://trkvz-radyolar.ercdn.net/radyosoft/playlist.m3u8
RADYO SPACE = https://anadolu.liderhost.com.tr:10914/;
RADYO SPOR = https://ssl4.radyotvonline.com/radyohome/radyosporhome.stream_aac/playlist.m3u8 | icon/radyo_spor.jpg
RADYO ŞANLI = https://radyo1.radyo-dinle.tc:7020/;
RADYO TATLISES = https://sslyayin.radyoyayini.com:7009/default | icon/radyo_tatlises.jpg
RADYO Tİ = https://anadolu.liderhost.com.tr:10968/;
RADYO TRAFİK = https://ssl4.radyotvonline.com/radyohome/radyotrafikhome.stream_aac/playlist.m3u8 | icon/radyo_trafİk.jpg
RADYO TURAN = https://anadolu.liderhost.com.tr:10996/;
RADYO TURKUVAZ = https://trkvz-radyolar.ercdn.net/radyoturkuvaz/playlist.m3u8
RADYO VİVA = https://ssl4.radyotvonline.com/radyohome/radyovivahome.stream_aac/playlist.m3u8 | icon/radyo_vİva.jpg
RADYO VİZYON = https://stream.netradyom.com/radio/9300/radio.mp3 | icon/radyo_vİzyon.jpg
RADYO VİZYON ANKARA = https://stream.netradyom.com/radio/7030/radio.mp3
RADYO VİZYON BEBEK = https://stream.netradyom.com/radio/7080/radio.mp3
RADYO VİZYON HALK = https://stream.netradyom.com/radio/7070/radio.mp3
RADYO VİZYON KLASİK = https://stream.netradyom.com/radio/7100/radio.mp3
RADYO VİZYON LOUNGE = https://stream.netradyom.com/radio/7050/radio.mp3
RADYO VİZYON NOSTALJİ = https://stream.netradyom.com/radio/7090/radio.mp3
RADYO VİZYON ROCK = https://stream.netradyom.com/radio/7040/radio.mp3
RADYO VİZYON SEK = https://stream.netradyom.com/radio/7060/radio.mp3
RADYO VOKAL = https://moondigitalmaster.radyotvonline.net/radyovokal/playlist.m3u8 | icon/radyo_vokal.jpg
RAKS FM = https://sslyayin.radyoyayini.com:7092//;
RAP HOME = https://moondigitalmaster.radyotvonline.net/raphome/playlist.m3u8 | icon/rap_home.jpeg
RELAX HOME = https://moondigitalmaster.radyotvonline.net/relaxhome/playlist.m3u8 | icon/relax_home.jpg
RETRO TURK = https://playerservices.streamtheworld.com/api/livestream-redirect/RETROTURK_SC?/; | icon/retro_turk.jpg
RİSALE RADYO = https://radyo1.radyo-dinle.tc:7016/;
ROCK FM = https://rockfm.rockfm.com.tr:9450/stream | icon/rock_fm.jpeg
ROCKLAND = https://moondigitaledge.radyotvonline.net/rockland/playlist.m3u8 | icon/rockland.ico
SARI TRAMVAY = https://moondigitaledge.radyotvonline.net/saritramvay/playlist.m3u8 | icon/sari_tramvay.jpeg
SESLİ MOBİL FM = https://anadolu.liderhost.com.tr:10985/;
SEYR FM = https://sslyayin.netyayin.net/8024/stream | icon/seyr_fm.jpeg
SEZA FM = https://anadolu.liderhost.com.tr:10940/;
SEZEN RADYO = https://radyo1.radyo-dinle.tc:7018/;
SHOW RADYO = https://moondigitalmaster.radyotvonline.net/show/playlist.m3u8 | icon/show_radyo.jpg
SHOW RADYO = https://moondigitaledge.radyotvonline.net/show/playlist.m3u8 | icon/show_radyo.jpg
SHOW RADYO = https://ssl4.radyotvonline.com/radyohome/showradyohome.stream_aac/playlist.m3u8 | icon/show_radyo.jpg
SİVAS FM = https://yayin2.canliyayin.org:10960/; | icon/sİvas_fm.jpg
SLOW HOME = https://moondigitalmaster.radyotvonline.net/slowhome/playlist.m3u8 | icon/slow_home.jpg
SLOW KARADENİZ FM = https://ssl162.ozelip.com/asistan/stream/fd02a93f231cba7593e027682f8fcad5 | icon/slow_karadenİz_fm.jpeg
SLOW TÜRK = https://radyo.duhnet.tv/ak_dtvh_slowturk
SÜPER FM = https://playerservices.streamtheworld.com/api/livestream-redirect/SUPER_FM_SC?/; | icon/süper_fm.jpg
SÜPER FM 2 = https://playerservices.streamtheworld.com/api/livestream-redirect/SUPER2_SC?/;
ŞAFAK RADYO = https://yayin2.canliyayin.org:10970/;
ŞEMDİNLİ FM = https://anadolu.liderhost.com.tr:10948/;
TARSUS FM = https://tarsusfm.80.yayin.com.tr/stream/; | icon/tarsus_fm.jpg
TEKİRDAĞ YILDIZ FM = https://yildizf1.80.yayin.com.tr/;
TEMPO FM Niğde = https://radyoserver1.okeylisans.com:8082//;
TEZENE = https://moondigitaledge.radyotvonline.net/tezene/playlist.m3u8 | icon/tezene.jpg
TİYATRO RADYOSU = https://anadolu.liderhost.com.tr:10885/;
TOURİSM FM = https://tourismf.80.yayin.com.tr/;
TRT ANTALYA = https://radio-trtantalya.medya.trt.com.tr/master.m3u8 | icon/trt_antalya.jpg
TRT ÇUKUROVA = https://radio-trtcukurova.medya.trt.com.tr/master.m3u8 | icon/trt_çukurova.jpg
TRT ERZURUM = https://radio-trterzurum.medya.trt.com.tr/master.m3u8 | icon/trt_erzurum.jpg
TRT FM = https://ssl4.radyotvonline.com/radyohome/trtfm.stream_aac/playlist.m3u8 | icon/trt_fm.jpg
TRT GAP DİYARBAKIR = https://radio-trtgap.medya.trt.com.tr/master.m3u8
TRT MEMLEKETİM FM = https://radio-trtmemleketimfm.medya.trt.com.tr/master.m3u8 | icon/trt_memleketİm_fm.jpg
TRT NAĞME = https://ssl4.radyotvonline.com/radyohome/trtnagme.stream_aac/playlist.m3u8 | icon/trt_nağme.jpg
TRT RADYO 6 = https://radio-trtradyo6.medya.trt.com.tr/master.m3u8 | icon/trt_radyo_6.jpg
TRT TRABZON = https://radio-trttrabzon.medya.trt.com.tr/master.m3u8 | icon/trt_trabzon.jpg
TRT TÜRKİYE'NİN SESİ = https://radio-trttsr.medya.trt.com.tr/master.m3u8
TRT TÜRKÜ = https://ssl4.radyotvonline.com/radyohome/trtturku.stream_aac/playlist.m3u8 | icon/trt_türkü.jpg
TRT VOİCE OF TURKEY EAST = https://radio-trtvoteast.medya.trt.com.tr/master.m3u8
TRT VOİCE OF TURKEY WEST = https://radio-trtvotwest.medya.trt.com.tr/master.m3u8 | icon/trt_voİce_of_turkey_west.jpg
TRT VOİCE OF TURKEY WORLD = https://radio-trtvotworld.medya.trt.com.tr/master.m3u8
TURKUAZ OTO DJ = https://anadolu.liderhost.com.tr:10918/;
TURKUVAZ ANADOLU = https://trkvz-radyolar.ercdn.net/turkuvazanadolu/playlist.m3u8 | icon/turkuvaz_anadolu.jpeg
TURKUVAZ EFSANE = https://trkvz-radyolar.ercdn.net/turkuvazefsane/playlist.m3u8 | icon/turkuvaz_efsane.jpeg
TURKUVAZ FM = https://trkvz-radyolar.ercdn.net/radyoturkuvaz/playlist.m3u8 | icon/turkuvaz_fm.jpeg
TURKUVAZ MUSİKİ = https://trkvz-radyolar.ercdn.net/turkuvazmusiki/playlist.m3u8 | icon/turkuvaz_musİkİ.jpeg
TURKUVAZ NOSTALJİ = https://trkvz-radyolar.ercdn.net/turkuvaznostalji/playlist.m3u8 | icon/turkuvaz_nostaljİ.jpeg
TURKUVAZ ROMANTİK = https://trkvz-radyolar.ercdn.net/turkuvazromantik/playlist.m3u8 | icon/turkuvaz_romantİk.jpeg
TUTKU RADYO = https://ssl.radyosfer.com/tutkuradyo/stream
TÜRKCENIN SESI RADYOSU = https://radyo.yayin.com.tr:6509/;stream.mp3
TÜRKLAND = https://moondigitaledge.radyotvonline.net/turkland/playlist.m3u8
TÜRKÜLERLE TÜRKİYE = https://moondigitalmaster.radyotvonline.net/turkulerleturkiye/playlist.m3u8 | icon/türkülerle_türkİye.jpg
ULUSAL RADYO CANLI = https://radio.guventechnology.com/9302/stream
VAV RADYO = https://trkvz-radyolar.ercdn.net/radyovav/playlist.m3u8 | icon/vav_radyo.png
VIRGIN RADIO = https://playerservices.streamtheworld.com/api/livestream-redirect/VIRGIN_RADIO_SC?/;
VİYANA FM = https://radyo.viyanafm.at/1453/stream | icon/vİyana_fm.jpeg
WORLD HİTS = https://moondigitaledge.radyotvonline.net/worldhits/playlist.m3u8 | icon/world_hİts.jpg
X RADYO = https://stream.xradio.com.tr:8770/stream
Yapay Zeka - Anatolian Rock Radyo | Psychedelic 70's = https://www.youtube.com/watch?v=MNl9sknx-7k
Yapay Zeka - Psychedelic Anatolian Rock = https://www.youtube.com/watch?v=JRQGif7Y7Kg
Yapay Zeka - Radyo Anatolian Rock = https://www.youtube.com/watch?v=O3Y9V6CXYIk
Yapay Zeka - Psychedelic Anatolian Rock = https://www.youtube.com/watch?v=YhPud7oPGc8
Yapay Zeka - Radyo Anatolian - Psychedelic Anatolian Rock Türküler = https://www.youtube.com/watch?v=wEm1d_d3CPs
YOZGAT FM = https://sslyayin.netyayin.net:10921/stream | icon/yozgat_fm.jpeg
ZEN CHOPPER = https://anadolu.liderhost.com.tr:10877/;
ZEN NOSTALJİ = https://anadolu.liderhost.com.tr:10879/;
ZEN RADYO = https://anadolu.liderhost.com.tr:10880/;
ZEN YABANCI = https://anadolu.liderhost.com.tr:10878/;
ZENLAND = https://moondigitaledge.radyotvonline.net/zenland/playlist.m3u8
ZIRVE RADYO = https://radyoserver.qbilisim.com:7006/; | icon/zirve_radyo.jpeg
