# WebRadioStation export
# Generated: 2026-04-30T22:12:08.018Z
# View: all
# Search: 

103.6 Radyo Light = https://yayin.radiolight.net:8005/live
90'LAR = http://37.247.98.8/stream/166/
90'LAR = https://moondigitalmaster.radyotvonline.net/90lar/playlist.m3u8
A HABER RADYO = https://trkvz-radyolar.ercdn.net/ahaberradyo/playlist.m3u8 | icon/a_haber_radyo.jpeg
A NEWS RADYO = https://trkvz-radyolar.ercdn.net/anewsradyo/playlist.m3u8 | icon/a_news_radyo.jpeg
A PARA RADYO = https://trkvz-radyolar.ercdn.net/apararadyo/playlist.m3u8 | icon/a_para_radyo.jpeg
A SPOR RADYO = https://trkvz-radyolar.ercdn.net/asporradyo/playlist.m3u8
ABUZER FM = http://live.radyotvonline.com:9030/; | icon/abuzer_fm.jpg
ADA FM Sakarya = http://adafm.net:6262/; | icon/ada_fm_sakarya.jpeg
ADANA FM Arabesk = https://host.onlineradyotv.net:2020/stream/adanafm | icon/adana_fm_arabesk.jpg
ADANA RADYO DEVA = https://ssl123.ozelip.com/8108/stream | icon/adana_radyo_deva.jpg
ADANA SÜPER FM = https://ssl.radyosfer.com/adanasuperfm/stream | icon/adana_süper_fm.jpg
ADIYAMAN ASR FM = http://yayin2.yayindakiler.com:4072/; | icon/adiyaman_asr_fm.jpg
AFŞİN FM = https://radyo.arkacadde.org/4646/afsinradyo.mp3 | icon/afşİn_fm.jpg
AFYON ARMONİ FM = http://yayin.yayindakiler.com:4084/;stream.mp3 | icon/afyon_armonİ_fm.jpg
AFYON GÜN FM = https://ssl120.radyotelekom.com.tr/8130/stream | icon/afyon_gün_fm.jpg
AFYON RADYO LOJİK = http://ip20.ozelip.com:9710/;
AHISKA FM = http://radyo.ahiska.net:8063/;
AKDAĞ FM = http://radyovetv.com:7051/;
AKRA FM = https://cdn3.akradyo.net/akracanli2/_definst_/livestream_aac/playlist.m3u8
AKSARAY FM = https://ssl.radyosfer.com/aksarayfm/stream | icon/aksaray_fm.jpg
AKSARAY KRAL FM = https://sslyayin.radyoyayini.com:7099/; | icon/aksaray_kral_fm.jpg
AKSARAY KRAL FM = https://stream.radyosfer.com/listen/aksaray_kral_fm/stream | icon/aksaray_kral_fm.jpg
AKUSTİKLAND = https://moondigitaledge.radyotvonline.net/akustikland/playlist.m3u8
ALEM FM = https://turkmedya.radyotvonline.net/alemfmaac | icon/alem_fm.jpg
ALEM FM = https://turkmedya.radyotvonline.com/turkmedya/alemfm.stream/playlist.m3u8 | icon/alem_fm.jpg
ALTIN ŞARKILAR = http://37.247.98.8/stream/25/
ALTIN ŞARKILAR = https://moondigitalmaster.radyotvonline.net/altinsarkilar/playlist.m3u8
ANKARA HAVALARI = http://37.247.98.8/stream/30/ | icon/ankara_havalari.jpg
ANKARA HAVALARI = https://moondigitalmaster.radyotvonline.net/ankarahavalari/playlist.m3u8 | icon/ankara_havalari.jpg
ANKARA ÜNİVERSİTESİ = http://radyo.cc.ankara.edu.tr:8089/;stream/1
ANTAKYA RADYO RENK = http://yayin1.yayindakiler.com:3016/renk
ARABESK ALEMİ = http://arabeskalemi.net:9300/stream?icy=http
ARABESK DAMAR FM = https://yayin.damarfm.com:8080/; | icon/arabesk_damar_fm.jpg
ARABESK FM = http://anadolu.liderhost.com.tr:6688/; | icon/arabesk_fm.jpg
ARABESK FM = https://anadolu.liderhost.com.tr:10949/; | icon/arabesk_fm.jpg
ARABESK FM BİZ = https://yayin.arabeskfm.biz:8042/stream?icy=http | icon/arabesk_fm_bİz.jpeg
ARABESK FM BİZ = http://dinle.arabeskradyo.biz:7446/; | icon/arabesk_fm_bİz.jpeg
ARABESK MELODİ FM = https://ssl224.radyotelekom.com.tr/listen/244cda65afe5c572a14c7bda85af6162
ARABESK VADİSİ = https://arabeskv.80.yayin.com.tr/; | icon/arabesk_vadİsİ.jpg
ARABESKLAND = https://moondigitalmaster.radyotvonline.net/arabeskland/playlist.m3u8 | icon/arabeskland.jpg
ARKADAŞ FM = http://yayin.yayindakiler.com:4134/;
ARNAVUTKÖY FM = https://arnavut2.80.yayin.com.tr/;
AŞK FM = http://yayin.asymedya.com:8020/1; | icon/aşk_fm.png
ATLANTİS FM = http://live4.radyotvonline.com:9400/;
AVRASYA TÜRK = https://sslyayin.netyayin.net:10909/; | icon/avrasya_türk.jpg
BABA RADYO = http://37.247.98.7/; | icon/baba_radyo.jpg
BABA RADYO = http://37.247.98.7/babaradyomp3 | icon/baba_radyo.jpg
BABA RADYO = http://46.20.7.116:80/; | icon/baba_radyo.jpg
BABA RADYO = http://46.20.7.116/babaradyoaac | icon/baba_radyo.jpg
BABA RADYO = https://babaradyo.turkhosted.com/best/babaradyo.stream/playlist.m3u8 | icon/baba_radyo.jpg
BABYLAND = https://moondigitaledge.radyotvonline.net/babyland/playlist.m3u8
BARIŞ RADYO = http://yayin2.canliyayin.org:9350/;
BARTIN FM = https://radyo.yayin.com.tr:5918/;
BAŞKA = https://playerservices.streamtheworld.com/api/livestream-redirect/BASKA_SC?/;
BATI RADYO = https://sslyayin.netyayin.net:10902/;
BAYRAM FM = https://sslyayin.netyayin.net/3442/stream
BEST FM = http://46.20.7.125/; | icon/best_fm.jpg
BEST FM = http://46.20.7.125/bestfmaac | icon/best_fm.jpg
BEST FM = http://46.20.7.126/; | icon/best_fm.jpg
BEST FM = http://46.20.7.126/bestfmmp3 | icon/best_fm.jpg
BEST FM = https://bestfm.turkhosted.com/; | icon/best_fm.jpg
BEST FM = https://babaradyo.turkhosted.com/best/bestfm.stream/playlist.m3u8 | icon/best_fm.jpg
BEST FM = http://37.247.100.100/best/bestfm.stream/playlist.m3u8 | icon/best_fm.jpg
BEYAZ MEDYA = http://radyo.yayin.com.tr:4012/;
BİGA FM = http://radyo.yayin.com.tr:5896/; | icon/bİga_fm.jpg
BİLECİK FM = http://bilecikfm.kesintisizyayin.com:9980/; | icon/bİlecİk_fm.jpg
BİLECİK RADYO 11 = http://95.173.161.131:9832/;
BİLECİK RADYO 11 = http://ip131.radyotelekom.com:9832/;
BİZ FM = https://radio.hostlab.net.tr:10973/; | icon/bİz_fm.jpg
BİZİM RADYO = https://ip132.ozelip.com:7017/stream?
BLOOMBERG HT RADYO = https://ciner-live.ercdn.net/bloombergradyo/bloombergradyo_1.m3u8
BOLU RADYO YANKI = https://radyoyanki.ozelip.com/9918/stream | icon/bolu_radyo_yanki.jpg
BORUSAN KLASIK = https://playerservices.streamtheworld.com/api/livestream-redirect/BORUSAN_KLASIK_SC?/; | icon/borusan_klasik.jpg
BOTAN FM = http://yayin1.canliyayin.org:8026/;
BRT BAYRAK FM = http://sc.brtk.net:8000/;
BRT BAYRAK INT = http://sc.brtk.net:8004/;
BRT BAYRAK KLASİK = http://sc.brtk.net:8006/;
BRT BAYRAK RADYO HABER = http://sc.brtk.net:8008/;
BRT BAYRAK RADYOSU = http://sc.brtk.net:8002/;
BRT BAYRAK TÜRK MÜZİĞİ = http://sc.brtk.net:8010/;
BURHANİYE SES RADYO = http://95.173.161.133:9350/;
BURSA GÜL FM = https://yayin2.canliyayin.org:10989/;
BURSA RADYO S = https://icecast.netmedya.net/radyos | icon/bursa_radyo_s.jpg
BURSA RADYO YÖREM = http://yorefm.radyotvyayini.com:9420/;
ÇAMLICA FM = http://camlicafm.ozelip.com:9314/;
CAN RADYO İzmir = http://yayin1.yayindakiler.com:3124/;
CAN RADYO Kayseri = https://ip132.ozelip.com:7040/; | icon/can_radyo_kayseri.jpg
CEMRE FM = http://yayin1.canliyayin.org:8024/;
CLASSICLAND = https://moondigitaledge.radyotvonline.net/classicland/playlist.m3u8
ÇORLU TEMPO FM = https://stream2.rtvtakip.com:7016/; | icon/çorlu_tempo_fm.jpg
DAMAR FM = https://yayin.damarfm.com:8080/; | icon/damar_fm.jpg
DAMAR TÜRK FM = https://live.radyositesihazir.com:10997/;
DAMAR TÜRK FM = https://live.radyositesihazir.com/7000/stream
DANCELAND = https://moondigitaledge.radyotvonline.net/danceland/playlist.m3u8 | icon/danceland.ico
DEDEMİN RADYOSU = https://anadolu.liderhost.com.tr:10976/;
DEM RADYO = https://yayin.radyodem.com:8000/stream/; | icon/dem_radyo.jpg
DENİZLİ BİZİM İLLER RADYO = http://yayin.yayindakiler.com:4078/;
DENİZLİ RADYO DEVA ARABESK = https://radyopanel.turkwebdizayn.com/8006/stream | icon/denİzlİ_radyo_deva_arabesk.jpeg
DENİZLİ RADYO DEVA OYUN HAVALARI = https://radyopanel.turkwebdizayn.com/8004/stream | icon/denİzlİ_radyo_deva_oyun_havalari.jpeg
DENİZLİ RADYO DEVA RAP = https://radyopanel.turkwebdizayn.com/8008/stream
DENİZLİ RADYO DEVA REMİX = https://radyopanel.turkwebdizayn.com/8016/stream | icon/denİzlİ_radyo_deva_remİx.jpg
DENİZLİ RADYO DEVA TÜRKÇE POP = https://radyopanel.turkwebdizayn.com/8018/stream | icon/denİzlİ_radyo_deva_türkçe_pop.jpg
DENİZLİ RADYO DEVA TÜRKÜ = https://radyopanel.turkwebdizayn.com:7006/stream | icon/denİzlİ_radyo_deva_türkü.jpg
DENİZLİ RADYO DEVA YABANCI = https://radyopanel.turkwebdizayn.com/8012/stream | icon/denİzlİ_radyo_deva_yabanci.jpg
DİJİTAL RADYO = https://anadolu.liderhost.com.tr:10961/; | icon/dİjİtal_radyo.jpg
DISCOLAND = https://moondigitaledge.radyotvonline.net/discoland/playlist.m3u8
DİYANET KURAN RADYO = https://eustr73.mediatriple.net/videoonlylive/mtikoimxnztxlive/broadcast_5e3c14192aa92.smil/playlist.m3u8 | icon/dİyanet_kuran_radyo.jpg
DİYANET RADYO = https://eustr73.mediatriple.net/videoonlylive/mtikoimxnztxlive/broadcast_5e3c1171d7d2a.smil/playlist.m3u8 | icon/dİyanet_radyo.jpg
DİYANET RİSALET RADYO = https://eustr73.mediatriple.net/videoonlylive/mtikoimxnztxlive/broadcast_5e3c1520b2626.smil/playlist.m3u8
DİYARBAKIR AMED RADYO = http://radyo.amedradyotv.net:8000/;
DİYARBAKIR DOĞAN 21 FM = http://yayin1.yayindakiler.com:3024/;
DOKSANLAR = https://moondigitaledge.radyotvonline.net/radyolanddoksanlar/playlist.m3u8
DOST FM Ankara = http://yayin.dostfm.com:8920/;
DREAMTÜRK FM = https://radyo.duhnet.tv/dreamturk
EASYLAND = https://moondigitaledge.radyotvonline.net/easyland/playlist.m3u8
EFSANE 4'LÜ = http://37.247.98.8/stream/19/
EFSANE 4'LÜ = https://moondigitalmaster.radyotvonline.net/efsane4lu/playlist.m3u8
EGE HAVALARI = http://37.247.98.8/stream/29/ | icon/ege_havalari.jpg
EGE HAVALARI = https://moondigitalmaster.radyotvonline.net/egehavalari/playlist.m3u8 | icon/ege_havalari.jpg
EKİN RADYO = http://yayin.turkhosted.com:6006/; | icon/ekİn_radyo.jpg
ELAZIĞ RADYO HAZAR = http://radyo.yayin.com.tr:8286/; | icon/elaziğ_radyo_hazar.jpg
ELAZIĞ RADYO KENT = http://yayin.yayindakiler.com:4044/;
ELBİSTAN RADYO UMUT = http://yayin.canliyayin.org:8892/;
ENDERUN FM = http://yayin2.canliyayin.org:7052/; | icon/enderun_fm.png
ERCİŞ FM = https://anadolu.liderhost.com.tr:10970/;
EREĞLİ DEMOKRAT FM = https://sonic.dcnet.com.tr/8078/stream | icon/ereğlİ_demokrat_fm.jpg
ERKAM RADYO = https://yayin2.canliyayin.org:10910/stream? | icon/erkam_radyo.png
ERZİNCAN İNCİTEK FM = http://yayin2.yayindakiler.com:4204/;
ERZİNCAN RADYO DOST = http://yayin1.yayindakiler.com:3156/;
ERZİNCAN RADYO TEK = http://yayin2.yayindakiler.com:4202/;
ESAS RADYO = http://yayin.turkhosted.com:6034/;
FENOMEN = https://live.radyofenomen.com/fenomen/128/icecast.audio | icon/fenomen.png
FENOMEN = https://live.radyofenomen.com/fenomen/abr/fenomen/256/chunks.m3u8 | icon/fenomen.png
FENOMEN AKUSTİK = https://live.radyofenomen.com/fenomenakustik/128/icecast.audio | icon/fenomen_akustİk.jpg
FENOMEN AKUSTİK = https://live.radyofenomen.com/fenomenakustik/abr/fenomenakustik/128/chunks.m3u8 | icon/fenomen_akustİk.jpg
FENOMEN CLUBBİN = https://live.radyofenomen.com/fenomenclubbin/128/icecast.audio | icon/fenomen_clubbİn.jpg
FENOMEN CLUBBİN = https://live.radyofenomen.com/fenomenclubbin/abr/fenomenclubbin/128/chunks.m3u8 | icon/fenomen_clubbİn.jpg
FENOMEN DANS = https://live.radyofenomen.com/fenomendans/128/icecast.audio | icon/fenomen_dans.jpg
FENOMEN DANS = https://live.radyofenomen.com/fenomendans/abr/fenomendans/128/chunks.m3u8 | icon/fenomen_dans.jpg
FENOMEN KARIŞIK = https://live.radyofenomen.com/fenomenkarisik/128/icecast.audio | icon/fenomen_karişik.jpg
FENOMEN KARIŞIK = https://live.radyofenomen.com/fenomenkarisik/abr/fenomenkarisik/128/chunks.m3u8 | icon/fenomen_karişik.jpg
FENOMEN ORİENTAL = https://live.radyofenomen.com/fenomenoriental/abr/fenomenoriental/128/chunks.m3u8
FENOMEN POP = https://live.radyofenomen.com/fenomenpop/128/icecast.audio | icon/fenomen_pop.jpg
FENOMEN POP = https://live.radyofenomen.com/fenomenpop/abr/fenomenpop/128/chunks.m3u8 | icon/fenomen_pop.jpg
FENOMEN TÜRK = https://live.radyofenomen.com/fenomenturk/128/icecast.audio | icon/fenomen_türk.jpg
FENOMEN TÜRK = https://live.radyofenomen.com/fenomenturk/abr/fenomenturk/256/chunks.m3u8 | icon/fenomen_türk.jpg
FLOW = https://moondigitaledge.radyotvonline.net/flow/playlist.m3u8 | icon/flow.ico
FM 23 Elazığ = http://radyo.yayin.com.tr:8280/;
GAP FM = https://anadolu.liderhost.com.tr:10891/;
GARAJ RADYO = http://ssl3.radyotvonline.com/radyoland/garajradyo.stream/playlist.m3u8
GAZİANTEP RADYO KİLİM = http://yayin.netyayin.net:2727/; | icon/gazİantep_radyo_kİlİm.jpg
GEBZE FM = http://gebzefm.radyotvyayini.com:9530/; | icon/gebze_fm.jpg
GEBZE GÜL FM = http://yayin2.canliyayin.org:8866/;
GECEKUŞU FM = https://radyo1.radyo-dinle.tc:7053/;
GENÇ KRAL FM = https://anadolu.liderhost.com.tr/8090/; | icon/genç_kral_fm.jpeg
GENÇ KRAL FM = https://anadolu.liderhost.com.tr:10991/; | icon/genç_kral_fm.jpeg
GENÇ RADYO = http://dijimedya.radyotvonline.net/gncradyo
GENÇ RADYO TSM = http://yayin.turkhosted.com:6030/;
GİMSA RADYO = http://yayin.canliyayin.org:9482/; | icon/gİmsa_radyo.jpg
GÖKKUŞAĞI RADYO = http://gokkusagiradyo.kesintisizyayin.com:8008/;
GOLD FM = http://dijimedya.radyotvonline.net/goldfm | icon/gold_fm.jpg
GOLD TÜRK = http://dijimedya.radyotvonline.net/goldturk
GÖZDE FM = https://gozdefm.80.yayin.com.tr/;
GÖZDE FM = http://gozdefm.canliyayinda.com:5952/;
GÖZYAŞI FM = http://yayin1.canliyayin.org:8700/;
GREEKLAND = https://moondigitaledge.radyotvonline.net/greekland/playlist.m3u8
GÜL RADYO = http://yayin2.canliyayin.org:8866/;
GURDEK FM = https://anadolu.liderhost.com.tr/8112/;
GURDEK FM = https://anadolu.liderhost.com.tr:10940/;
HAKKARİ FM = https://radyo.slmbilisim.net/8004/stream; | icon/hakkarİ_fm.jpeg
HAKTAN FM = https://anadolu.liderhost.com.tr:10980/;
HAKTAN FM = http://anadolu.liderhost.com.tr:3696/;
HAMSİ FM = https://anadolu.liderhost.com.tr/8028/stream | icon/hamsİ_fm.jpeg
HATAY AKDENİZ FM = http://yayin.netyayin.net:7077/; | icon/hatay_akdenİz_fm.jpg
HATAY SÜPER SHOW RADYO = http://yayin.netyayin.net:6065/;
HAYAL FM = http://yayin.radyohayalfm.net:8050/;
HAYATMİX = http://hayatmix.net:80/;
HAYATMİX REMİX = https://hayatmix.yayin.com.tr/;
HEDEF RADYO = http://wowza.radyogrup.com:4010/;
HİSAR FM = http://dinle.hisarfm.net:9621/; | icon/hİsar_fm.jpg
HİT FM Elazığ = http://yayin.turkiletisim.com.tr:1094/;
HOME KLASİK = https://ssl4.radyotvonline.com/radyohome/klasikhome.stream_aac/playlist.m3u8 | icon/home_klasİk.jpg
HOS MİX = https://anadolu.liderhost.com.tr:10871/;
HOUSELAND = https://moondigitaledge.radyotvonline.net/houseland/playlist.m3u8
IĞDIR FM = http://yayin2.yayindakiler.com:4158/; | icon/iğdir_fm.jpg
IMBAT FM = http://38.96.148.39:8746/;
İSPARTA ARKADAŞ FM = http://yayin.yayindakiler.com:4134/;
İSRA FM = http://yayin1.canliyayin.org:8210/;
İSTANBUL KENT FM = http://46.20.7.101/stream/267/; | icon/İstanbul_kent_fm.jpeg
İTÜ JAZZ - BLUES = http://160.75.86.29:8088/stream/3/
İTÜ KLASİK MUSİC = http://160.75.86.29:8088/stream/5/
İTÜ RADYOSU ROCK = http://160.75.86.29:8088/stream/1/
JAZZLAND = https://moondigitaledge.radyotvonline.net/jazzland/playlist.m3u8
JOY JAZZ = https://playerservices.streamtheworld.com/api/livestream-redirect/JOY_JAZZ_SC?/;
JOY TURK = https://playerservices.streamtheworld.com/api/livestream-redirect/JOY_TURK_SC?/;
JOYTURK ROCK = https://playerservices.streamtheworld.com/api/livestream-redirect/JOYTURK_ROCK_SC?/;
KAFA RADYO = https://moondigitalmaster.radyotvonline.net/kafaradyo/playlist.m3u8 | icon/kafa_radyo.jpg
KAFA RADYO = https://moondigitaledge2.radyotvonline.net/kafaradyo/playlist.m3u8 | icon/kafa_radyo.jpg
KAMPUS FM = http://193.255.97.57/;
KARADENİZ AKUSTİK = https://karadenizakustik.radyotvonline.net/;
KARADENİZ FM = https://wowza1.radyotvonline.com/unitedmedia/karadenizfm.stream/playlist.m3u8 | icon/karadenİz_fm.jpeg
KARADENİZ FM = https://moondigitalmaster.radyotvonline.net/karadenizfm/playlist.m3u8 | icon/karadenİz_fm.jpeg
KARMA TÜRK FM = https://yayin.radyomadyo.com:8006/stream | icon/karma_türk_fm.jpg
KLAS RADİO = https://anadolu.liderhost.com.tr:10929/;
KLASİK HOME = http://37.247.98.8/stream/32/
KLASİK HOME = https://moondigitalmaster.radyotvonline.net/klasikhome/playlist.m3u8
KONYA FM = https://ssl.radyosfer.com/konyafm/stream | icon/konya_fm.jpg
KONYA RADYO EN = http://yayin2.canliyayin.org:7222/;
KONYA TİRYAKİ FM = http://yayin.turkhosted.com:6056/;
KORDON FM = http://38.96.148.39:8588/; | icon/kordon_fm.jpg
KORDON FM = http://38.96.148.39:8846/; | icon/kordon_fm.jpg
KÖRFEZ FM Edremit = http://159.253.39.180:9954/; | icon/körfez_fm_edremit.jpg
KRAL FM = http://46.20.3.204/; | icon/kral_fm.jpg
KRAL FM = http://kralwmp.radyotvonline.com/; | icon/kral_fm.jpg
KRAL FM = http://kraltunes.radyotvonline.com/; | icon/kral_fm.jpg
KRAL FM = https://ssldyg.radyotvonline.com/smil/smil:kralfm.smil/playlist.m3u8 | icon/kral_fm.jpg
KRAL FM = https://ssldyg2.radyotvonline.com/dyg/kralfm64.stream/playlist.m3u8 | icon/kral_fm.jpg
KRAL FM = https://dygedge2.radyotvonline.net/kralfm/playlist.m3u8 | icon/kral_fm.jpg
KRAL POP = http://46.20.3.201/; | icon/kral_pop.png
KRAL POP = http://kralpopwmp.radyotvonline.com/; | icon/kral_pop.png
KRAL POP = http://kralpoptunes.radyotvonline.com/; | icon/kral_pop.png
KRAL POP = https://ssldyg.radyotvonline.com/smil/smil:kralpop.smil/playlist.m3u8 | icon/kral_pop.png
KRAL POP = https://ssldyg2.radyotvonline.com/dyg/kralpop64.stream/playlist.m3u8 | icon/kral_pop.png
KRAL POP = https://dygedge.radyotvonline.net/kralpop/playlist.m3u8 | icon/kral_pop.png
KRAL TÜRK FM = https://live.radyositesihazir.com/8032/stream
KÜPE FM = https://icecast.netmedya.net/kupefm | icon/küpe_fm.jpg
KURAN MEAL RADYO = http://37.247.98.8/stream/33/ | icon/kuran_meal_radyo.jpg
KURDİ FM = https://anadolu.liderhost.com.tr:10939/;
KUŞADASI 105 FM = https://ssl.radyosfer.com/kusadasi105fm/stream
KUŞADASI RADYO NET = http://91.134.25.37:9336/;
KUZEY FM = http://yayin.yayindakiler.com:3028/;
LALEGÜL FM = https://icecast.netmedya.net/lalegulfm
LİDER FM = https://wowza1.radyotvonline.com/shoutcast/liderfm.stream/chunklist.m3u8
LİG RADYO = https://ligradyo.radyotvonline.net/ligradyo | icon/lİg_radyo.jpeg
LİG RADYO = https://turkmedya.radyotvonline.com/turkmedya/ligradyo.stream/playlist.m3u8 | icon/lİg_radyo.jpeg
LOKUM FM = http://37.247.98.9/stream/493/; | icon/lokum_fm.jpg
LÜLEBURGAZ FM = http://radyo.yayindakiler.com:3122/; | icon/lüleburgaz_fm.jpeg
MAGİC FM = http://yayin1.yayindakiler.com:3032/;
MALATYA GROSS FM = https://radyo1.radyo-dinle.tc:7015/;
MAVİ GECE FM = https://ip169.ozelip.com:10998/;
MAZİDEN BİR DEMET = http://37.247.98.8/stream/24/ | icon/mazİden_bİr_demet.jpg
MAZİDEN BİR DEMET = https://moondigitalmaster.radyotvonline.net/mazidenbirdemet/playlist.m3u8 | icon/mazİden_bİr_demet.jpg
MEDİNE FM = http://radyomuz.medinefm.net:9786/;
MELENKOLİK HOME = http://37.247.98.8/stream/20/ | icon/melenkolİk_home.jpg
MELENKOLİK HOME = https://moondigitalmaster.radyotvonline.net/melankolikhome/playlist.m3u8 | icon/melenkolİk_home.jpg
MELODİ FM = https://radyomelodi.80.yayin.com.tr/;
MERKEZ FM Samsun = http://uydu.radyotvyayini.com:8016/; | icon/merkez_fm_samsun.jpeg
MERKEZ FM Samsun = https://sslyayin.radyoyayini.com:7007/stream | icon/merkez_fm_samsun.jpeg
MERSİN ÜNİVERSİTESİ RADYOSU = http://radyo.mersin.edu.tr:8000/meu
METEOROLOJİNİN SESİ RADYOSU = http://radyomgm.canliyayinda.com/;
METEOROLOJİNİN SESİ RADYOSU = http://meteor.canliyayinda.com/;
METRO FM = https://playerservices.streamtheworld.com/api/livestream-redirect/METRO_FM_SC?/; | icon/metro_fm.jpg
MEZOPOTAMYA RADYO = https://anadolu.liderhost.com.tr:10965/; | icon/mezopotamya_radyo.jpg
MİX FM = https://ssl.radyosfer.com/mixfm/stream
MUTLU FM = http://mutlufm.canliyayinda.com:2828/;stream.nsv
MUTLU FM = https://radyo.yayin.com.tr:2828//;
MÜZEYYEN = https://moondigitaledge.radyotvonline.net/muzeyyen/playlist.m3u8 | icon/müzeyyen.jpg
MÜZEYYEN = http://46.20.4.34/radyoland/muzeyyen.stream/playlist.m3u8 | icon/müzeyyen.jpg
NAZİLLİ RADYO MEGA = http://radyo.yayin.com.tr:4052/;
NAZİLLİ RADYO ÖZDEN = https://wowza1.radyotvonline.com/shoutcast/radyoozden.stream/playlist.m3u8 | icon/nazİllİ_radyo_özden.jpg
NEBİ FM = https://anadolu.liderhost.com.tr:10901/;
NEŞTER RADYO = https://sslyayin.netyayin.net:10929//; | icon/neşter_radyo.jpg
NTV RADYO = http://ntvrdwmp.radyotvonline.com/; | icon/ntv_radyo.jpg
NTV RADYO = http://ntvrdtunes.radyotvonline.com/; | icon/ntv_radyo.jpg
NTV RADYO = https://dygedge.radyotvonline.net/ntvradyo/playlist.m3u8 | icon/ntv_radyo.jpg
NTV RADYO = http://ntvrdfms.radyotvonline.com/smil/smil:ntvradyo.smil/playlist.m3u8 | icon/ntv_radyo.jpg
NTV RADYO = https://rto.turkhosted.com/smil/smil:ntvradyo.smil/playlist.m3u8 | icon/ntv_radyo.jpg
NTV RADYO = https://ssldyg.radyotvonline.com/smil/smil:ntvradyo.smil/playlist.m3u8 | icon/ntv_radyo.jpg
NUMBER ONE CLASSİC = https://n10101m.mediatriple.net/classic
NUMBER ONE DANCE = https://n10101m.mediatriple.net/dance
NUMBER ONE DİSCO = https://n10101m.mediatriple.net/disco
ONUR RADYO = https://anadolu.liderhost.com.tr/8094/stream | icon/onur_radyo.jpg
ORDU FM = https://radyo1.radyo-dinle.tc/8098/;
OSMANİYE RADYO 80 = http://yayin2.yayindakiler.com:4064/; | icon/osmanİye_radyo_80.jpg
OSTİM RADYO = https://stream.netradyom.com/radio/8010/radio.mp3 | icon/ostİm_radyo.jpg
ÖZEL FM = https://ozelfm.80.yayin.com.tr/;stream
ÖZGÜR RADYO = https://ssl.radyosfer.com/radyoozgur/stream | icon/özgür_radyo.jpg
ÖZLEM FM = http://yayin.turkiletisim.com.tr:1080/; | icon/özlem_fm.jpg
PAL DOĞA = http://shoutcast.radyogrup.com:1040/; | icon/pal_doğa.ico
PAL DOĞA = https://ssl4.radyotvonline.com/radyohome/paldogahome.stream_aac/playlist.m3u8 | icon/pal_doğa.ico
PAL FM = http://shoutcast.radyogrup.com:1030/; | icon/pal_fm.ico
PAL FM = https://moondigitalmaster.radyotvonline.net/palfm/playlist.m3u8 | icon/pal_fm.ico
PAL NOSTALJİ = http://shoutcast.radyogrup.com:1010/;
PAL NOSTALJİ = https://ssl4.radyotvonline.com/radyohome/palnostaljihome.stream_aac/playlist.m3u8
PAL NOSTALJİ = https://moondigitalmaster.radyotvonline.net/palnostalji/playlist.m3u8
PARK FM = http://yayin.netradyom.com:8050/PARKFM/; | icon/park_fm.jpg
PAZARCIK FM = http://yayin.pazarcikfm.com:9090/;
PAZARCIK FM = https://anadolu.liderhost.com.tr/9090/stream
PAZARCIK FM 2 = https://anadolu.liderhost.com.tr/9092/stream | icon/pazarcik_fm_2.jpg
PAZARCIK FM 3 = https://anadolu.liderhost.com.tr/9094/stream | icon/pazarcik_fm_3.jpg
PAZARCIK FM 3 INT = https://anadolu.liderhost.com.tr:10934/;
PLAY FM = http://live.playfm.com.tr:9050/;stream/1 | icon/play_fm.jpg
PODNET RADYO = https://radyo1.radyo-dinle.tc:7046/;
POP HOME = https://moondigitalmaster.radyotvonline.net/pophome/playlist.m3u8 | icon/pop_home.jpg
POP HOME = https://ssl4.radyotvonline.com/radyohome/pophome.stream_aac/playlist.m3u8 | icon/pop_home.jpg
POPLAND = https://moondigitaledge.radyotvonline.net/popland/playlist.m3u8
POPÜLER FM = https://anadolu.liderhost.com.tr:10919/; | icon/popüler_fm.jpg
POPÜLER FM = http://37.59.205.232:9344/; | icon/popüler_fm.jpg
POWER DANCE = https://listen.powerapp.com.tr/powerdance/abr/powerdance/128/playlist.m3u8 | icon/power_dance.jpg
POWER DEEP = https://listen.powerapp.com.tr/powerdeep/abr/powerdeep/128/playlist.m3u8 | icon/power_deep.jpg
POWER FM = https://live.powerapp.com.tr/powerfm/abr/playlist.m3u8 | icon/power_fm.jpg
POWER GOLD = https://live.powerapp.com.tr/powergold/abr/powergold/128/playlist.m3u8 | icon/power_gold.jpg
POWER GREECE = https://listen.powerapp.com.tr/powergreece/abr/powergreece/128/playlist.m3u8 | icon/power_greece.jpg
POWER LOVE = https://listen.powerapp.com.tr/powerlove/abr/powerlove/128/playlist.m3u8 | icon/power_love.jpg
POWER PLUS = https://listen.powerapp.com.tr/powerplus/abr/powerplus/128/playlist.m3u8 | icon/power_plus.jpg
POWER POP = https://listen.powerapp.com.tr/powerpop/abr/powerpop/128/playlist.m3u8 | icon/power_pop.jpg
POWER SMOOTH JAZZ = https://listen.powerapp.com.tr/powersmoothjazz/abr/powersmoothjazz/128/playlist.m3u8 | icon/power_smooth_jazz.jpg
POWER XL = https://listen.powerapp.com.tr/powerextralounge/abr/powerextralounge/96/playlist.m3u8 | icon/power_xl.jpg
POWERTÜRK AKUSTİK = https://listen.powerapp.com.tr/powerturkakustik/abr/powerturkakustik/128/playlist.m3u8 | icon/powertürk_akustİk.jpg
POWERTÜRK DANS = https://listen.powerapp.com.tr/powerturkdans/abr/powerturkdans/128/playlist.m3u8
POWERTÜRK FM = https://live.powerapp.com.tr/powerturk/abr/powerturk/128/playlist.m3u8 | icon/powertürk_fm.jpg
POWERTÜRK RAP = https://listen.powerapp.com.tr/powerturkrap/abr/powerturkrap/128/playlist.m3u8
RADİO 5 = https://radiotrc.80.yayin.com.tr/stream | icon/radİo_5.jpg
RADİO 5 Legend = http://radiocom.80.yayin.com.tr/stream
RADİO LİFE = http://yayin2.canliyayin.org:8698/; | icon/radİo_lİfe.jpg
RADIO LIGHT = https://yayin.radiolight.net:8005/live | icon/radio_light.jpg
RADİO NET = https://anadolu.liderhost.com.tr:10983/; | icon/radİo_net.jpg
RADİO NET ARABESK = https://anadolu.liderhost.com.tr:10981/;
RADYO 08 = http://yayin.netyayin.net:8008/;
RADYO 13 = http://yayin1.yayindakiler.com:3050/; | icon/radyo_13.jpeg
RADYO 20 = http://www.radyo20.com.tr:9180/; | icon/radyo_20.jpeg
RADYO 2000 = http://stream.taksimbilisim.com:8004/;
RADYO 2000 Erzincan = http://yayin1.yayindakiler.com:3030/; | icon/radyo_2000_erzincan.jpeg
RADYO 2000 FM İstanbul = http://radyo2000.radyomhd.com:1100/;
RADYO 2000 FM Osmaniye = http://sslyayin.netyayin.net:8006/; | icon/radyo_2000_fm_osmaniye.jpg
RADYO 2000 FM Osmaniye = https://sslyayin.netyayin.net:10915/; | icon/radyo_2000_fm_osmaniye.jpg
RADYO 34 = http://yayin2.canliyayin.org:7424/; | icon/radyo_34.jpg
RADYO 34 = https://yayin2.canliyayin.org:10959/; | icon/radyo_34.jpg
RADYO 37 = http://yayin1.yayindakiler.com:3192/; | icon/radyo_37.jpg
RADYO 38 = https://anadolu.liderhost.com.tr:10892/;
RADYO 44 = http://radyo44.80.yayin.com.tr/; | icon/radyo_44.jpg
RADYO 45LİK = https://stream.radyo45lik.com:4545/stream | icon/radyo_45lİk.jpg
RADYO 7 = http://46.20.3.250/; | icon/radyo_7.jpg
RADYO 7 = http://46.20.3.251/stream/169/ | icon/radyo_7.jpg
RADYO 7 = https://moondigitalmaster2.radyotvonline.net/radyo7/playlist.m3u8 | icon/radyo_7.jpg
RADYO 7 = http://radyo7hls.radyotvonline.net/radyo7/radyo7_test.stream/playlist.m3u8 | icon/radyo_7.jpg
RADYO 71 = http://radyo.yayin.com.tr:5924/stream/; | icon/radyo_71.jpg
RADYO 75 = https://anadolu.liderhost.com.tr/8126/stream | icon/radyo_75.jpeg
RADYO 80 = http://yayin2.yayindakiler.com:4064/;
RADYO 81 = http://yayin.turkhosted.com:3030/; | icon/radyo_81.jpg
RADYO A = https://listen.powerapp.com.tr/radyoa/mpeg/icecast.audio | icon/radyo_a.jpg
RADYO ACTİVE = http://yayin1.yayindakiler.com:3164/;
RADYO AKDENİZ Antalya = https://yayin.radyoakdeniz.com/9470/stream? | icon/radyo_akdenİz_antalya.jpg
RADYO ALATURKA = https://yayin.jumboserver.net:9100/stream | icon/radyo_alaturka.png
RADYO ALİS = https://anadolu.liderhost.com.tr:10946/; | icon/radyo_alİs.jpeg
RADYO ALPERENCE = https://anadolu.liderhost.com.tr:10932/;
RADYO ARABESK = https://yayin.radyoarabesk.com.tr:8000/stream | icon/radyo_arabesk.jpg
RADYO ARGUVAN = https://radyo1.radyo-dinle.tc:7041/stream?type=http&nocache=23 | icon/radyo_arguvan.jpeg
RADYO AYVALIK = https://radyo1.radyo-dinle.tc:7002/; | icon/radyo_ayvalik.jpeg
RADYO BANKO = http://yayin.netradyom.com:9910/RADYOBANKO | icon/radyo_banko.jpg
RADYO BAŞAKŞEHİR = https://icecast.netmedya.net/rbasaksehir | icon/radyo_başakşehİr.jpeg
RADYO BAŞKENT = http://212.174.58.161:8000/adana | icon/radyo_başkent.jpg
RADYO BİZİM FM = http://radyo.radyobizimfm.com:9212/; | icon/radyo_bİzİm_fm.jpg
RADYO ÇANAKKALE = https://ssl.radyosfer.com/radyocanakkale/stream?
RADYO D = https://radyo.duhnet.tv/radyod | icon/radyo_d.jpg
RADYO DELTA = https://anadolu.liderhost.com.tr:10954/; | icon/radyo_delta.jpg
RADYO DENGE = https://anadolu.liderhost.com.tr:10930/;
RADYO DORUK = https://yayin5.radyohizmeti.com/8034/;stream | icon/radyo_doruk.jpeg
RADYO DUBLE = https://anadolu.liderhost.com.tr:10894/;
RADYO DUYGUSAL = https://player.web.tr/listen/20e42cb2835b7e86a72a1e9e0f06d2dd | icon/radyo_duygusal.jpeg
RADYO EFLATUN = https://radyo1.radyo-dinle.tc:7037/;
RADYO EGE = http://stream2.taksimbilisim.com:8010/; | icon/radyo_ege.jpg
RADYO EGE = https://edge1.socialsmart.tv/radyoege/bant1/icecast.audio | icon/radyo_ege.jpg
RADYO EGENİN SESİ = http://dijimedya.radyotvonline.net/radyoegeninsesi
RADYO EKSEN = http://eksenwmp.radyotvonline.com/; | icon/radyo_eksen.jpg
RADYO EKSEN = https://ssldyg.radyotvonline.com/pozitif/smil:eksen.smil/playlist.m3u8 | icon/radyo_eksen.jpg
RADYO EN Konya = http://yayin2.canliyayin.org:7222/;
RADYO ENERJİ = https://trkvz-radyolar.ercdn.net/radyoenergy/playlist.m3u8 | icon/radyo_enerjİ.jpg
RADYO ERKAN = http://stream.radyolarburada.com:8095//;
RADYO FLASH Aydın = http://yayin.yayindakiler.com:4096/; | icon/radyo_flash_aydın.jpeg
RADYO FLASH Aydın = https://radyo.yayindakiler.com/stream/aydinflas/stream | icon/radyo_flash_aydın.jpeg
RADYO FSM = http://yayin2.canliyayin.org:8050/; | icon/radyo_fsm.jpeg
RADYO GEDİK = https://radyo-t.gedik.edu.tr/stream.mp3?ver=19976 | icon/radyo_gedİk.jpeg
RADYO GERCEK SAMSUN = http://ssl120.radyotelekom.com.tr:8198/; | icon/radyo_gercek_samsun.jpeg
RADYO GİREBİ = https://ssl123.ozelip.com/8066/; | icon/radyo_gİrebİ.jpeg
RADYO GOL = https://wowza1.radyotvonline.com/unitedmedia/radyogol.stream/playlist.m3u8 | icon/radyo_gol.jpg
RADYO GÖZDE FM = https://gozdefm.80.yayin.com.tr/;
RADYO GÜL = http://yayin2.canliyayin.org:8866/;
RADYO GÜLÜSTAN = https://anadolu.liderhost.com.tr:10967/;
RADYO GÜNBATI = http://radyogunbati.ozelip.com:9890/; | icon/radyo_günbati.jpeg
RADYO HACETTEPE = http://193.140.237.20:8000/;
RADYO HAYAT = http://live4.radyotvonline.com:9450/;
RADYO HAYAT Amasya = https://ssl.radyosfer.com/8072/stream | icon/radyo_hayat_amasya.jpeg
RADYO HİLTON = https://radyo1.radyo-dinle.tc:7001/; | icon/radyo_hİlton.jpeg
RADYO İLAHİ = https://anadolu.liderhost.com.tr:10994/;
RADYO İMPARATOR = http://yayin.yayindakiler.com:4042/;
RADYO İMZA = https://anadolu.liderhost.com.tr:10952/; | icon/radyo_İmza.jpeg
RADYO İZMİR FM = https://usa4.fastcast4u.com/proxy/radyoizmirfm?mp=/mp3stream128
RADYO İZMİR FM = http://usa4.fastcast4u.com:5414/;
RADYO K = http://yayin2.canliyayin.org:8200/; | icon/radyo_k.ico
RADYO KABE = https://anadolu.liderhost.com.tr:10955/;
RADYO KALPLERİN SESİ = https://anadolu.liderhost.com.tr:10873/;
RADYO KARADENİZ = https://radyo1.radyo-dinle.tc/8138/stream | icon/radyo_karadenİz.jpeg
RADYO KARADENİZ = https://ssl.radyosfer.com:7076//; | icon/radyo_karadenİz.jpeg
RADYO KENT = https://radyo1.radyo-dinle.tc:7060/; | icon/radyo_kent.jpg
RADYO Kİ = http://radyoki.kocaeli.edu.tr:8000/; | icon/radyo_kİ.jpeg
RADYO KURAN = https://anadolu.liderhost.com.tr:10995/;
RADYO LİVA = https://ssl.radyosfer.com/radyoliva/stream | icon/radyo_lİva.jpeg
RADYO LOJİK = http://ip20.ozelip.com:9710/;
RADYO MAKARA = https://ip169.ozelip.com:10998/;
RADYO MASTİKA = http://radyo.yayin.com.tr:5950/; | icon/radyo_mastİka.jpeg
RADYO MEAL = https://anadolu.liderhost.com.tr:10993/;
RADYO MEGA = http://radyomega.ozelip.com:8210/;
RADYO MEGASİTE = http://mega.netradyom.com:7900/; | icon/radyo_megasİte.jpg
RADYO MEGASİTE = http://yayin.netradyom.com:7900/; | icon/radyo_megasİte.jpg
RADYO MEGASİTE = https://stream.radyosfer.com/listen/mega_site/stream | icon/radyo_megasİte.jpg
RADYO MİX = http://radyo.yayin.com.tr:4050/stream/2/;
RADYO MODOKO = https://sslyayin.radyoyayini.com:7002/;
RADYO MUĞLA = http://yayin.yayindakiler.com:3006/; | icon/radyo_muğla.jpeg
RADYO MUHABBET = https://radyo1.radyo-dinle.tc:7051/;
RADYO MUSİKİ = http://dijimedya.radyotvonline.net/radyomusiki | icon/radyo_musİkİ.jpeg
RADYO NİKOMEDYA = https://sslyayin.radyoyayini.com:7091//;
RADYO NİSBET = https://anadolu.liderhost.com.tr:10875/; | icon/radyo_nİsbet.jpeg
RADYO ONLİNE TÜRK = https://anadolu.liderhost.com.tr:10960/; | icon/radyo_onlİne_türk.jpeg
RADYO ORJİNAL = https://anadolu.liderhost.com.tr:10938/; | icon/radyo_orjİnal.jpeg
RADYO OTOMOBİL = http://srv2.streaming-ingenierie.fr:8160/;
RADYO PLAY = http://radyo1.radyo-dinle.tc:8036/;
RADYO SAHİL = https://radyo1.radyo-dinle.tc/8056/; | icon/radyo_sahİl.jpg
RADYO ŞANLI = https://radyo1.radyo-dinle.tc:7020/;
RADYO ŞEKER = https://ssl.radyosfer.com/radyoseker/stream | icon/radyo_şeker.jpg
RADYO SEKK = https://radyo1.radyo-dinle.tc:7003/;
RADYO SENAM = http://yayin2.canliyayin.org:7070/;
RADYO SES = https://oyunzade.yayin.com.tr/stream
RADYO SES Eskişehir = http://live2.radyotvonline.com:8095/; | icon/radyo_ses_eskişehir.jpg
RADYO SEYHAN Adana = https://stream.radyodinle.stream/listen/radyo_seyhan/stream
RADYO SEYMEN = https://yayin.radyoseymen.com.tr:1070/stream | icon/radyo_seymen.jpg
RADYO SLAYT = https://live.radyo.in/8050/stream
RADYO SOFT = https://trkvz-radyolar.ercdn.net/radyosoft/playlist.m3u8
RADYO SPACE = https://anadolu.liderhost.com.tr:10914/;
RADYO SPOR = https://ssl4.radyotvonline.com/radyohome/radyosporhome.stream_aac/playlist.m3u8 | icon/radyo_spor.jpg
RADYO TATLISES = https://sslyayin.radyoyayini.com:7009/default | icon/radyo_tatlises.jpg
RADYO TEK Erzincan = http://yayin2.yayindakiler.com:4202/; | icon/radyo_tek_erzincan.jpeg
RADYO Tİ = https://anadolu.liderhost.com.tr:10968/;
RADYO Tİ = http://37.59.205.232:8040/;
RADYO TOKAT = http://radyo.yayin.com.tr:5908/; | icon/radyo_tokat.jpeg
RADYO TRAFİK = https://ssl4.radyotvonline.com/radyohome/radyotrafikhome.stream_aac/playlist.m3u8 | icon/radyo_trafİk.jpg
RADYO TRAFİK Ankara = http://37.247.100.118/stream/462/
RADYO TRAFİK İSTANBUL = http://37.247.100.118/stream/157/
RADYO TURAN = https://anadolu.liderhost.com.tr:10996/;
RADYO TÜRK HAREKETİ = http://radyo.yayin.com.tr:6056/stream
RADYO TÜRKİYEM Tokat = http://yayin.turkiletisim.com.tr:9207/;
RADYO TÜRKÜ = http://radyo.turkuradyo.net:4591/;
RADYO TURKUVAZ = https://trkvz-radyolar.ercdn.net/radyoturkuvaz/playlist.m3u8
RADYO VİVA = http://46.20.3.231:80/; | icon/radyo_vİva.jpg
RADYO VİVA = https://moondigitaledge.radyotvonline.net/radyoviva/playlist.m3u8 | icon/radyo_vİva.jpg
RADYO VİVA = https://ssl4.radyotvonline.com/radyohome/radyovivahome.stream_aac/playlist.m3u8 | icon/radyo_vİva.jpg
RADYO VİZYON = https://stream.netradyom.com/radio/9300/radio.mp3 | icon/radyo_vİzyon.jpg
RADYO VİZYON ANKARA = https://stream.netradyom.com/radio/7030/radio.mp3
RADYO VİZYON BEBEK = https://stream.netradyom.com/radio/7080/radio.mp3
RADYO VİZYON HALK = https://stream.netradyom.com/radio/7070/radio.mp3
RADYO VİZYON KLASİK = https://stream.netradyom.com/radio/7100/radio.mp3
RADYO VİZYON LOUNGE = https://stream.netradyom.com/radio/7050/radio.mp3
RADYO VİZYON NOSTALJİ = https://stream.netradyom.com/radio/7090/radio.mp3
RADYO VİZYON ROCK = https://stream.netradyom.com/radio/7040/radio.mp3
RADYO VİZYON SEK = https://stream.netradyom.com/radio/7060/radio.mp3
RADYO VOKAL = http://37.247.98.8/stream/35/ | icon/radyo_vokal.jpg
RADYO VOKAL = https://moondigitalmaster.radyotvonline.net/radyovokal/playlist.m3u8 | icon/radyo_vokal.jpg
RADYO VOYAGE = http://voyagewmp.radyotvonline.com/; | icon/radyo_voyage.jpg
RADYO VOYAGE = https://ssldyg.radyotvonline.com/pozitif/smil:voyage.smil/playlist.m3u8 | icon/radyo_voyage.jpg
RADYO YAKAMOZ = http://live4.radyotvonline.com:6570/; | icon/radyo_yakamoz.jpg
RADYO YAREN = http://radyoyaren.radyotvyayini.com:8042/; | icon/radyo_yaren.jpeg
RADYO YÜKSEL = http://yayin.canliyayin.org:8232/; | icon/radyo_yüksel.jpeg
RAKS FM = https://sslyayin.radyoyayini.com:7092//;
RAP HOME = https://moondigitalmaster.radyotvonline.net/raphome/playlist.m3u8 | icon/rap_home.jpeg
RELAX HOME = https://moondigitalmaster.radyotvonline.net/relaxhome/playlist.m3u8 | icon/relax_home.jpg
RETRO TURK = https://playerservices.streamtheworld.com/api/livestream-redirect/RETROTURK_SC?/; | icon/retro_turk.jpg
RİBAT FM = http://yayin1.canliyayin.org:7010/;
RİSALE RADYO = https://radyo1.radyo-dinle.tc:7016/;
ROCK FM = https://rockfm.rockfm.com.tr:9450/stream | icon/rock_fm.jpeg
ROCKLAND = https://moondigitaledge.radyotvonline.net/rockland/playlist.m3u8 | icon/rockland.ico
ROMANTİK TÜRK = http://radyo.yayin.com.tr:6042/; | icon/romantİk_türk.jpeg
ŞAFAK RADYO = https://yayin2.canliyayin.org:10970/;
SARI TRAMVAY = https://moondigitaledge.radyotvonline.net/saritramvay/playlist.m3u8 | icon/sari_tramvay.jpeg
ŞEMDİNLİ FM = https://anadolu.liderhost.com.tr:10948/;
SERHAT FM = http://yayin.serhatfm.com:9150/stream
SESLİ MOBİL FM = https://anadolu.liderhost.com.tr:10985/;
SEYR FM = https://sslyayin.netyayin.net/8024/stream | icon/seyr_fm.jpeg
SEZA FM = https://anadolu.liderhost.com.tr:10940/;
SEZEN RADYO = https://radyo1.radyo-dinle.tc:7018/;
SHOW RADYO = http://46.20.3.229/; | icon/show_radyo.jpg
SHOW RADYO = https://moondigitalmaster.radyotvonline.net/show/playlist.m3u8 | icon/show_radyo.jpg
SHOW RADYO = https://moondigitaledge.radyotvonline.net/show/playlist.m3u8 | icon/show_radyo.jpg
SHOW RADYO = https://ssl4.radyotvonline.com/radyohome/showradyohome.stream_aac/playlist.m3u8 | icon/show_radyo.jpg
SILA FM = http://95.173.188.154:9910/; | icon/sila_fm.jpeg
SİVAS FM = https://yayin2.canliyayin.org:10960/; | icon/sİvas_fm.jpg
SLOW HOME = https://moondigitalmaster.radyotvonline.net/slowhome/playlist.m3u8 | icon/slow_home.jpg
SLOW KARADENİZ FM = https://ssl162.ozelip.com/asistan/stream/fd02a93f231cba7593e027682f8fcad5 | icon/slow_karadenİz_fm.jpeg
SLOW KARADENİZ FM = http://dinle.slowkaradenizfm.com:9578/; | icon/slow_karadenİz_fm.jpeg
SLOW RADYO = http://anadolu.liderhost.com.tr:5050/;
SLOW TÜRK = https://radyo.duhnet.tv/ak_dtvh_slowturk
SOMA FM = http://95.173.188.166:9302/; | icon/soma_fm.jpg
SÜPER FM = https://playerservices.streamtheworld.com/api/livestream-redirect/SUPER_FM_SC?/; | icon/süper_fm.jpg
SÜPER FM 2 = https://playerservices.streamtheworld.com/api/livestream-redirect/SUPER2_SC?/;
TARSUS FM = https://tarsusfm.80.yayin.com.tr/stream/; | icon/tarsus_fm.jpg
TATVAN RADYO 13 = http://yayin1.yayindakiler.com:3050/;
TEKİRDAĞ RADYO CAN = http://yayin2.yayindakiler.com:4174/;
TEKİRDAĞ YILDIZ FM = http://radyo.yayin.com.tr:5940/stream
TEKİRDAĞ YILDIZ FM = https://yildizf1.80.yayin.com.tr/;
TEMPO FM Niğde = https://radyoserver1.okeylisans.com:8082//;
TEZENE = https://moondigitaledge.radyotvonline.net/tezene/playlist.m3u8 | icon/tezene.jpg
TİYATRO RADYOSU = https://anadolu.liderhost.com.tr:10885/;
TOKAT ÖZLEM FM = http://yayin.turkiletisim.com.tr:1080/;
TOURİSM FM = https://tourismf.80.yayin.com.tr/;
TRABZON KUZEY RADYO = http://yayin1.yayindakiler.com:3028/;
TRT ANTALYA = https://radio-trtantalya.medya.trt.com.tr/master.m3u8 | icon/trt_antalya.jpg
TRT ÇUKUROVA = https://radio-trtcukurova.medya.trt.com.tr/master.m3u8 | icon/trt_çukurova.jpg
TRT ERZURUM = https://radio-trterzurum.medya.trt.com.tr/master.m3u8 | icon/trt_erzurum.jpg
TRT FM = https://ssl4.radyotvonline.com/radyohome/trtfm.stream_aac/playlist.m3u8 | icon/trt_fm.jpg
TRT GAP DİYARBAKIR = https://radio-trtgap.medya.trt.com.tr/master.m3u8
TRT MEMLEKETİM FM = https://radio-trtmemleketimfm.medya.trt.com.tr/master.m3u8 | icon/trt_memleketİm_fm.jpg
TRT NAĞME = https://ssl4.radyotvonline.com/radyohome/trtnagme.stream_aac/playlist.m3u8 | icon/trt_nağme.jpg
TRT RADYO 1 = https://ssl4.radyotvonline.com/radyohome/trtradyo1.stream_aac/playlist.m3u8 | icon/trt_radyo_1.jpg
TRT RADYO 3 = https://ssl4.radyotvonline.com/radyohome/trtradyo3.stream_aac/playlist.m3u8 | icon/trt_radyo_3.jpg
TRT RADYO 6 = https://radio-trtradyo6.medya.trt.com.tr/master.m3u8 | icon/trt_radyo_6.jpg
TRT TRABZON = https://radio-trttrabzon.medya.trt.com.tr/master.m3u8 | icon/trt_trabzon.jpg
TRT TÜRKİYE'NİN SESİ = https://radio-trttsr.medya.trt.com.tr/master.m3u8
TRT TÜRKÜ = https://ssl4.radyotvonline.com/radyohome/trtturku.stream_aac/playlist.m3u8 | icon/trt_türkü.jpg
TRT VOİCE OF TURKEY EAST = https://radio-trtvoteast.medya.trt.com.tr/master.m3u8
TRT VOİCE OF TURKEY WEST = https://radio-trtvotwest.medya.trt.com.tr/master.m3u8 | icon/trt_voİce_of_turkey_west.jpg
TRT VOİCE OF TURKEY WORLD = https://radio-trtvotworld.medya.trt.com.tr/master.m3u8
TULU RADYO FM = http://yayin2.canliyayin.org:8248/;
TUNCELİ RADYO MUNZUR = http://yayin1.yayindakiler.com:3002/live
TÜRK SANAT MÜZİĞİ FM = http://yayin.turkhosted.com:6030/;
TÜRKCENIN SESI RADYOSU = https://radyo.yayin.com.tr:6509/;stream.mp3
TÜRKLAND = https://moondigitaledge.radyotvonline.net/turkland/playlist.m3u8
TÜRKLAND = http://46.20.4.34/radyoland/turkland.stream/playlist.m3u8
TÜRKÜ RADYO = http://radyo.turkuradyo.net:4591/;
TURKUAZ OTO DJ = https://anadolu.liderhost.com.tr:10918/;
TÜRKÜLERLE TÜRKİYE = https://moondigitalmaster.radyotvonline.net/turkulerleturkiye/playlist.m3u8 | icon/türkülerle_türkİye.jpg
TURKUVAZ ANADOLU = https://trkvz-radyolar.ercdn.net/turkuvazanadolu/playlist.m3u8 | icon/turkuvaz_anadolu.jpeg
TURKUVAZ EFSANE = https://trkvz-radyolar.ercdn.net/turkuvazefsane/playlist.m3u8 | icon/turkuvaz_efsane.jpeg
TURKUVAZ FM = https://trkvz-radyolar.ercdn.net/radyoturkuvaz/playlist.m3u8 | icon/turkuvaz_fm.jpeg
TURKUVAZ MUSİKİ = https://trkvz-radyolar.ercdn.net/turkuvazmusiki/playlist.m3u8 | icon/turkuvaz_musİkİ.jpeg
TURKUVAZ NOSTALJİ = https://trkvz-radyolar.ercdn.net/turkuvaznostalji/playlist.m3u8 | icon/turkuvaz_nostaljİ.jpeg
TURKUVAZ ROMANTİK = https://trkvz-radyolar.ercdn.net/turkuvazromantik/playlist.m3u8 | icon/turkuvaz_romantİk.jpeg
TUTKU RADYO = https://ssl.radyosfer.com/tutkuradyo/stream
ÜLKÜ FM = http://yayin.yayindakiler.com:4112/;
ULUSAL RADYO CANLI = https://radio.guventechnology.com/9302/stream
VAV RADYO = https://trkvz-radyolar.ercdn.net/radyovav/playlist.m3u8 | icon/vav_radyo.png
VIRGIN RADIO = https://playerservices.streamtheworld.com/api/livestream-redirect/VIRGIN_RADIO_SC?/;
VİYANA FM = https://radyo.viyanafm.at/1453/stream | icon/vİyana_fm.jpeg
WORLD HİTS = https://moondigitaledge.radyotvonline.net/worldhits/playlist.m3u8 | icon/world_hİts.jpg
X RADYO = https://stream.xradio.com.tr:8770/stream
YILDIZ FM = http://radyo.yayin.com.tr:5940/;
YOZGAT FM = https://sslyayin.netyayin.net:10921/stream | icon/yozgat_fm.jpeg
YOZGAT SURMELI FM = http://surmelifm.kesintisizyayin.com:8590/;
ZEN CHOPPER = https://anadolu.liderhost.com.tr:10877/;
ZEN NOSTALJİ = https://anadolu.liderhost.com.tr:10879/;
ZEN NOSTALJİ = http://37.59.205.232:7794/;
ZEN RADYO = https://anadolu.liderhost.com.tr:10880/;
ZEN RADYO = http://37.59.205.232:7798/;
ZEN YABANCI = https://anadolu.liderhost.com.tr:10878/;
ZEN YABANCI = http://37.59.205.232:7796/;
ZENLAND = https://moondigitaledge.radyotvonline.net/zenland/playlist.m3u8
ZIRVE RADYO = https://radyoserver.qbilisim.com:7006/; | icon/zirve_radyo.jpeg
