103.6 Radyo Light = https://yayin.radiolight.net:8005/live | icon/RadoLight.png
24 Radyo = https://radyo24.radyotvonline.net/radyo24?/;stream.mp3 | icon/24-radyo.jpg
24 Radyo = https://radyo24.radyotvonline.net/radyo24?/; | icon/24-radyo.jpg
Metropol FM - 90'lar = https://moondigitalmaster.radyotvonline.net/90lar/playlist.m3u8 | icon/metropolfm8090lar.png
91.5 Radyo Frekans = https://radyofrekans.ozelip.com.tr:8334/stream? | icon/radyo-frekans.jpg
A HABER RADYO = https://trkvz-radyolar.ercdn.net/ahaberradyo/playlist.m3u8 | icon/a_haber_radyo.jpeg
A NEWS RADYO = https://trkvz-radyolar.ercdn.net/anewsradyo/playlist.m3u8 | icon/a_news_radyo.jpeg
A PARA RADYO = https://trkvz-radyolar.ercdn.net/apararadyo/playlist.m3u8 | icon/a_para_radyo.jpeg
A SPOR RADYO = https://trkvz-radyolar.ercdn.net/asporradyo/playlist.m3u8 | icon/a-spor-radyo.jpeg
Adana 01 FM = https://sssx.radyosfer.com/01fm/stream?/;stream.mp3 | icon/radyo-01-adana.jpg
Adana Efsane Radyo = https://host10.onlineradyotv.net/9602/stream?/;stream.mp3 | icon/efsane-radyo-adana.jpg
Adana FM = https://host10.onlineradyotv.net/8004/stream?/;stream.mp3 | icon/radyo-adana-fm.jpg
ADANA FM Arabesk = https://host.onlineradyotv.net:2020/stream/adanafm | icon/adana_fm_arabesk.jpg
Adana Kozan Fm = https://sslyayin.netyayin.net/3401/stream/;stream.mp3 | icon/kozan-fm.jpg
Adana Lokum Fm = https://radyodinle1.turkhosted.com/yayin?uri=37.247.98.9:80/stream/493/;/&tkn=rTl94f1qeUN0Gt8IDl6Bqw&tms=1777976613 | icon/lokum-fm.jpg
Adana Mavi Radyo = https://29103.live.streamtheworld.com/SUPER_FM_ITUNES.mp3 | icon/mavi-radyo-adana.jpg
Adana Mavi Radyo = https://stream.radyolarburada.com/listen/maviradyo/maviradyo? | icon/mavi-radyo-adana.jpg
Adana Radyo Başkent = https://radyo.kanalb.tr/adana?/;stream.mp3 | icon/radyo-baskent.jpg
Adana Radyo Çukurova = https://host10.onlineradyotv.net/8010/stream?/;stream.mp3 | icon/radyo-cukurova.jpg
ADANA RADYO DEVA = https://ssl123.ozelip.com/8108/stream | icon/adana_radyo_deva.jpg
Adana Radyo Güney = https://stream.radyolarburada.com:8250/stream?/;stream.mp3 | icon/radyo-guney-adana.jpg
Adıyaman Güney Radyo = https://radyo.yayindakiler.com:8022/stream | icon/guney-radyo.jpg
Adıyaman Şahin FM = https://stream.rcast.net/67503 | icon/sahin-fm.jpg
Adıyaman Şahin FM = https://stream3.rcast.net/67503 | icon/sahin-fm.jpg
Adıyaman Şahin FM = https://free.rcast.net/67503 | icon/sahin-fm.jpg
ADYÜ FM – Adıyaman Üniversitesi Radyosu = https://adyufm.adiyaman.edu.tr/yayin.ogg? | icon/adyu-fm.jpg
Afşin Fm = https://radyo.arkacadde.org/4646/afsinradyo.mp3?/;stream.mp3 | icon/afsin-fm-canli.jpg
Afşin Fm = https://radyo.arkacadde.org/4646/afsinradyo.mp3 | icon/afsin-fm-canli.jpg
Afyon Armoni Fm = https://radyo.yayindakiler.com:4084/stream?/;stream.mp3 | icon/armoni-fm.jpg
Afyon Armoni Fm = https://radyo.yayindakiler.com:4084/stream?; | icon/armoni-fm.jpg
AFYON GÜN FM = https://ssl120.radyotelekom.com.tr/8130/stream | icon/afyon_gün_fm.jpg
Afyon Radyo Tek = https://radyo.yayindakiler.com:8004/stream?/;stream.mp3 | icon/radyo-tek-afyon.jpg
Afyon Radyo Tek = https://radyo.yayindakiler.com:8004/stream? | icon/radyo-tek-afyon.jpg
Akçay Best FM = https://cast.akcaybestfm.com.tr/listen/akcay_bestfm/radio? | icon/akcay-best-fm.jpg
Akdeniz FM 105.7 = https://host10.onlineradyotv.net/8012/stream?/;stream.mp3 | icon/akdeniz-fm-adana.jpg
Akgül FM = https://sssx.radyosfer.com/akgulfm/stream?/;stream.mp3 | icon/akgul-fm.jpg
Akgül FM = https://sssx.radyosfer.com/akgulfm/stream?/; | icon/akgul-fm.jpg
AKRA FM = https://cdn3.akradyo.net/akracanli2/_definst_/livestream_aac/playlist.m3u8  | icon/akra-fm.avif
Aksa FM? = https://live.aksafm.com.tr/aksafm?/;stream.mp3 | icon/aksa-fm.jpg
Aksa FM? = https://live.aksafm.com.tr/aksafm?/; | icon/aksa-fm.jpg
Aksaray Ar Radyo = https://radyo.yayindakiler.com:4036/stream?/;stream.mp3 | icon/ar-radyo.jpg
Aksaray Ar Radyo = https://radyo.yayindakiler.com:4036/stream?/; | icon/ar-radyo.jpg
Aksaray FM 99.5 = https://sssx.radyosfer.com/aksarayfm/stream?/;stream.mp3 | icon/aksaray-fm.jpg
Aksaray FM 99.5 = https://sssx.radyosfer.com/aksarayfm/stream?/; | icon/aksaray-fm.jpg
AKSARAY KRAL FM = https://sslyayin.radyoyayini.com:7099/; | icon/aksaray_kral_fm.jpg
AKSARAY KRAL FM = https://stream.radyosfer.com/listen/aksaray_kral_fm/stream | icon/aksaray_kral_fm.jpg
Aksaray’ın Sesi = https://sssx.radyosfer.com/aksaraykralfm/stream?/;stream.mp3 | icon/aksarayin-sesi.jpg
Aksaray’ın Sesi = https://sssx.radyosfer.com/aksaraykralfm/stream?/; | icon/aksarayin-sesi.jpg
AKUSTİKLAND = https://moondigitaledge.radyotvonline.net/akustikland/playlist.m3u8 | icon/radyolandakustik.png
Alef FM = https://netyayin.jsproduksiyon.com:9010/alef?type=http&nocache=1692 | icon/alef-fm.jpg
Alem FM = https://alemfm.radyotvonline.net/alemfmaac?/;stream.mp3 | icon/alem-fm.jpg
Alem FM = https://alemfm.radyotvonline.net/alemfmaac?/; | icon/alem-fm.jpg
Alem FM = https://turkmedya.radyotvonline.net/alemfmaac | icon/alem-fm.jpg
Alem FM = https://turkmedya.radyotvonline.com/turkmedya/alemfm.stream/playlist.m3u8 | icon/alem-fm.jpg
ALTIN ŞARKILAR = https://moondigitalmaster.radyotvonline.net/altinsarkilar/playlist.m3u8 | icon/altin-sarkilar.jpg
Amasya Art FM = https://yayin1.canlitv.fun:8014/stream?/;stream.mp3 | icon/art-fm-amasya.jpg
Amasya Art FM = https://yayin1.canlitv.fun:8014/stream?/; | icon/art-fm-amasya.jpg
Amasya Esinti FM = https://stream.zeno.fm/yzg9n0sma8zuv?/;stream.mp3 | icon/amasya-esinti-fm.jpg
Amasya Esinti FM = https://stream-175.zeno.fm/yzg9n0sma8zuv?zt=eyJhbGciOiJIUzI1NiJ9.eyJzdHJlYW0iOiJ5emc5bjBzbWE4enV2IiwiaG9zdCI6InN0cmVhbS0xNzUuemVuby5mbSIsInJ0dGwiOjUsImp0aSI6InFNTDBkQmZ6Um9DLUNIQ1l5MHA0Q3ciLCJpYXQiOjE3Nzc4NTAwMTAsImV4cCI6MTc3Nzg1MDA3MH0.NRbqpcK9sq8_ock-hVhamRKch5uL_ZaHNeTwWvJ4t0U&/;stream.mp3 | icon/amasya-esinti-fm.jpg
Amasya FM = https://amasyafm.ozelip.com:8022/stream?/;stream.mp3 | icon/amasya-fm.jpg
Amasya FM = https://amasyafm.ozelip.com:8022/stream?/; | icon/amasya-fm.jpg
Amed Radyo = https://sslyayin.radyoyayini.com:7060/stream? | icon/amed-radyo.jpg
ANKARA HAVALARI = https://moondigitalmaster.radyotvonline.net/ankarahavalari/playlist.m3u8 | icon/ankara_havalari.jpg
Ankara Radyo Banko = https://stream.netradyom.com/listen/radyobanko/radio.mp3/;stream.mp3 | icon/radyo-banko.jpg
Ankara Radyo Beyaz = https://radyodinle1.turkhosted.com/yayin?uri=radyo.normyazilim.com:8030/&tkn=MGuOGA4A7AowoZ0KU3swmg&tms=1777944593 | icon/radyo-beyaz.jpg
Ankara Radyo Özgür = https://radyoozgur.kesintisizyayin.com:9898/stream? | icon/ozgur-radyo.jpg
Antalya Radyo Akdeniz = https://yayin.radyoakdeniz.com/9470/stream? | icon/radyo-akdeniz.jpg
ARABESK DAMAR FM = https://yayin.damarfm.com:8080/; | icon/arabesk_damar_fm.jpg
ARABESK FM = https://anadolu.liderhost.com.tr:10949/; | icon/arabesk_fm.jpg
ARABESK FM BİZ = https://yayin.arabeskfm.biz:8042/stream?icy=http | icon/arabesk_fm_bİz.jpeg
ARABESK VADİSİ = https://arabeskv.80.yayin.com.tr/; | icon/arabesk_vadİsİ.jpg
ARABESKLAND = https://moondigitalmaster.radyotvonline.net/arabeskland/playlist.m3u8 | icon/arabeskland.jpg
Arkadaş FM = https://radyo.yayindakiler.com:4134/stream?/;stream.mp3 | icon/isparta-arkadas-fm.jpg
Arkadaş FM = https://radyo.yayindakiler.com:4134/stream?/; | icon/isparta-arkadas-fm.jpg
Art FM Antalya = https://anadolu.liderhost.com.tr/9338/stream/;stream.mp3 | icon/art-fm.jpg
Art FM Antalya = https://anadolu.liderhost.com.tr/9338/stream/; | icon/art-fm.jpg
Atlantis FM = https://stream.netradyom.com/listen/imajpop/radio.mp3/;stream.mp3 | icon/atlantis-fm.jpg
AVRASYA TÜRK = https://sslyayin.netyayin.net:10909/; | icon/avrasya_türk.jpg
Ay FM = https://radyo.yayin.com.tr:5136/stream? | icon/ay-fm.jpg
Aydın Radyo Flaş = https://radyo.yayindakiler.com:4096/stream?/;stream.mp3 | icon/aydin-radyo-flas.jpg
Aydın Radyo Mega = https://sssx.radyosfer.com/radyomegafm105/stream?/;stream.mp3 | icon/radyo-mega-aydin.jpg
Baba Radyo 105.6 = https://officialbabaradyo.radyotvonline.net/babaofficial?/;stream.mp3 | icon/babaradyo-100x100.jpg
Baba Radyo 105.6 = https://officialbabaradyo.radyotvonline.net/babaofficial?/; | icon/babaradyo-100x100.jpg
BABYLAND = https://moondigitaledge.radyotvonline.net/babyland/playlist.m3u8	 | icon/babylandFM.png
Bafra Barış FM = https://barisfm.ozelip.com:9588/stream/;stream.mp3 | icon/radyo-baris-bafra.jpg
Balıkesir Genç Fm = https://yayin1.canlitv.fun/radyo/gencfm/chunklist_w1657331682.m3u8 | icon/genc-fm-balikesir.jpg
Banaz Dost FM = https://sssx.radyosfer.com/banazdostfm/stream?/;stream.mp3 | icon/banaz-dost-fm.jpg
Bandırma Radyo Venüs = https://radyodinle1.turkhosted.com/yayin?uri=154.53.167.66:8008/&tkn=ls1z7dtcy9c2banoKtPqJw&tms=1777982046 | icon/radyo-venus-bandirma.jpg
Bandırma Radyo Venüs = https://radyodinle1.turkhosted.com/yayin?uri=154.53.167.66:8008/&tkn=2cBHCDurTANCn3Apv6w5Ng&tms=1777982093 | icon/radyo-venus-bandirma.jpg
Barış FM 100.1 = https://radyodinle1.turkhosted.com/yayin?uri=185.126.217.8:9930/&tkn=gsCWm_sR5jeDi31k4Yim7g&tms=1778034177 | icon/baris-fm.jpg
Barış Radyo = https://yayin2.canliyayin.org:9350/stream?/;stream.mp3 | icon/barisr-adyo.jpg
BARTIN FM = https://radyo.yayin.com.tr:5918/; | icon/bartinFM.png
BAŞKA = https://playerservices.streamtheworld.com/api/livestream-redirect/BASKA_SC?/; | icon/radio-baska.jpg
Batı Radyo = https://sslyayin.netyayin.net:10902/stream? | icon/bati-radyo.jpg
Batman Süper FM = https://radyo.yayindakiler.com:4090/stream?/;stream.mp3 | icon/batman-super-fm.jpg
Batman Süper FM = https://radyo.yayindakiler.com:4090/stream?/; | icon/batman-super-fm.jpg
Bayram FM = https://sslyayin.netyayin.net/3442/stream/;stream.mp3 | icon/bayram-fm-100x100.jpg
Bayram FM = https://sslyayin.netyayin.net/3442/stream/; | icon/bayram-fm-100x100.jpg
Bayram FM = https://sslyayin.netyayin.net/3442/stream | icon/bayram-fm-100x100.jpg
Bergama Süper FM = https://panel.radyomhd.com:1330/stream? | icon/bergama-super-fm.jpg
BEST FM = https://babaradyo.turkhosted.com/best/bestfm.stream/playlist.m3u8 | icon/best_fm.jpg
Biber FM = https://radyo1.radyo-dinle.tc/8136/stream?/;stream.mp3 | icon/biber-fm.jpg
Biber FM = https://radyo1.radyo-dinle.tc/8136/stream?/; | icon/biber-fm.jpg
Biga FM = https://radyo.yayin.com.tr:5896/stream? | icon/biga-fm.jpg
Bilecik FM = https://radyodinle1.turkhosted.com/yayin?uri=bilecikfm.kesintisizyayin.com:9980/&tkn=-2T-3Ra_R85c-Y_Kb7dvtA&tms=1777993387 | icon/bilecik-fm.jpg
Bilecik FM = https://radyodinle1.turkhosted.com/yayin?uri=bilecikfm.kesintisizyayin.com:9980/&tkn=2iOzRatrDHuryOQw8b49xQ&tms=1777986517 | icon/bilecik-fm.jpg
Bingöl FM = https://radyo.yayin.com.tr:4302/stream?/;stream.mp3 | icon/bingol-fm.jpg
Bingöl FM = https://radyo.yayin.com.tr:4302/stream?/; | icon/bingol-fm.jpg
BİZ FM = https://radio.hostlab.net.tr:10973/; | icon/bİz_fm.jpg
Bizim FM Şile = https://sssx.radyosfer.com/bizimfmsile/stream?/;stream.mp3 | icon/bizim-fm-sile.jpg
Bizim FM Şile = https://sssx.radyosfer.com/bizimfmsile/stream?/; | icon/bizim-fm-sile.jpg
Bizim İller Radyo = https://radyo.yayindakiler.com:4078/stream?/;stream.mp3 | icon/bizim-iller-radyo.jpg
Bizim İller Radyo = https://radyo.yayindakiler.com:4078/stream?/; | icon/bizim-iller-radyo.jpg
Bizim Radyo = https://ip132.ozelip.com:7017/stream? | icon/bizim-fm-sile.jpg
BLOOMBERG HT RADYO = https://ciner-live.ercdn.net/bloombergradyo/bloombergradyo_1.m3u8
Blue Karadeniz Radyo = https://sslyayin.netyayin.net/bluekaradeniz/stream?/;stream.mp3 | icon/blue-karadeniz-radyo.jpg
Blue Karadeniz Radyo = https://sslyayin.netyayin.net/bluekaradeniz/stream?/; | icon/blue-karadeniz-radyo.jpg
Bodrum FM = https://live.bodrumfm.org/stream/;stream.mp3 | icon/bodrum-fm.jpg
Boğaz FM = https://radyo.yayin.com.tr:5938/stream? | icon/bogaz-fm.jpg
BOLU RADYO YANKI = https://radyoyanki.ozelip.com/9918/stream | icon/bolu_radyo_yanki.jpg
Bor FM = https://sssx.radyosfer.com/borfm/stream?/;stream.mp3 | icon/bor-fm.jpg
BORUSAN KLASIK = https://playerservices.streamtheworld.com/api/livestream-redirect/BORUSAN_KLASIK_SC?/; | icon/borusan_klasik.jpg
Boyabat Ezgi Fm = https://radyo.yayindakiler.com:3044/stream?/;stream.mp3 | icon/ezgi-fm-boyabat.jpg
Buca FM = https://radyo.yayin.com.tr:4444/stream | icon/buca-fm.jpg
Bursa FM = https://radyo.yayin.com.tr:1055/stream/1/?icy=http/;stream.mp3 | icon/bursa-fm.jpg
Bursa FM = https://radyo.yayin.com.tr:1055/stream/1/?icy=http/; | icon/bursa-fm.jpg
BURSA GÜL FM = https://yayin2.canliyayin.org:10989/;
Bursa Radyo Deniz = https://sssx.radyosfer.com/denizfm/stream?/;stream.mp3 | icon/deniz-fm-bursa.jpg
Bursa Radyo Deniz = https://sssx.radyosfer.com/denizfm/stream?/; | icon/deniz-fm-bursa.jpg
Bursa Radyo Güneş = https://sssx.radyosfer.com/9390/stream?/;stream.mp3 | icon/radyo-gunes.jpg
Bursa Radyo Güneş = https://sssx.radyosfer.com/9390/stream?/; | icon/radyo-gunes.jpg
BURSA RADYO S = https://icecast.netmedya.net/radyos | icon/bursa_radyo_s.jpg
Bursa Radyo Şampiyon = https://radyo.yayin.com.tr:4106/stream?/;stream.mp3 | icon/radyo-sampiyon.jpg
Bursa Radyo Şampiyon = https://radyo.yayin.com.tr:4106/stream?/; | icon/radyo-sampiyon.jpg
Bursa Radyo Venüs = https://yayin.radyovenus.com.tr:3416/;stream.mp3 | icon/radyo-venus-bursa.jpg
Bursa Radyo Venüs = https://yayin.radyovenus.com.tr:3416/; | icon/radyo-venus-bursa.jpg
Bursa Radyo Yörem = https://radyodinle1.turkhosted.com/yayin?uri=yorefm.radyotvyayini.com:9420/&tkn=KzncdpfkqcsgvumNfXxG7Q&tms=1778009268 | icon/radyo-yorem.jpg
Bursa Radyo Yörem = https://radyodinle1.turkhosted.com/yayin?uri=yorefm.radyotvyayini.com:9420/&tkn=1-TgGPyVGs_29vmTE3to-w&tms=1778014715 | icon/radyo-yorem.jpg
Bursada Bugün Radyo = https://radyo.bursadabugun.com/stream?/;stream.mp3 | icon/bursada-bugun-radyo.jpg
CAN RADYO Kayseri = https://ip132.ozelip.com:7040/; | icon/can_radyo_kayseri.jpg
Cemre FM = https://live.cemrefm.net/cemrefm?/;stream.mp3 | icon/cemre-fm.jpg
Cemre FM = https://live.cemrefm.net/cemrefm?/; | icon/cemre-fm.jpg
CGTN Türk = https://criturk.radyotvonline.net/criturk?/;stream.mp3 | icon/cgtn-turk.jpg
CGTN Türk = https://criturk.radyotvonline.net/criturk?/; | icon/cgtn-turk.jpg
CLASSICLAND = https://moondigitaledge.radyotvonline.net/classicland/playlist.m3u8
CRT FM = https://sssx.radyosfer.com/01fm?/;stream.mp3 | icon/crt-fm-adana.jpg
Çanakkale Radyo Pegai = https://radyo2.fkbs.com.tr:8016/stream?/;stream.mp3 | icon/radyo-pegai-100x100.jpg
Çanakkale Radyo Pegai = https://radyo2.fkbs.com.tr:8016/stream?/; | icon/radyo-pegai-100x100.jpg
Çorlu FM = https://sssx.radyosfer.com/corlufm/stream?/;stream.mp3 | icon/corlu-fm.jpg
ÇORLU TEMPO FM = https://stream2.rtvtakip.com:7016/; | icon/çorlu_tempo_fm.jpg
Çorum Çağrı FM = https://sssx.radyosfer.com/9398/stream?/;stream.mp3 | icon/cagri-fm-corum.jpg
Çorum Çağrı FM = https://sssx.radyosfer.com/9398/stream?/; | icon/cagri-fm-corum.jpg
Çorum Radyo Melodi = https://radyo1.radyo-dinle.tc:8196/stream? | icon/radyo-melodi-corum.jpg
Dada Radyo = https://radyo.yayin.com.tr:5088/stream? | icon/dada-radyo.jpg
Dadaş FM = https://sslyayin.netyayin.net:8084/stream/;stream.mp3 | icon/dadas-fm.jpg
Dadaş FM = https://sslyayin.netyayin.net:8084/stream/; | icon/dadas-fm.jpg
DAMAR FM = https://yayin.damarfm.com:8080/; | icon/damar_fm.jpg
Damar Türk FM = https://live.radyositesihazir.com/7000/stream/;stream.mp3 | icon/damar-turk-fm.jpg
Damar Türk FM = https://live.radyositesihazir.com/7000/stream/; | icon/damar-turk-fm.jpg
Damar Türk FM = https://live.radyositesihazir.com:10997/; | icon/damar-turk-fm.jpg
Damar Türk FM = https://live.radyositesihazir.com/7000/stream | icon/damar-turk-fm.jpg
DANCELAND = https://moondigitaledge.radyotvonline.net/danceland/playlist.m3u8 | icon/danceland.png
Davet Radyo = https://n07.radiojar.com/ggu0fd6qu2wtv?rj-ttl=5&rj-tok=AAABnfJ9jeAAU9GThG4IorBXKg | icon/davet-radyo.jpg
Davet Radyo = https://stream.radiojar.com/ggu0fd6qu2wtv? | icon/davet-radyo.jpg
DEDEMİN RADYOSU = https://anadolu.liderhost.com.tr:10976/;
DEM RADYO = https://yayin.radyodem.com:8000/stream/; | icon/dem_radyo.jpg
Denizli Dostlar FM = https://radyo.yayin.com.tr:5114/stream? | icon/dostlar-fm.jpg
Denizli Radyo Ses = https://radyoses.ozelip.com/9300/stream? | icon/radyo-ses-denizli.jpg
Derya FM = https://yayin.turkhosted.com:6032/stream/;stream.mp3 | icon/derya-fm.jpg
Derya FM = https://yayin.turkhosted.com:6032/stream/; | icon/derya-fm.jpg
DISCOLAND = https://moondigitaledge.radyotvonline.net/discoland/playlist.m3u8
DİJİTAL RADYO = https://anadolu.liderhost.com.tr:10961/; | icon/dijital_radyo.jpg
Dim Radyo = https://radyodinle1.turkhosted.com/yayin?uri=radio.dimradyo.com:8000/&tkn=gAd4uahmLAni3YWpRvpbmg&tms=1777980710 | icon/dim-radyo.jpg
Dinar Dost Radyo = https://radyo1.radyo-dinle.tc/8062/stream/;stream.mp3 | icon/dost-radyo-dinar.jpg
Dinar Dost Radyo = https://radyo1.radyo-dinle.tc/8062/stream/; | icon/dost-radyo-dinar.jpg
Divriği FM = https://radyo.yayin.com.tr:5858/stream?/;stream.mp3 | icon/divrigi-fm.jpg
DİYANET KURAN RADYO = https://eustr73.mediatriple.net/videoonlylive/mtikoimxnztxlive/broadcast_5e3c14192aa92.smil/playlist.m3u8 | icon/dİyanet_kuran_radyo.jpg
DİYANET RADYO = https://eustr73.mediatriple.net/videoonlylive/mtikoimxnztxlive/broadcast_5e3c1171d7d2a.smil/playlist.m3u8 | icon/dİyanet_radyo.jpg
DİYANET RİSALET RADYO = https://eustr73.mediatriple.net/videoonlylive/mtikoimxnztxlive/broadcast_5e3c1520b2626.smil/playlist.m3u8 | icon/diyanet_risala-tradyo.jpg
Diyarbakır Can Radyo = https://radyo.yayindakiler.com:2028/stream?/;stream.mp3 | icon/diyarbakir-can-radyo.jpg
Diyarbakır Can Radyo = https://radyo.yayindakiler.com:2028/stream?/; | icon/diyarbakir-can-radyo.jpg
Diyarbakır Çağrı Fm (dini) = https://live.cagrifm.com.tr/cagrifm?/;stream.mp3 | icon/cagri-fm.jpg
Diyarbakır Çağrı Fm (dini) = https://live.cagrifm.com.tr/cagrifm?/; | icon/cagri-fm.jpg
Doğan 21 FM = https://radyo.yayindakiler.com:3024/stream?/;stream.mp3 | icon/dogan-21-fm.jpg
Doğan 21 FM = https://radyo.yayindakiler.com:3024/stream?/; | icon/dogan-21-fm.jpg
Doksanlar = https://moondigitaledge.radyotvonline.net/radyolanddoksanlar/playlist.m3u8 | icon/doksanlar-radio.jpg
Dolu Radyo = https://sslyayin.radyoyayini.com:7070/stream? | icon/dolu-radyo.jpg
Dolunay FM = https://yayin2.canliyayin.org:10955/;stream/;stream.mp3 | icon/dolunay-fm.jpg
Dost FM Malatya = https://sssx.radyosfer.com/dostfm/stream?/;stream.mp3 | icon/dost-fm-malatya.jpg
Dost FM Malatya = https://sssx.radyosfer.com/dostfm/stream?/; | icon/dost-fm-malatya.jpg
Dream Türk FM = https://radyo.duhnet.tv/dreamturk | icon/dreamTurk-radyo.jpg
Düzce Radyo 81 = https://yayin.turkhosted.com/3030/stream/;stream.mp3 | icon/radyo-81.jpg
Düzce Radyo 81 = https://yayin.turkhosted.com/3030/stream/; | icon/radyo-81.jpg
Düzce Radyo Özgür = https://yayin.turkhosted.com/duzceozgur/stream? | icon/duzce-radyo-ozgur.jpg
EASYLAND = https://moondigitaledge.radyotvonline.net/easyland/playlist.m3u8 | icon/easyland.png
Edirne Keşan FM = https://sslyayin.netyayin.net/kesanfm/;stream.mp3 | icon/kesan-fm.jpg
Edirne Keşan FM = https://sslyayin.netyayin.net/kesanfm/; | icon/kesan-fm.jpg
Edirne Radyo Su = https://radyo1.radyo-dinle.tc/8022/stream? | icon/radyo-su-edirne.jpg
EFSANE 4'LÜ = https://moondigitalmaster.radyotvonline.net/efsane4lu/playlist.m3u8 | icon/efsane4lu.jpg
EGE HAVALARI = https://moondigitalmaster.radyotvonline.net/egehavalari/playlist.m3u8 | icon/ege_havalari.jpg
EGO Radyo = https://radio.guventechnology.com/9372/stream?/;stream.mp3 | icon/radyo-ego.jpg
Elazığ ERT FM = https://radyo.yayin.com.tr:8012/stream? | icon/elazig-ert-fm.jpg
Elazığ Ezgi Radyo = https://sslyayin.netyayin.net/elazigezgiradyo/stream/;stream.mp3 | icon/ezgi-radyo.jpg
Elazığ Ezgi Radyo = https://sslyayin.netyayin.net/elazigezgiradyo/stream/; | icon/ezgi-radyo.jpg
Elazığ Hit FM = https://radyodinle1.turkhosted.com/yayin?uri=yayin.turkiletisim.com.tr:1094/&tkn=FNuCvuPtxTcWmmkt1I-rNQ&tms=1777994833 | icon/hit-fm-elazig.jpg
Elazığ Hit FM = https://radyodinle1.turkhosted.com/yayin?uri=yayin.turkiletisim.com.tr:1094/&tkn=yNfRkRjvQdxd_hc1sLIntQ&tms=1778016702 | icon/hit-fm-elazig.jpg
Elazığ Mavi Radyo = https://yayin.turkhosted.com/elazigmaviradyo/stream | icon/mavi-radyo-elazig.jpg
Elazığ Radyo Hazar = https://radyo.yayin.com.tr:8286/stream? | icon/radyo-hazar-100x100.jpg
Elbistan Kent FM = https://radyo.arkacadde.org/4648/elbistankentfm.mp3 | icon/elbistan-kent-fm.jpg
Elbistan Radyo Umut = https://yayin2.canliyayin.org:10953/;/;stream.mp3 | icon/radyo-umut-elbistan.jpg
Elbistan Yöre FM = https://ip.elbistanyorefm.com.tr:8022/stream?/;stream.mp3 | icon/yore-fm.jpg
Emek Radyo = https://yayin5.radyohizmeti.com:10992/stream/;stream.mp3 | icon/emek-radyo.jpg
Emek Radyo = https://yayin5.radyohizmeti.com:10992/stream/; | icon/emek-radyo.jpg
Enderun FM = https://yayin2.canliyayin.org:10996/; | icon/enderun-fm.jpg
Enerji FM = https://enerjifm.80.yayin.com.tr/stream?/;stream.mp3 | icon/enerji-fm-zonguldak.jpg
Er FM Malatya = https://edge.taksimbilisim.com/erfm/bant1/icecast.audio | icon/er-fm.jpg
Er FM Malatya = https://edge1.socialsmart.tv/erfm/bant1/icecast.audio | icon/er-fm.jpg
Eray FM = https://erayfm.ozelip.com/8072/stream?/;stream.mp3 | icon/eray-fm.jpg
Erciş FM = https://anadolu.liderhost.com.tr:10970/stream? | icon/ercis-fm.jpg
Erciş FM = https://anadolu.liderhost.com.tr:10970/; | icon/ercis-fm.jpg
Erciyes Fm Kayseri = https://sssx.radyosfer.com/9328/stream?/;stream.mp3 | icon/erciyes-fm-kayseri-100x100.jpg
EREĞLİ DEMOKRAT FM = https://sonic.dcnet.com.tr/8078/stream | icon/ereğlİ_demokrat_fm.jpg
Ereğli FM = https://radyo.yayindakiler.com:3000/stream?/;stream.mp3 | icon/eregli-fm.jpg
Ereğli Genç FM = https://radyodinle1.turkhosted.com/yayin?uri=eregligencfm.kesintisizyayin.com:7490/&tkn=fopZk7CEdhaBf-MF_QQPlg&tms=1778034690 | icon/genc-fm-eregli.jpg
ERKAM RADYO = https://yayin2.canliyayin.org:10910/stream? | icon/erkam_radyo.png
Erzincan Dost Radyo = https://radyo.yayindakiler.com:3156/stream?/;stream.mp3 | icon/erzincan-dost-radyo.jpg
Erzincan Dost Radyo = https://radyo.yayindakiler.com:3156/stream?/; | icon/erzincan-dost-radyo.jpg
Erzincan FM = https://radyodinle1.turkhosted.com/yayin?uri=yayin.netyayin.net:2424/&tkn=7TE10XH1Mq8qiIenhqtT3g&tms=1778009207 | icon/erzincan-fm.jpg
Erzincan FM = https://radyodinle1.turkhosted.com/yayin?uri=yayin.netyayin.net:2424/&tkn=VIsAdvf8hqCZp76bKpPtew&tms=1778017040 | icon/erzincan-fm.jpg
Erzincan Radyo 2000 = https://radyo.yayindakiler.com:3030/stream?/;stream.mp3 | icon/radyo-2000-erzincan.jpg
Erzincan Radyo 2000 = https://radyo.yayindakiler.com:3030/stream?/; | icon/radyo-2000-erzincan.jpg
Erzincan Radyo Cem = https://erzincan.80.yayin.com.tr/stream/1/?icy=http/;stream.mp3 | icon/radyo-cem-erzincan.jpg
Erzincan Radyo Cem = https://erzincan.80.yayin.com.tr/stream/1/?icy=http/; | icon/radyo-cem-erzincan.jpg
Erzincan Radyo Tek = https://radyo.yayindakiler.com:4202/stream?/;stream.mp3 | icon/radyo-tek-erzincan.jpg
Erzincan Radyo Tek = https://radyo.yayindakiler.com:4202/stream?/; | icon/radyo-tek-erzincan.jpg
Erzurum İmaj Fm = https://sslyayin.netyayin.net/imajfm/stream/;stream.mp3 | icon/erzurum-imaj-fm.jpg
Erzurum İmaj Fm = https://sslyayin.netyayin.net/imajfm/stream/; | icon/erzurum-imaj-fm.jpg
Esas Radyo = https://yayin.turkhosted.com:6034/stream/;stream.mp3 | icon/esas-radyo.jpg
Eskişehir Mavi Radyo = https://radyo.yayindakiler.com:3140/stream?/;stream.mp3 | icon/mavi-radyo-eskisehir.jpg
Eskişehir Mavi Radyo = https://radyo.yayindakiler.com:3140/stream?/; | icon/mavi-radyo-eskisehir.jpg
Evrensel FM = https://evrenselfm.ozelip.com.tr/9996/stream?/;stream.mp3 | icon/evrensel-fm.jpg
Evrensel FM = https://evrenselfm.ozelip.com.tr/9996/stream?/; | icon/evrensel-fm.jpg
FENOMEN = https://live.radyofenomen.com/fenomen/128/icecast.audio | icon/fenomen.png
FENOMEN = https://live.radyofenomen.com/fenomen/abr/fenomen/256/chunks.m3u8 | icon/fenomen.png
FENOMEN AKUSTİK = https://live.radyofenomen.com/fenomenakustik/128/icecast.audio | icon/fenomen_akustİk.jpg
FENOMEN AKUSTİK = https://live.radyofenomen.com/fenomenakustik/abr/fenomenakustik/128/chunks.m3u8 | icon/fenomen_akustİk.jpg
FENOMEN CLUBBİN = https://live.radyofenomen.com/fenomenclubbin/128/icecast.audio | icon/fenomen_clubbİn.jpg
FENOMEN CLUBBİN = https://live.radyofenomen.com/fenomenclubbin/abr/fenomenclubbin/128/chunks.m3u8 | icon/fenomen_clubbİn.jpg
FENOMEN DANS = https://live.radyofenomen.com/fenomendans/128/icecast.audio | icon/fenomen_dans.jpg
FENOMEN DANS = https://live.radyofenomen.com/fenomendans/abr/fenomendans/128/chunks.m3u8 | icon/fenomen_dans.jpg
FENOMEN KARIŞIK = https://live.radyofenomen.com/fenomenkarisik/128/icecast.audio | icon/fenomen_karişik.jpg
FENOMEN KARIŞIK = https://live.radyofenomen.com/fenomenkarisik/abr/fenomenkarisik/128/chunks.m3u8 | icon/fenomen_karişik.jpg
FENOMEN POP = https://live.radyofenomen.com/fenomenpop/128/icecast.audio | icon/fenomen_pop.jpg
FENOMEN POP = https://live.radyofenomen.com/fenomenpop/abr/fenomenpop/128/chunks.m3u8 | icon/fenomen_pop.jpg
FENOMEN TÜRK = https://live.radyofenomen.com/fenomenturk/128/icecast.audio | icon/fenomen_türk.jpg
FENOMEN TÜRK = https://live.radyofenomen.com/fenomenturk/abr/fenomenturk/256/chunks.m3u8 | icon/fenomen_türk.jpg
FLOW = https://moondigitaledge.radyotvonline.net/flow/playlist.m3u8 | icon/flow-radyo.png
FM 23 Elazığ = https://radyo.yayin.com.tr:8280/stream/1/?icy=http/;stream.mp3 | icon/radyofm23.jpg
FM 23 Elazığ = https://radyo.yayin.com.tr:8280/stream/1/?icy=http/; | icon/radyofm23.jpg
Fon Radyo = https://sssx.radyosfer.com/radyofon/stream?/; | icon/fon-radyo.jpg
Fon Radyo = https://sssx.radyosfer.com/radyofon/stream?/;stream.mp3 | icon/fon-radyo.jpg
Furkan Radyo Kayseri = https://radyo.yayindakiler.com:6191/stream?/;stream.mp3 | icon/furkan-radyo-dinle.jpg
Gap FM = https://anadolu.liderhost.com.tr:10891/; | icon/gap-fm.jpg
Gaziantep Kervan FM = https://live.kervanfm.com.tr/kervanfm?/;stream.mp3 | icon/kervan-fm.jpg
Gaziantep Kervan FM = https://live.kervanfm.com.tr/kervanfm?/; | icon/kervan-fm.jpg
Gaziantep Nizip Radyo = https://sssx.radyosfer.com/nrtfm/stream?/;stream.mp3 | icon/nizip-radyo.jpg
Gaziantep Nizip Radyo = https://sssx.radyosfer.com/nrtfm/stream?/; | icon/nizip-radyo.jpg
Gebze FM = https://eminmisin.radyodinle.stream/9530/stream?/;stream.mp3 | icon/gebze-fm.jpg
Gebze FM = https://eminmisin.radyodinle.stream/9530/stream?/ | icon/gebze-fm.jpg
GECEKUŞU FM = https://radyo1.radyo-dinle.tc:7053/;
GENÇ KRAL FM = https://anadolu.liderhost.com.tr/8090/; | icon/genç_kral_fm.jpeg
GENÇ KRAL FM = https://anadolu.liderhost.com.tr:10991/; | icon/genç_kral_fm.jpeg
Genç Radyo = https://radyodinle1.turkhosted.com/yayin?uri=yayin.turkhosted.com:6030/&tkn=-Cyp097JCDFzpGL6MZbE6g&tms=1778032987 | icon/genc-radyo.png
Gençliğin Sesi Radyosu = https://ssl120.radyotelekom.com.tr/8204/stream?/;stream.mp3 | icon/gencligin-sesi-radyosu.jpg
Gerçek Radyo = https://yayin.radyomadyo.com:9590/stream?/;stream.mp3 | icon/gercek-radyo-istanbul.jpg
Gerçek Radyo = https://yayin.radyomadyo.com:9590/stream?/; | icon/gercek-radyo-istanbul.jpg
Giresun FM 102.5 = https://sslyayin.netyayin.net/2828/stream/;stream.mp3 | icon/giresun-fm.jpg
Giresun FM 102.5 = https://sslyayin.netyayin.net/2828/stream/; | icon/giresun-fm.jpg
Giresun Radyo Flash = https://sssx.radyosfer.com/9430/stream?/;stream.mp3 | icon/radyo-flash-fm.jpg
Giresun Radyo Flash = https://sssx.radyosfer.com/9430/stream?/; | icon/radyo-flash-fm.jpg
Göksun FM = https://sslyayin.netyayin.net:10970/stream?/;stream.mp3 | icon/goksun-fm.jpg
Göl Radyo = https://sssx.radyosfer.com/radyogol/stream? | icon/gol-radyo.jpg
Gözde FM = https://gozdefm.80.yayin.com.tr/; | icon/gozde-fm.jpg
Gurbetçi FM = https://live.radyositesihazir.com/8062/stream?/;stream.mp3 | icon/gurbetci-fm.jpg
Gurbetçi FM = https://live.radyositesihazir.com/8062/stream?/; | icon/gurbetci-fm.jpg
Gurdek FM = https://anadolu.liderhost.com.tr/8112/; | icon/gurdek-fm.jpg
Gurdek FM = https://anadolu.liderhost.com.tr:10940/;| icon/gurdek-fm.jpg
Gün FM Afyon = https://ssl120.radyotelekom.com.tr/8130/; | icon/gun-fm.jpg
Haber Türk Radyo = https://haberturkradyo.radyotvonline.net/haberturkradyo?/;stream.mp3 | icon/haber-turk-radyo.jpg
Haber Türk Radyo = https://haberturkradyo.radyotvonline.net/haberturkradyo?/; | icon/haber-turk-radyo.jpg
Hakkari FM = https://radyo.slmbilisim.net/8004/stream; | icon/hakkarİ_fm.jpeg
Haktan FM = https://anadolu.liderhost.com.tr:10980/; | icon/haktan-fm.jpg
Hamsi FM = https://anadolu.liderhost.com.tr/8028/stream | icon/hamsİ_fm.jpeg
Harran FM = https://dinle.harranfm.com/8026/stream? | icon/harran-fm.jpg
Hatay Asya Radyo = https://sslyayin.netyayin.net/9850/stream?/;stream.mp3 | icon/asya-radyo-hatay.jpg
Hatay Asya Radyo = https://sslyayin.netyayin.net/9850/stream?/; | icon/asya-radyo-hatay.jpg
Hatay Dost FM = https://radyodinle1.turkhosted.com/yayin?uri=yayin.netyayin.net:1515/&tkn=p6zh5jhLzg3dYfLwxfeXIg&tms=1777979289 | icon/hatay-dost-fm.jpg
Hatay Dost FM = https://radyodinle1.turkhosted.com/yayin?uri=yayin.netyayin.net:1515/&tkn=gXtAx6I3VuA4E_WNHU20dg&tms=1777980096 | icon/hatay-dost-fm.jpg
Hatay Melodi FM = https://radyomelodi.80.yayin.com.tr/;/;stream.mp3 | icon/hatay-radyo-melodi.jpg
Hatay Melodi FM = https://radyomelodi.80.yayin.com.tr/;/; | icon/hatay-radyo-melodi.jpg
Hatay Tempo FM = https://sslyayin.netyayin.net/tempo/stream?/;stream.mp3 | icon/hatay-tempo-fm.jpg
Hatay Tempo FM = https://sslyayin.netyayin.net/tempo/stream?/; | icon/hatay-tempo-fm.jpg
Hayat Mix = https://hayatmix.yayin.com.tr/; | icon/hayat-mix-remix.jpg
Hilal FM Mut = https://sssx.radyosfer.com/9314/stream?/;stream.mp3 | icon/radyo-hilal-fm-mersin-mut.jpg
Home Klasik = https://ssl4.radyotvonline.com/radyohome/klasikhome.stream_aac/playlist.m3u8 | icon/home_klasİk.jpg
HOŞ MiX = https://anadolu.liderhost.com.tr:10871/; | icon/hos-mix.jpg
HouseLand = https://moondigitaledge.radyotvonline.net/houseland/playlist.m3u8 | icon/houseland-radyo.jpg
Hür FM = https://sssx.radyosfer.com/hurfm/stream | icon/hur-fm.jpg
Iğdır FM = https://radyo.yayindakiler.com:4158/stream?/;stream.mp3 | icon/igdir-fm.jpg
Iğdır FM = https://radyo.yayindakiler.com:4158/stream?/; | icon/igdir-fm.jpg
Imaj Pop = https://stream.netradyom.com/listen/imajpop/radio.mp3 | icon/imaj-pop.jpg
İçel FM = https://tr2.socialsmart.tv/tepemedya/icelfm/icecast.audio?/;stream.mp3 | icon/icel-fm.jpg
İlaç Radyo = https://ilacgibiradyo.ozelip.com/9798/stream?/;stream.mp3 | icon/ilac-radyo.jpg
İmparator FM Sakarya = https://sssx.radyosfer.com/imparatorfm/stream?/;stream.mp3 | icon/imparator-fm-sakarya.jpg
İmparator FM Sakarya = https://sssx.radyosfer.com/imparatorfm/stream?/; | icon/imparator-fm-sakarya.jpg
İncitek FM = https://radyo.yayindakiler.com:4204/stream?/;stream.mp3 | icon/incitek-fm.jpg
İncitek FM = https://radyo.yayindakiler.com:4204/stream?/; | icon/incitek-fm.jpg
İstanbul Fm = https://rdfenlive.mediatriple.net/fenomen/istanbulfm/playlist.m3u8 | icon/istanbul-fm.jpg
İstanbul FM Alaturka = https://yayin.istanbulfm.com.tr/istanbulfm/alaturka/playlist.m3u8 | icon/istanbul-fm-alaturka.jpg
İstanbul FM Fantezi = https://yayin.istanbulfm.com.tr/istanbulfm/fantezi/playlist.m3u8 | icon/istanbul-fm-fantezi-radyosu.jpg
İstanbul FM Nostalji = https://yayin.istanbulfm.com.tr/istanbulfm/nostalji/playlist.m3u8 | icon/istanbul-fm-nostalji.jpg
İstanbul Küpe FM = https://icecast.netmedya.net/kupefm?/;stream.mp3 | icon/kupe-fm.jpg
İstanbul Küpe FM = https://icecast.netmedya.net/kupefm?/; | icon/kupe-fm.jpg
İstanbul Radyo Seymen = https://yayin.radyoseymen.com.tr:1070/stream?/;stream.mp3 | icon/radyo-seymen.jpg
İstanbul Radyo Seymen = https://yayin.radyoseymen.com.tr:1070/stream?/; | icon/radyo-seymen.jpg
İstanbulun Sesi Radyosu = https://yayin.radyomadyo.com:9180/stream?/;stream.mp3 | icon/istanbulun-sesi.jpg
İstanbulun Sesi Radyosu = https://yayin.radyomadyo.com:9180/stream?/; | icon/istanbulun-sesi.jpg
İTÜ Radyosu Jazz Blues = https://radyodinle1.turkhosted.com/yayin?uri=160.75.86.29:8090/&tkn=R1wdr8oes8-11iTsm3r6Yg&tms=1778020935 | icon/itu-radyosu-jazz-blues.jpg
İTÜ Radyosu Rock = https://radyodinle1.turkhosted.com/yayin?uri=160.75.86.29:8095/&tkn=08hPGT_8BoKBlBEgCGjmlA&tms=1777996834 | icon/itu-radyosu-rock.jpg
İzmir İmbat Fm = https://radyo.medyahost.com.tr/8034/stream? | icon/imbat-fm.jpg
İzmir İmbat Fm = https://radyodinle1.turkhosted.com/yayin?uri=162.244.80.20:8788/&tkn=6n3j_XHmu2xInk2MXPVNqA&tms=1778065025 | icon/imbat-fm.jpg
İzmir Kordon FM = https://radyo.medyahost.com.tr/8050/stream? | icon/kordon-fm.jpg
İzmir Radyo Can = https://radyo.yayindakiler.com:3124/stream? | icon/can-radyo-izmir.jpg
JAZZLAND = https://moondigitaledge.radyotvonline.net/jazzland/playlist.m3u8 | icon/JAZZLAND.png
JOY TURK = https://playerservices.streamtheworld.com/api/livestream-redirect/JOY_TURK_SC?/;	| icon/joyturk.png
JOYTURK ROCK = https://playerservices.streamtheworld.com/api/livestream-redirect/JOYTURK_ROCK_SC?/; | icon/joy-turk-rock.png
Kadırga FM = https://sslyayin.radyoyayini.com/8144/stream?/;stream.mp3 | icon/kadirga-fm.jpg
Kadırga FM = https://sslyayin.radyoyayini.com/8144/stream?/; | icon/kadirga-fm.jpg
KAFA RADYO = https://moondigitalmaster.radyotvonline.net/kafaradyo/playlist.m3u8 | icon/kafa_radyo.jpg
KAFA RADYO = https://moondigitaledge2.radyotvonline.net/kafaradyo/playlist.m3u8 | icon/kafa_radyo.jpg
Kahramanmaraş Fresh FM = https://canli.radyofresh.com/stream?/;stream.mp3 | icon/radyo-fresh.jpg
Kalp FM = https://yayin.kalpfm.com:8080/stream?/;stream.mp3 | icon/kalp-fm.jpg
Kalp FM = https://yayin.kalpfm.com:8080/stream?/; | icon/kalp-fm.jpg
Kampüs FM = https://listen.powerapp.com.tr/kampusfm/mpeg/icecast.audio? | icon/kampus-fm.jpg
Kapadokya FM 94.5 = https://sssx.radyosfer.com/kapadokyafm/stream?/;stream.mp3 | icon/radyo-kapadokya-fm.jpg
Karadeniz Akustik FM = https://karadenizakustik.radyotvonline.net/;stream.mp3 | icon/karadeniz-akustik.jpg
Karadeniz Dalga FM = https://dinle.radyokaradeniz.com/stream? | icon/karadeniz-dalga-fm.jpg
KARADENİZ FM = https://wowza1.radyotvonline.com/unitedmedia/karadenizfm.stream/playlist.m3u8 | icon/karadenİz_fm.jpeg
KARADENİZ FM = https://moondigitalmaster.radyotvonline.net/karadenizfm/playlist.m3u8 | icon/karadenİz_fm.jpeg
Karadeniz Fm Bursa = https://sssx.radyosfer.com/bursakaradenizfm/stream?/;stream.mp3 | icon/bursa-karadeniz-fm-100x100.jpg
Karadeniz Fm Bursa = https://sssx.radyosfer.com/bursakaradenizfm/stream?/; | icon/bursa-karadeniz-fm-100x100.jpg
Karadeniz Radyo = https://playerservices.streamtheworld.com/api/livestream-redirect/KARADENIZ128AAC.aac?/;stream.mp3 | icon/karadeniz-radyo.jpg
Karadeniz Radyo = https://27913.live.streamtheworld.com/KARADENIZ128AAC.aac?/;stream.mp3 | icon/karadeniz-radyo.jpg
Karesi Radyo = https://sssx.radyosfer.com/karesiradyo/stream/;stream.mp3 | icon/karesi-radyo.jpg
Karma Türk = https://yayin.radyomadyo.com:8006/stream | icon/karma-turk.jpg
KARMA TÜRK FM = https://yayin.radyomadyo.com:8006/stream | icon/karma_türk_fm.jpg
Kastamonu Fm = https://radyo.yayin.com.tr:4264/stream?/;stream.mp3 | icon/kastamonu-fm.jpg
Kayseri Birlik FM = https://yayin2.canliyayin.org:7082/stream? | icon/birlik-fm.jpg
Kayseri Gözde Fm = https://sslyayin.radyoyayini.com:7067/stream?/;stream.mp3 | icon/gozde-fm-kayseri.jpg
Kayseri Kay Radyo = https://sssx.radyosfer.com/kayradyo/stream?/;stream.mp3 | icon/kay-radyo.jpg
Kayseri Kent FM = https://radyo.yayindakiler.com:4056/stream?/;stream.mp3 | icon/kent-fm-kayseri.jpg
Kent Deha Radyo = https://ip1.ozelip.com/8026/stream? | icon/kent-deha-radyo.jpg
Kent FM Ereğli = https://kentfm955.ozelip.com/9306/stream?/;stream.mp3 | icon/kent-fm-eregli.jpg
Kent FM Ereğli = https://kentfm955.ozelip.com/9306/stream?/; | icon/kent-fm-eregli.jpg
Kent Radyo Mersin = https://anadolu.liderhost.com.tr:10906/stream?/;stream.mp3 | icon/kent-radyo-mersin.jpg
Keskin FM = https://radyodinle1.turkhosted.com/yayin?uri=keskinfm.com:1021/&tkn=5vZ8-WPIhvlE0T1ANCjeaQ&tms=1778032877 | icon/keskin-fm.jpg
Keskin FM = https://radyodinle1.turkhosted.com/yayin?uri=keskinfm.com:1021/&tkn=tfuS810XG1vFHQ-ZsKMirw&tms=1778033530 | icon/keskin-fm.jpg
Keyf Fm Nevşehir = https://sssx.radyosfer.com/radyokeyf/stream?/;stream.mp3 | icon/keyf-fm-nevsehir.jpg
Keyf Radyo = https://sssx.radyosfer.com/keyfradyo/stream?/;stream.mp3 | icon/keyf-radyo.jpg
KGRT FM = https://sslyayin.netyayin.net/7042/stream/;stream.mp3 | icon/kgrt-fm.jpg
Kırşehir Radyo Kent = https://radyo1.radyo-dinle.tc/8122/stream? | icon/kirsehir-radyo-kent.jpg
Kiss FM = https://kiss.radyotvonline.net/kissfm?/;stream.mp3 | icon/kiss-fm.jpg
Kiss FM = https://kiss.radyotvonline.net/kissfm?/; | icon/kiss-fm.jpg
Kiss Türk = https://kiss.radyotvonline.net/kissturk?/;stream.mp3 | icon/kiss-turk.jpg
Kiss Türk = https://kiss.radyotvonline.net/kissturk?/; | icon/kiss-turk.jpg
Klas Radio = https://anadolu.liderhost.com.tr:10929/; | icon/klas-radio.jpg
Kocaeli Mega FM = https://sssx.radyosfer.com/megafm/stream?/; | icon/mega-fm-kocaeli.jpg
Kocaeli Mega FM = https://sssx.radyosfer.com/megafm/stream?/;stream.mp3 | icon/mega-fm-kocaeli.jpg
Kocaeli Radyo Gül = https://yayin2.canliyayin.org:10989/;stream.mp3 | icon/radyo-gul.jpg
Kocaeli Radyo Gül = https://yayin2.canliyayin.org:10989/; | icon/radyo-gul.jpg
Kocaeli Radyo Şahin = https://sslyayin.netyayin.net/8070/stream/;stream.mp3 | icon/radyo-sahin.jpg
Kocaeli Radyo Şahin = https://sslyayin.netyayin.net/8070/stream/; | icon/radyo-sahin.jpg
Kocaeli Tempo FM = https://yayin1.canlitv.fun:8012/stream?/;stream.mp3 | icon/tempo-fm-kocaeli.jpg
Kocaeli Tempo FM = https://yayin1.canlitv.fun:8012/stream?/; | icon/tempo-fm-kocaeli.jpg
Kolaylı Radyo = https://radyodinle1.turkhosted.com/yayin?uri=154.53.167.66:8004/&tkn=M2bM1suaera80rtbx0mEJg&tms=1778123368 | icon/radyo-kolayli-afyon-100x100.jpg
Kolaylı Radyo = https://radyodinle1.turkhosted.com/yayin?uri=154.53.167.66:8004/&tkn=InercAM-G-jZBljqP7lNyw&tms=1778137836 | icon/radyo-kolayli-afyon-100x100.jpg
Konya FM = https://sssx.radyosfer.com/konyafm/stream?/;stream.mp3 | icon/konya-fm.jpg
Konya FM = https://ssl.radyosfer.com/konyafm/stream | icon/konya-fm.jpg
Konya Gözyaşı Fm = https://yayin2.canliyayin.org:8700/stream?/;stream.mp3 | icon/gozyasi-fm-dinle.jpg
Konya Gözyaşı Fm = https://yayin2.canliyayin.org:8700/stream?/; | icon/gozyasi-fm-dinle.jpg
Konya İsra FM = https://yayin2.canliyayin.org:8210/stream?/;stream.mp3 | icon/isra-fm.jpg
Konya İsra FM = https://yayin2.canliyayin.org:8210/stream?/; | icon/isra-fm.jpg
Konya Radyo En = https://yayin2.canliyayin.org:7222/stream?/;stream.mp3 | icon/radyo-en.jpg
Konya Radyo En = https://yayin2.canliyayin.org:7222/stream?/; | icon/radyo-en.jpg
Konya Seydişehir Fm = https://sssx.radyosfer.com/seydisehirfm/stream/;stream.mp3 | icon/seydisehir-fm.jpg
Konya Seydişehir Fm = https://sssx.radyosfer.com/seydisehirfm/stream/; | icon/seydisehir-fm.jpg
Konya Tiryaki FM = https://yayin.turkhosted.com/6056/stream/;stream.mp3 | icon/tiryaki-fm.jpg
Konya Tiryaki FM = https://yayin.turkhosted.com/6056/stream/; | icon/tiryaki-fm.jpg
Körfez FM = https://ssl180.ozelip.com/asistan/stream/63fce6aebc19dca16c183a910ccd9a5a? | icon/korfez-fm.jpg
Köroğlu FM = https://yayin.turkhosted.com:6068/stream?/;stream.mp3 | icon/koroglu-fm.jpg
Köroğlu FM = https://yayin.turkhosted.com:6068/stream?/; | icon/koroglu-fm.jpg
KRAL FM = https://ssldyg2.radyotvonline.com/dyg/kralfm64.stream/playlist.m3u8 | icon/kral-fm.png
KRAL FM = https://dygedge2.radyotvonline.net/kralfm/playlist.m3u8 | icon/kral-fm.png
Kral FM Aksaray = https://sssx.radyosfer.com/aksaraykralfm/stream?/;stream.mp3 | icon/aksaray-kent-fm.jpg
Kral FM Aksaray = https://sssx.radyosfer.com/aksaraykralfm/stream?/; | icon/aksaray-kent-fm.jpg
KRAL POP = https://ssldyg2.radyotvonline.com/dyg/kralpop64.stream/playlist.m3u8 | icon/kral_pop.png
KRAL POP = https://dygedge.radyotvonline.net/kralpop/playlist.m3u8 | icon/kral_pop.png
Kral Pop Radyo = https://dygedge.radyotvonline.net/kralpop/playlist.m3u8 | icon/kral-pop.jpg
Kral Pop Radyo = https://dygmasterc.radyotvonline.net/kralpop/bjbNLWXHHhF-177789154-10007.aac | icon/kral-pop.jpg
Kral Pop Radyo = https://dygmasterc.radyotvonline.net/kralpop/5zzNZanjSnN-177789156-9984.aac | icon/kral-pop.jpg
Kral Pop Radyo = https://dygmasterc.radyotvonline.net/kralpop/3NnrK8HJSzM-177789157-6733.aac | icon/kral-pop.jpg
Kral Pop Radyo = https://dygmasterc.radyotvonline.net/kralpop/9GvF4MiutV9-177789161-9984.aac | icon/kral-pop.jpg
KRAL TÜRK FM = https://live.radyositesihazir.com/8032/stream | icon/kral-fm.png
Kralım FM 99.3 = https://dinle.kralimfm.com/7890/stream?/;stream.mp3 | icon/kralim-fm.jpg
KURDİ FM = https://anadolu.liderhost.com.tr:10939/;
Kuşadası 105 FM = https://sssx.radyosfer.com/kusadasi105fm/stream? | icon/radyo-net-kusadasi.jpg
Kuzey FM = https://radyo.yayindakiler.com:3028/stream?/;stream.mp3 | icon/kuzey-fm-trabzon.jpg
Kütahya Aktif FM = https://radyo.yayindakiler.com:3164/stream?/;stream.mp3 | icon/aktif-fm-kutahya.jpg
Kütahya Aktif FM = https://radyo.yayindakiler.com:3164/stream?/; | icon/aktif-fm-kutahya.jpg
Kütahya Radyo Dumlupınar = https://radyo.yayin.com.tr:6090/stream?/;stream.mp3 | icon/radyo-dumlupinar.jpg
Kütahya Radyo Dumlupınar = https://radyo.yayin.com.tr:6090/stream?/; | icon/radyo-dumlupinar.jpg
Lalegül FM = https://icecast.netmedya.net/lalegulfm | icon/lalegul-fm.jpg
Lider FM = https://radyo1.radyo-dinle.tc/8108/stream?/;stream.mp3 | icon/lider-fm-adana.jpg
Lider FM = https://wowza1.radyotvonline.com/shoutcast/liderfm.stream/chunklist.m3u8 | icon/lider-fm-adana.jpg
Lig Radyo = https://ligradyo.radyotvonline.net/ligradyo | icon/lig-radyo.jpg
Lig Radyo = https://turkmedya.radyotvonline.com/turkmedya/ligradyo.stream/playlist.m3u8 | icon/lig-radyo.jpg
Likya Class FM = https://yayin1.canlitv.fun:8026/stream?/;stream.mp3 | icon/likya-class-fm.jpg
Lounge FM = https://edge1.radyotvonline.net/shoutcast/play/loungefm?/;stream.mp3 | icon/lounge-fm-96.jpg
Lounge FM = https://edge1.radyotvonline.net/shoutcast/play/loungefm?/; | icon/lounge-fm-96.jpg
Magic FM = https://radyo.yayindakiler.com:3032/stream?/;stream.mp3 | icon/magic-fm.jpg
Malatya Çağlar Fm = https://sssx.radyosfer.com/radyocaglar/stream?/; | icon/caglar-fm.jpg
Malatya Çağlar Fm = https://sssx.radyosfer.com/radyocaglar/stream?/;stream.mp3 | icon/caglar-fm.jpg
MALATYA GROSS FM = https://radyo1.radyo-dinle.tc:7015/;
Malatya Radyo İmparator = https://radyo.yayindakiler.com:4042/stream?/;stream.mp3 | icon/radyo-imparator-malatya.jpg
Malatya Radyo İmparator = https://radyo.yayindakiler.com:4042/stream?/; | icon/radyo-imparator-malatya.jpg
Manisa Radyo Hiraş = https://radyo.wlsrv.com:9082/;/;stream.mp3 | icon/radyo-hiras.jpg
Manisa Radyo Hiraş = https://radyo.wlsrv.com:9082/; | icon/radyo-hiras.jpg
Manisa Seç FM = https://radyodinle1.turkhosted.com/yayin?uri=95.6.10.202:8010/&tkn=D0cncYXhaZ9MmQlLzTWxQg&tms=1778032637 | icon/sec-fm.jpg
Manisa Seç FM = https://radyodinle1.turkhosted.com/yayin?uri=95.6.10.202:8010/&tkn=F6u7bhZ0kF4cFklHU3Lb_A&tms=1778034091 | icon/sec-fm.jpg
Maraton FM = https://live.radyo.in/9985/stream?/;stream.mp3 | icon/maraton-fm.jpg
Mardin Radyo Zergan = https://sslyayin.netyayin.net/radyozergan/stream?/;stream.mp3 | icon/radyo-zergan.jpg
Mardin Radyo Zergan = https://sslyayin.netyayin.net/radyozergan/stream?/; | icon/radyo-zergan.jpg
Mavi FM Türkiye 99.1 = https://sssx.radyosfer.com/mavifmturkiye/stream? | icon/mavi-fm-turkiye.jpg
Mavi Gece FM = https://ip169.ozelip.com:10998/; | icon/mavi-fm-gece.png
Mziden Bir Demet = https://moondigitalmaster.radyotvonline.net/mazidenbirdemet/playlist.m3u8 | icon/mazİden_bİr_demet.jpg
Mega Radyo İskenderun = https://megaradyoiskenderun.ozelip.com/8024/stream | icon/radyo-mega-iskenderun.jpg
MELENKOLİK HOME = https://moondigitalmaster.radyotvonline.net/melankolikhome/playlist.m3u8 | icon/melenkolİk_home.jpg
Melodi FM = https://radyomelodi.80.yayin.com.tr/; | icon/melodi-fm.png
Melodi Fm Ünye = https://sssx.radyosfer.com/unyemelodifm/stream?/;stream.mp3 | icon/unye-melod-fm.jpg
Mercan FM = https://mercanfm.ozelip.com.tr:10975/stream? | icon/mercan-fm.jpg
Merkez FM = https://sslyayin.radyoyayini.com:7007/stream? | icon/samsun-merkez-fm.jpg
MERKEZ FM Samsun = https://sslyayin.radyoyayini.com:7007/stream | icon/merkez_fm_samsun.jpeg
Mersin Fm = https://tr2.socialsmart.tv/tepemedya/mersinfm/icecast.audio?/;stream.mp3 | icon/mersin-fm.jpg
Mersin Tarsus FM = https://tarsusfm.80.yayin.com.tr/stream/;stream.mp3 | icon/tarsus-fm.jpg
Mersin Üniversitesi Radyosu = https://listen.powerapp.com.tr/mersin/mpeg/icecast.audio?/;stream.mp3 | icon/mersin-universitesi-radyosu.jpg
Mert FM = https://radyo.yayin.com.tr:5028/stream?/;stream.mp3 | icon/mert-fm-adiyaman.jpg
Mesaj Fm = https://yayin1.canlitv.fun:8010/stream?/;stream.mp3 | icon/mesaj-fm.jpg
Mesaj Fm = https://yayin1.canlitv.fun:8010/stream?/; | icon/mesaj-fm.jpg
Meşk Fm 95.5 = https://stream.radyolarburada.com:8130/stream?/;stream.mp3 | icon/mesk-fm.jpg
METRO FM = https://playerservices.streamtheworld.com/api/livestream-redirect/METRO_FM_SC?/; | icon/metro_fm.jpg
Mezopotamya Radyo = https://anadolu.liderhost.com.tr:10965/stream? | icon/mezopotamya-radyo.jpg
Mezopotamya Radyo = https://anadolu.liderhost.com.tr:10965/; | icon/mezopotamya-radyo.jpg
Moral Fm = https://stream-281.zeno.fm/0cfiqwdkobavv?zt=eyJhbGciOiJIUzI1NiJ9.eyJzdHJlYW0iOiIwY2ZpcXdka29iYXZ2IiwiaG9zdCI6InN0cmVhbS0yODEuemVuby5mbSIsInJ0dGwiOjUsImp0aSI6ImFhWkM3X3liUXQtSF9peHJGbkVUYXciLCJpYXQiOjE3Nzc4OTE3ODksImV4cCI6MTc3Nzg5MTg0OX0.WyUS-wY4MGEgyLaJD1EZuoGJj1EXqxfXbCixR7SFV0w | icon/radyo-moral-fm.jpg
Moral Fm = https://stream-51.zeno.fm/0cfiqwdkobavv?zs=RptTdDEHQ2Wej62cArILjQ/;stream.mp3 | icon/radyo-moral-fm.jpg
Moral Fm = https://stream-51.zeno.fm/0cfiqwdkobavv?zs=RptTdDEHQ2Wej62cArILjQ/; | icon/radyo-moral-fm.jpg
Muğla Ortaca FM = https://radyodinle1.turkhosted.com/yayin?uri=rtolive.turkhosted.com:9100/&tkn=C4WHhOegErdYWFvfw4LiOA&tms=1778035058 | icon/ortaca-fm.jpg
Mutlu FM = https://radyodinle1.turkhosted.com/yayin?uri=mutlufm.canliyayinda.com:2828/stream?/&tkn=OrwJgMxW3jyrOKqLCexIyg&tms=1778032700 | icon/mutlu-fm.jpg
Mutlu FM = https://radyodinle1.turkhosted.com/yayin?uri=mutlufm.canliyayinda.com:2828/stream?/&tkn=tfi5jrHSilZsWNCV81Ufvg&tms=1778054812 | icon/mutlu-fm.jpg
Mutlu FM = https://radyo.yayin.com.tr:2828//; | icon/mutlu-fm.jpg
MÜZEYYEN = https://moondigitaledge.radyotvonline.net/muzeyyen/playlist.m3u8 | icon/müzeyyen.jpg
NAZİLLİ RADYO ÖZDEN = https://wowza1.radyotvonline.com/shoutcast/radyoozden.stream/playlist.m3u8 | icon/nazİllİ_radyo_özden.jpg
NEBİ FM = https://anadolu.liderhost.com.tr:10901/;
NEŞTER RADYO = https://sslyayin.netyayin.net:10929//; | icon/neşter_radyo.jpg
Niğde Fm 91.3 = https://radyoserver3.okeylisans.com:8644/stream? | icon/nigde-fm.jpg
NTV RADYO = https://dygedge.radyotvonline.net/ntvradyo/playlist.m3u8 | icon/ntv_radyo.jpg
NTV RADYO = https://rto.turkhosted.com/smil/smil:ntvradyo.smil/playlist.m3u8 | icon/ntv_radyo.jpg
NTV RADYO = https://ssldyg.radyotvonline.com/smil/smil:ntvradyo.smil/playlist.m3u8 | icon/ntv_radyo.jpg
Number 1 Jazz = https://eustr75.mediatriple.net/Number1Media/22_Number1_Jazz.stream/playlist.m3u8 | icon/number-one-jazz.jpg
Number 1 Jazz = https://eustr75.mediatriple.net/Number1Media/22_Number1_Jazz.stream/media-ukm55ph6w_95234.aac | icon/number-one-jazz.jpg
Nur Radyo (dini) = https://yayin5.radyohizmeti.com/8106/stream?/;stream.mp3 | icon/nur-radyo.jpg
Nur Radyo (dini) = https://yayin5.radyohizmeti.com/8106/stream?/; | icon/nur-radyo.jpg
Nurs FM = https://radyodinle1.turkhosted.com/yayin?uri=host10.onlineradyotv.net:8008/&tkn=Bbd8GgEDR-_CIIHaMdeFjQ&tms=1777967506 | icon/nurs-fm.jpg
Olay FM Antalya = https://netyayin.jsproduksiyon.com:9010/olayfm?type=http&nocache=1706 | icon/olay-fm-anyalya.jpg
OMÜ Radyo = https://omuradyo.ozelip.com/8042/stream?/;stream.mp3 | icon/omu-radyo.jpg
Oney Flash FM = https://sssx.radyosfer.com/oneyflashfm/stream?2907/;stream.mp3 | icon/oney-flash-fm.jpg
ONUR RADYO = https://anadolu.liderhost.com.tr/8094/stream | icon/onur_radyo.jpg
Ordu FM = https://radyo.yayindakiler.com:8012/stream?/;stream.mp3 | icon/ordu-fm.jpg
Ordu FM = https://radyo1.radyo-dinle.tc/8098/; | icon/ordu-fm.jpg
Ordu Moda FM = https://modafm.ozelip.com.tr:8016/stream?/;stream.mp3 | icon/moda-fm-unye.jpg
Osmaniye Radyo Gönül = https://sslyayin.netyayin.net/gonulfm/stream?/;stream.mp3 | icon/radyo-gonul-osmaniye.jpg
OSTİM RADYO = https://stream.netradyom.com/radio/8010/radio.mp3 | icon/ostİm_radyo.jpg
Örnek Radyo Muğla = https://radyo.yayindakiler.com:3006/stream?/;stream.mp3 | icon/ornek-radyo.jpg
Öz Fm = https://ip231.ozelip.com/9914/stream/;stream.mp3 | icon/oz-fm.jpg
ÖZEL FM = https://ozelfm.80.yayin.com.tr/;stream
Özlem FM Tokat = https://radyodinle1.turkhosted.com/yayin?uri=yayin.turkiletisim.com.tr:1080/&tkn=TMbjZsQSj0WV7SB488rh2Q&tms=1778032958 | icon/ozlem-fm-erbaa.jpg
Özlem Fm Uşak = https://sssx.radyosfer.com/ozlemfm/stream?/;stream.mp3 | icon/usak-ozlem-fm-100x100.jpg
PAL FM = https://moondigitalmaster.radyotvonline.net/palfm/playlist.m3u8
PAL NOSTALJİ = https://ssl4.radyotvonline.com/radyohome/palnostaljihome.stream_aac/playlist.m3u8
PAL NOSTALJİ = https://moondigitalmaster.radyotvonline.net/palnostalji/playlist.m3u8
Park FM = https://stream.netradyom.com/listen/parkfm/radio.mp3/;stream.mp3 | icon/park-fm.jpg
PAZARCIK FM = https://anadolu.liderhost.com.tr/9090/stream
PAZARCIK FM 2 = https://anadolu.liderhost.com.tr/9092/stream | icon/pazarcik_fm_2.jpg
PAZARCIK FM 3 = https://anadolu.liderhost.com.tr/9094/stream | icon/pazarcik_fm_3.jpg
PAZARCIK FM 3 INT = https://anadolu.liderhost.com.tr:10934/;
PODNET RADYO = https://radyo1.radyo-dinle.tc:7046/;
Polis Radyosu TSM = https://m.egm.gov.tr:8095/stream?/;stream.mp3 | icon/polis-radyosu-turk-sanat-muzigi.jpg
Polis Radyosu TSM = https://m.egm.gov.tr:8095/stream? | icon/polis-radyosu-turk-sanat-muzigi.jpg
POP HOME = https://moondigitalmaster.radyotvonline.net/pophome/playlist.m3u8 | icon/pop_home.jpg
POP HOME = https://ssl4.radyotvonline.com/radyohome/pophome.stream_aac/playlist.m3u8 | icon/pop_home.jpg
POPLAND = https://moondigitaledge.radyotvonline.net/popland/playlist.m3u8
POPÜLER FM = https://anadolu.liderhost.com.tr:10919/; | icon/popüler_fm.jpg
POWER DANCE = https://listen.powerapp.com.tr/powerdance/abr/powerdance/128/playlist.m3u8 | icon/power_dance.jpg
POWER DEEP = https://listen.powerapp.com.tr/powerdeep/abr/powerdeep/128/playlist.m3u8 | icon/power_deep.jpg
POWER FM = https://live.powerapp.com.tr/powerfm/abr/playlist.m3u8 | icon/power_fm.jpg
POWER GOLD = https://live.powerapp.com.tr/powergold/abr/powergold/128/playlist.m3u8 | icon/power_gold.jpg
POWER GREECE = https://listen.powerapp.com.tr/powergreece/abr/powergreece/128/playlist.m3u8 | icon/power_greece.jpg
POWER LOVE = https://listen.powerapp.com.tr/powerlove/abr/powerlove/128/playlist.m3u8 | icon/power_love.jpg
Power Plus = https://listen.powerapp.com.tr/powerplus/abr/playlist.m3u8 | icon/power-plus.jpg
Power Plus = https://listen.powerapp.com.tr/powerplus/abr/powerplus/128/playlist.m3u8 | icon/power-plus.jpg
Power Pop = https://listen.powerapp.com.tr/powerpop/abr/playlist.m3u8 | icon/power-pop.jpg
Power Pop = https://listen.powerapp.com.tr/powerpop/abr/powerpop/128/playlist.m3u8 | icon/power-pop.jpg
POWER SMOOTH JAZZ = https://listen.powerapp.com.tr/powersmoothjazz/abr/powersmoothjazz/128/playlist.m3u8 | icon/power_smooth_jazz.jpg
POWER XL = https://listen.powerapp.com.tr/powerextralounge/abr/powerextralounge/96/playlist.m3u8 | icon/power_xl.jpg
POWERTÜRK AKUSTİK = https://listen.powerapp.com.tr/powerturkakustik/abr/powerturkakustik/128/playlist.m3u8 | icon/powertürk_akustİk.jpg
POWERTÜRK DANS = https://listen.powerapp.com.tr/powerturkdans/abr/powerturkdans/128/playlist.m3u8
POWERTÜRK FM = https://live.powerapp.com.tr/powerturk/abr/powerturk/128/playlist.m3u8 | icon/powertürk_fm.jpg
POWERTÜRK RAP = https://listen.powerapp.com.tr/powerturkrap/abr/powerturkrap/128/playlist.m3u8
RADİO 5 = https://radiotrc.80.yayin.com.tr/stream | icon/radİo_5.jpg
Radio Life = https://yayin2.canliyayin.org:8698/stream?/;stream.mp3 | icon/radio-life.jpg
Radio Light = https://yayin.radiolight.net:8005/live? | icon/radio-light.jpg
Radio Light = https://yayin.radiolight.net:8005/live | icon/radio-light.jpg
RADİO NET = https://anadolu.liderhost.com.tr:10983/; | icon/radİo_net.jpg
Radyo 06 Ankara = https://radyo.yayin.com.tr:5132/stream? | icon/radyo06.jpg
Radyo 08 = https://radyodinle1.turkhosted.com/yayin?uri=yayin.netyayin.net:8008/&tkn=oYJbShC_Sy8R792zWtvDvw&tms=1777981177 | icon/radyo-08.jpg
Radyo 08 = https://radyodinle1.turkhosted.com/yayin?uri=yayin.netyayin.net:8008/&tkn=RDk1Q84l3bGoMPHeDmhYRg&tms=1777981234 | icon/radyo-08.jpg
Radyo 10 = https://sssx.radyosfer.com/radyoon/stream?/;stream.mp3 | icon/radyo-10-balikesir.jpg
Radyo 13 Tatvan = https://radyo.yayindakiler.com:3050/stream?/;stream.mp3 | icon/radyo-13.jpg
Radyo 14 = https://radyo.yayin.com.tr:4104/stream?/;stream.mp3 | icon/radyo-14-bolu.jpg
Radyo 14 = https://radyo.yayin.com.tr:4104/stream?/; | icon/radyo-14-bolu.jpg
Radyo 16 Bursa = https://radyo.yayin.com.tr:6038/stream? | icon/radyo-16.jpg
Radyo 20 = https://stream.radyo20.com/live? | icon/radyo20.jpg
Radyo 2000 Elazığ = https://radyodinle1.turkhosted.com/yayin?uri=yayin.turkiletisim.com.tr:1092/&tkn=ePWcf_HeYwkgnYgLkTI3zg&tms=1778016612 | icon/elazig-radyo-2000.jpg
Radyo 2000 Elazığ = https://radyodinle1.turkhosted.com/yayin?uri=yayin.turkiletisim.com.tr:1092/&tkn=pghkZ0EyyxQbZJvL1oijJw&tms=1778002761 | icon/elazig-radyo-2000.jpg
RADYO 2000 FM Osmaniye = https://sslyayin.netyayin.net:10915/; | icon/radyo_2000_fm_osmaniye.jpg
Radyo 2000 Osmaniye = https://sslyayin.netyayin.net:10915/; | icon/radyo-2000-osmaniye.jpg
Radyo 34 İstanbul = https://radyo34.radyotvonline.net/radyo34 | icon/radyo-34.jpg
RADYO 35 = https://yayin.turkhosted.com/6012/stream/;stream.mp3 | icon/radyo-35-100x100.png
Radyo 37 = https://radyo.yayindakiler.com:3192/stream?/;stream.mp3 | icon/radyo-37.jpg
RADYO 38 = https://anadolu.liderhost.com.tr:10892/;
Radyo 44 = https://radyo44.80.yayin.com.tr/stream? | icon/radyo-44.jpg
Radyo 45lik = https://stream.radyo45lik.com:4545/stream | icon/45lik-radyo-fm.jpg
Radyo 49 = https://sssx.radyosfer.com/radyo49/stream/;stream.mp3 | icon/radyo-49.jpg
Radyo 49 = https://sssx.radyosfer.com/radyo49/stream/; | icon/radyo-49.jpg
Radyo 5 = https://sslyayin.radyoyayini.com:7062/mp3?/; | icon/radyo-5-merzifon.jpg
Radyo 5 = https://sslyayin.radyoyayini.com:7062/mp3?/;stream.mp3 | icon/radyo-5-merzifon.jpg
Radyo 50 = https://sssx.radyosfer.com/radyo50/stream?/;stream.mp3 | icon/radyo-50.jpg
Radyo 52 = https://sssx.radyosfer.com/radyo52/stream?/;stream.mp3 | icon/radyo-52.jpg
Radyo 68 = https://radyo.yayindakiler.com:4022/stream?/;stream.mp3 | icon/radyo-68-aksaray.jpg
Radyo 68 = https://radyo.yayindakiler.com:4022/stream?/; | icon/radyo-68-aksaray.jpg
Radyo 7 = https://moondigitaledge.radyotvonline.net/radyo7/playlist.m3u8 | icon/radyo-7.jpg
Radyo 7 = https://chunks2.radyotvonline.net/radyo7/fddTMsTC8Aw-355578399-5015.aac | icon/radyo-7.jpg
Radyo 7 = https://chunks2.radyotvonline.net/radyo7/5CifUYbPsu-355578401-4969.aac | icon/radyo-7.jpg
Radyo 71 = https://radyodinle1.turkhosted.com/yayin?uri=radyo.yayin.com.tr:5924/stream?/&tkn=oKfItLemvRvj4gD-xEc65g&tms=1778037477 | icon/radyo-71.jpg
Radyo 71 = https://radyodinle1.turkhosted.com/yayin?uri=radyo.yayin.com.tr:5924/stream?/&tkn=7WtgVZDyFFbQmYqLJYOmWQ&tms=1778048889 | icon/radyo-71.jpg
Radyo 72 = https://sslyayin.radyoyayini.com:7052/stream? | icon/radyo-72.jpg
Radyo 74 BartÄ±n FM = https://radyo.yayin.com.tr:5918/; | icon/radyo-74.jpg
Radyo 74 Bartın FM = https://radyo.yayin.com.tr:5918/; | icon/radyo-74.jpg
RADYO 75 = https://anadolu.liderhost.com.tr/8126/stream | icon/radyo_75.jpeg
Radyo 80 = https://sssx.radyosfer.com/radyo80/stream?/;stream.mp3 | icon/radyo-80.jpg
Radyo 9 = https://radyo.yayin.com.tr:4010/stream?/;stream.mp3 | icon/radyo-9.jpg
Radyo A Anadolu Üniversites = https://radyodinle1.turkhosted.com/yayin?uri=canli.radyoa.anadolu.edu.tr:44445/Radyo_A_MP3?/&tkn=d_hpSyU4oP1U6Ug20WZauw&tms=1777996794 | icon/radyo-a.jpg
Radyo Ak 92.7 = https://radyo.yayin.com.tr:8026/stream? | icon/radyo-ak.jpg
RADYO AKDENİZ Antalya = https://yayin.radyoakdeniz.com/9470/stream? | icon/radyo_akdenİz_antalya.jpg
Radyo Akdeniz FM Hatay = https://sslyayin.netyayin.net/hatayakdenizfm/stream?/;stream.mp3 | icon/hatay-akdeniz-fm.jpg
Radyo Akdeniz FM Hatay = https://sslyayin.netyayin.net/hatayakdenizfm/stream?/; | icon/hatay-akdeniz-fm.jpg
Radyo Aktif Bursa = https://sssx.radyosfer.com/radyoaktif/stream? | icon/radyo-aktif-bursa.jpg
RADYO ALATURKA = https://yayin.jumboserver.net:9100/stream | icon/radyo_alaturka.png
RADYO ALİS = https://anadolu.liderhost.com.tr:10946/; | icon/radyo_alİs.jpeg
RADYO ALPERENCE = https://anadolu.liderhost.com.tr:10932/;
Radyo Ankara = https://radyoankara.ozelip.net:8152/ | icon/radyo-ankara.jpg
Radyo Antalya = https://sslyayin.netyayin.net:8036/stream/;stream.mp3 | icon/radyo-antalya.jpg
Radyo Antalya = https://sslyayin.netyayin.net:8036/stream/; | icon/radyo-antalya.jpg
RADYO ARABESK = https://yayin.radyoarabesk.com.tr:8000/stream | icon/radyo_arabesk.jpg
RADYO ARGUVAN = https://radyo1.radyo-dinle.tc:7041/stream?type=http&nocache=23 | icon/radyo_arguvan.jpeg
Radyo Arnavutköy = https://radyo.yayin.com.tr:4206/stream?/;stream.mp3 | icon/radyo-arnavutkoy.jpg
Radyo Arnavutköy = https://radyo.yayin.com.tr:4206/stream?/; | icon/radyo-arnavutkoy.jpg
Radyo Arnavutköy = https://arnavut2.80.yayin.com.tr/;
Radyo AS FM = https://radyo.yayin.com.tr:4098/stream?/;stream.mp3 | icon/as-fm-aydin.jpg
RADYO AYVALIK = https://radyo1.radyo-dinle.tc:7002/; | icon/radyo_ayvalik.jpeg
Radyo Azelya = https://sssx.radyosfer.com/radyoazelya/stream?/;stream.mp3 | icon/radyo-azelya.jpg
Radyo Azelya = https://sssx.radyosfer.com/radyoazelya/stream?/; | icon/radyo-azelya.jpg
Radyo Başakşehir = https://icecast.netmedya.net/rbasaksehir?/;stream.mp3 | icon/radyo-basaksehir.jpg
Radyo Başakşehir = https://icecast.netmedya.net/rbasaksehir?/; | icon/radyo-basaksehir.jpg
Radyo Başakşehir = https://icecast.netmedya.net/rbasaksehir | icon/radyo-basaksehir.jpg
Radyo Bilkent = https://stream.netradyom.com/listen/radyobilkent/radio.mp3 | icon/radyo-bilkent.jpg
Radyo BoomBox = https://yayin.radyoboombox.com.tr/boombox/playlist.m3u8 | icon/radyo-boombox.jpg
Radyo BoomBox = https://yayin.radyoboombox.com.tr/boombox/chunks.m3u8 | icon/radyo-boombox.jpg
Radyo Bordo Mavi FM = https://live.powerapp.com.tr/powerturk/mpeg/icecast.audio? | icon/bordo-mavi-radyo.jpg
Radyo Bu = https://radyo.yayindakiler.com:8006/stream?/;stream.mp3 | icon/radyo-bu.jpg
Radyo Bu = https://radyo.yayindakiler.com:8006/stream?/; | icon/radyo-bu.jpg
Radyo Çağdaş = https://icecast.netmedya.net/radyocagdas | icon/radyo-cagdas.jpg
Radyo Çamlıca FM = https://camlicafm.ozelip.com:9314/stream?/;stream.mp3 | icon/radyo-camlica.jpg
Radyo Çetin = https://radyodinle1.turkhosted.com/yayin?uri=www.gokyuzuserver.com.tr:9304/&tkn=PEaHxaoH42zt0HIH_2HHrQ&tms=1778040155 | icon/radyo-cetin.jpg
Radyo Çınar = https://sslyayin.netyayin.net:10992/;/;stream.mp3 | icon/radyo-cinar.jpg
RADYO D = https://radyo.duhnet.tv/radyod | icon/radyo_d.jpg
RADYO DELTA = https://anadolu.liderhost.com.tr:10954/; | icon/radyo_delta.jpg
RADYO DENGE = https://anadolu.liderhost.com.tr:10930/;
Radyo Desibel = https://www.radyodesibel.com/stream.php/;stream.mp3 | icon/radyo-desibel.jpg
Radyo Desibel = https://www.radyodesibel.com/stream.php/; | icon/radyo-desibel.jpg
Radyo Deva = https://radyo.yayindakiler.com:3040/stream?/;stream.mp3 | icon/radyo-deva.jpg
Radyo Dilara Isparta = https://sssx.radyosfer.com/radyodilara/stream?/;stream.mp3 | icon/radyo-dilara.jpg
Radyo Dilara Isparta = https://sssx.radyosfer.com/radyodilara/stream?/; | icon/radyo-dilara.jpg
Radyo Doğubayazıt = https://radyo1.radyo-dinle.tc/8156/stream | icon/radyo-dogubayazit.jpg
RADYO DORUK = https://yayin5.radyohizmeti.com/8034/;stream | icon/radyo_doruk.jpeg
RADYO DUBLE = https://anadolu.liderhost.com.tr:10894/;
Radyo Durak = https://radyo.yayindakiler.com:8018/stream?/;stream.mp3 | icon/radyo-durak.jpg
Radyo Efebey = https://radyo.radyoimza.com:8016/stream/;stream.mp3 | icon/radyo-efebey.jpg
RADYO EFLATUN = https://radyo1.radyo-dinle.tc:7037/;
Radyo Ekin = https://yayin.turkhosted.com:6006/stream?/;stream.mp3 | icon/radyo-ekin-fm.jpg
Radyo Ekin = https://yayin.turkhosted.com:6006/stream?/; | icon/radyo-ekin-fm.jpg
Radyo Eksen = https://ssldyg.radyotvonline.com/pozitif/smil:eksen.smil/chunklist_w363786016_b128000.m3u8 | icon/radyo-eksen.jpg
Radyo Eksen = https://ssldyg.radyotvonline.com/pozitif/smil:eksen.smil/playlist.m3u8 | icon/radyo-eksen.jpg
Radyo Eksen = https://ssldyg.radyotvonline.com/pozitif/smil:eksen.smil/chunklist_w1995115750_b128000.m3u8 | icon/radyo-eksen.jpg
RADYO ENERJİ = https://trkvz-radyolar.ercdn.net/radyoenergy/playlist.m3u8
Radyo Ereğli = https://sssx.radyosfer.com/sonixfm/stream?/; | icon/radyo-eregli.jpg
Radyo Ereğli = https://sssx.radyosfer.com/sonixfm/stream?/;stream.mp3 | icon/radyo-eregli.jpg
Radyo ESTÜ = https://ssl120.radyotelekom.com.tr/8024/stream?/;stream.mp3 | icon/radyo-estu.jpg
Radyo ESTÜ = https://ssl120.radyotelekom.com.tr/8024/stream?/; | icon/radyo-estu.jpg
Radyo Extra Tokat = https://radyoext.80.yayin.com.tr/stream? | icon/radyo-extra-tokat.jpg
Radyo Fenomen = https://live.radyofenomen.com/fenomen/abr/playlist.m3u8 | icon/radyo-fenomen.jpg
Radyo Fenomen = https://live.radyofenomen.com/fenomen/abr/fenomen/256/chunks.m3u | icon/radyo-fenomen.jpg
Radyo Feza = https://yayin.radyofeza.com/8002/stream?/;stream.mp3 | icon/radyo-feza-dinle-100x100.jpg
Radyo Feza = https://yayin.radyofeza.com/8002/stream?/; | icon/radyo-feza-dinle-100x100.jpg
Radyo Fıtrat = https://radyofitrat.radyotvonline.net/radyofitrat?/;stream.mp3 | icon/radyo-fitrat.jpg
Radyo Fıtrat = https://radyofitrat.radyotvonline.net/radyofitrat?/; | icon/radyo-fitrat.jpg
RADYO GEDİK = https://radyo-t.gedik.edu.tr/stream.mp3?ver=19976 | icon/radyo_gedİk.jpeg
Radyo Genç Ses = https://sssx.radyosfer.com/gencsesfm/stream?/;stream.mp3 | icon/radyo-gencses.jpg
Radyo Genç Ses = https://sssx.radyosfer.com/gencsesfm/stream?/; | icon/radyo-gencses.jpg
Radyo Gençlik = https://canli.radyogenclik.com:9000/;stream.mp3 | icon/radyo-genclik.jpg
Radyo Gençlik = https://canli.radyogenclik.com:9000/; | icon/radyo-genclik.jpg
Radyo General = https://anadolu.liderhost.com.tr/9342/stream? | icon/radyo-general-fm.jpg
Radyo Gerçek = https://ssl120.radyotelekom.com.tr/8198/stream?/;stream.mp3 | icon/radyo-gercek.jpg
Radyo Gimsa = https://yayin2.canliyayin.org:9482/stream/;stream.mp3 | icon/gimsa-radyo.jpg
RADYO GİREBİ = https://ssl123.ozelip.com/8066/; | icon/radyo_gİrebİ.jpeg
RADYO GOL = https://wowza1.radyotvonline.com/unitedmedia/radyogol.stream/playlist.m3u8 | icon/radyo_gol.jpg
Radyo Gökkuşağı = https://live.radyo.in/9700/stream/;stream.mp3 | icon/radyo-gokkusagi.jpg
Radyo Gökkuşağı = https://live.radyo.in/9700/stream/; | icon/radyo-gokkusagi.jpg
RADYO GÖZDE FM = https://gozdefm.80.yayin.com.tr/;
Radyo Gözlem = https://radyogozlem.ozelip.net/8030/stream?/;stream.mp3 | icon/radyo-gozlem.jpg
RADYO GÜLÜSTAN = https://anadolu.liderhost.com.tr:10967/;
Radyo Gün = https://free.rcast.net/66786 | icon/gun-radyo-corum.jpg
Radyo Gün = https://stream.rcast.net/66786? | icon/gun-radyo-corum.jpg
Radyo Gün = https://stream3.rcast.net/66786 | icon/gun-radyo-corum.jpg
Radyo Gündem = https://icecast.netmedya.net/radyogundem? | icon/radyo-gundem.jpg
Radyo Harman FM = https://free.rcast.net/200259?/;stream.mp3 | icon/radyo-harman-fm.jpg
Radyo Hayat = https://wowza1.radyotvonline.com/shoutcast/radyohayat.stream/chunklist_w1164838831.m3u8 | icon/radyo-hayat.jpg
Radyo Hayat = https://wowza1.radyotvonline.com/shoutcast/radyohayat.stream/chunklist_w1803821786.m3u8 | icon/radyo-hayat.jpg
Radyo Hayat Amasya = https://sslyayin.radyoyayini.com:7059/stream? | icon/radyo-hayat-amasya.jpg
Radyo Hedef = https://stream.rcast.net/200299 | icon/hedef-radyo.jpg
Radyo Hedef = https://free.rcast.net/200299 | icon/hedef-radyo.jpg
RADYO HİLTON = https://radyo1.radyo-dinle.tc:7001/; | icon/radyo_hİlton.jpeg
Radyo Hisar = https://radyo.yayindakiler.com:4006/stream?/;stream.mp3 | icon/radyo-hisar.jpg
Radyo Hisar = https://radyo.yayindakiler.com:4006/stream?/; | icon/radyo-hisar.jpg
Radyo Huzur Malatya = https://sssx.radyosfer.com/malatyaradyohuzur/stream?/; | icon/radyo-huzur-malatya.jpg
Radyo Huzur Malatya = https://sssx.radyosfer.com/malatyaradyohuzur/stream?/;stream.mp3 | icon/radyo-huzur-malatya.jpg
Radyo İhya (İlahi) = https://radyo.yayin.com.tr:2727/stream?/;stream.mp3 | icon/radyo-ihya.jpg
Radyo İhya (İlahi) = https://radyo.yayin.com.tr:2727/stream?/; | icon/radyo-ihya.jpg
RADYO İLAHİ = https://anadolu.liderhost.com.tr:10994/;
RADYO İMZA = https://anadolu.liderhost.com.tr:10952/; | icon/radyo_İmza.jpeg
RADYO İZMİR FM = https://usa4.fastcast4u.com/proxy/radyoizmirfm?mp=/mp3stream128
RADYO KABE = https://anadolu.liderhost.com.tr:10955/;
RADYO KALPLERİN SESİ = https://anadolu.liderhost.com.tr:10873/;
Radyo Karadeniz = https://radyo1.radyo-dinle.tc/8138/stream?/;stream.mp3 | icon/radyo-karadeniz.jpg
Radyo Karadeniz = https://radyo1.radyo-dinle.tc/8138/stream | icon/radyo-karadeniz.jpg
Radyo Karadeniz = https://ssl.radyosfer.com:7076//; | icon/radyo-karadeniz.jpg
RADYO KENT = https://radyo1.radyo-dinle.tc:7060/; | icon/radyo_kent.jpg
Radyo Ki = https://listen.powerapp.com.tr/radyoki/mpeg/icecast.audio?/;stream.mp3 | icon/radyo-ki.jpg
Radyo Ki = https://listen.powerapp.com.tr/radyoki/mpeg/icecast.audio?/; | icon/radyo-ki.jpg
Radyo Kilim 100.0 = https://sslyayin.netyayin.net/2727/stream/;stream.mp3 | icon/radyo-kilim.jpg
Radyo Kilim 100.0 = https://sslyayin.netyayin.net/2727/stream/; | icon/radyo-kilim.jpg
Radyo Kocatepe = https://radyo.aku.edu.tr/radyo?/;stream.mp3 | icon/radyo-kocatepe.jpg
Radyo Kocatepe = https://radyo.aku.edu.tr/radyo?/; | icon/radyo-kocatepe.jpg
RADYO Kordelya = https://radyo.medyahost.com.tr/8048/stream? | icon/radyo-kordelya.jpg
Radyo KTÜ = https://sslyayin.netyayin.net/radyoktu/stream?/;stream.mp3 | icon/radyo-ktu.jpg
Radyo Kulüp Elazığ = https://radyo.yayin.com.tr:8282/stream?/;stream.mp3 | icon/radyo-kulup.jpg
Radyo Kulüp Elazığ = https://radyo.yayin.com.tr:8282/stream?/; | icon/radyo-kulup.jpg
Radyo Kulüp Zonguldak = https://radyo.yayin.com.tr:5894/stream? | icon/radyo-kulup-zonguldak.jpg
RADYO KURAN = https://anadolu.liderhost.com.tr:10995/;
Radyo Line = https://online.radioline.fm:8443/stream | icon/radyo-line.jpg
Radyo Liva = https://live.radyo.in/3068/stream?/;stream.mp3 | icon/radyo-liva.jpg
Radyo Lojik = https://yayin.kayamedya.com.tr:1303/stream?/;stream.mp3 | icon/radyo-lojik.jpg
Radyo Lojik = https://yayin.kayamedya.com.tr:1303/stream?/; | icon/radyo-lojik.jpg
RADYO MAKARA = https://ip169.ozelip.com:10998/;
Radyo Mars = https://yayin.radyomadyo.com:9400/stream?/;stream.mp3 | icon/radyo-mars.jpg
Radyo Mastika = https://mastika1.80.yayin.com.tr/stream?/;stream.mp3 | icon/radyo-mastika.jpg
Radyo Mavi Aksaray = https://radyo.yayindakiler.com:4026/stream?/;stream.mp3 | icon/radyo-mavi-aksaray.jpg
Radyo Mavi Aksaray = https://radyo.yayindakiler.com:4026/stream?/; | icon/radyo-mavi-aksaray.jpg
Radyo Mavi Kocaeli = https://sslyayin.netyayin.net/8070/stream/;stream.mp3 | icon/radyo-mavi-kocaeli.jpg
RADYO MEAL = https://anadolu.liderhost.com.tr:10993/;
Radyo Megasite = https://stream.netradyom.com/listen/megasite/radio.mp3/;stream.mp3 | icon/radyo-mega-site.jpg
Radyo Megasite = https://stream.netradyom.com/listen/megasite/radio.mp3/; | icon/radyo-mega-site.jpg
Radyo Mer = https://tr2.socialsmart.tv/tepemedya/radyomer/icecast.audio?/;stream.mp3 | icon/radyo-mer.jpg
Radyo Merkoç = https://host10.onlineradyotv.net/8030/stream?/;stream.mp3 | icon/radyo-merkoc.jpg
Radyo Moda = https://m.radyomoda.com.tr/stream? | icon/radyo-moda-bafra.jpg
RADYO MODOKO = https://sslyayin.radyoyayini.com:7002/;
Radyo Mola = https://radyo.yayindakiler.com:2018/stream?/;stream.mp3 | icon/radyo-mola.jpg
Radyo Mola = https://radyo.yayindakiler.com:2018/stream?/; | icon/radyo-mola.jpg
Radyo Moni = https://radyo.yayin.com.tr:4262/stream?/;stream.mp3 | icon/radyo-moni.jpg
RADYO MUHABBET = https://radyo1.radyo-dinle.tc:7051/;
Radyo Munzur = https://radyo.yayindakiler.com:3002/stream?/;stream.mp3 | icon/radyo-munzur.jpg
Radyo Net = https://anadolu.liderhost.com.tr/8052/stream?/;stream.mp3 | icon/radyo-net.jpg
Radyo Net 89.3 = https://streaming.radionomy.com/JamendoLounge?/;stream.mp3 | icon/radyo-net-adapazari.jpg
Radyo Net 89.3 = https://streaming.brol.tech/rtfmlounge | icon/radyo-net-adapazari.jpg
Radyo Net 89.3 = https://streaming.radionomy.com/JamendoLounge?/; | icon/radyo-net-adapazari.jpg
Radyo Net 97.8 = https://radyo.yayindakiler.com:3925/stream?/;stream.mp3 | icon/radyo-net-eskisehir.jpg
Radyo Net 97.8 = https://radyo.yayindakiler.com:3925/stream?/; | icon/radyo-net-eskisehir.jpg
Radyo Net Konya = https://sslyayin.netyayin.net:8068/stream?/;stream.mp3 | icon/radyo-net-fm.jpg
Radyo Net Konya = https://sslyayin.netyayin.net:8068/stream?/; | icon/radyo-net-fm.jpg
Radyo Nevşehir = https://stream2.rtvtakip.com:7025/; | icon/radyo-nevsehir.jpg
Radyo Nida = https://anadolu.liderhost.com.tr/8106/stream?/;stream.mp3 | icon/radyo-nida.jpg
Radyo Nida = https://anadolu.liderhost.com.tr/8106/stream?/; | icon/radyo-nida.jpg
Radyo Nikomedya = https://sslyayin.radyoyayini.com:7091/stream?/;stream.mp3 | icon/radyo-nikomedya.jpg
Radyo Nikomedya = https://sslyayin.radyoyayini.com:7091//; | icon/radyo-nikomedya.jpg
RADYO NİSBET = https://anadolu.liderhost.com.tr:10875/; | icon/radyo_nİsbet.jpeg
Radyo ODTÜ = https://stream3.radyoodtu.com.tr:8000/canli;/;stream.mp3 | icon/radyo-odtu.jpg
Radyo ODTÜ = https://stream.radyoodtu.com.tr/canli;/;stream.mp3 | icon/radyo-odtu.jpg
RADYO ONLİNE TÜRK = https://anadolu.liderhost.com.tr:10960/; | icon/radyo_onlİne_türk.jpeg
RADYO ORJİNAL = https://anadolu.liderhost.com.tr:10938/; | icon/radyo_orjİnal.jpeg
Radyo Ostim = https://stream.netradyom.com/radio/8010/radio.mp3 | icon/ostim-radyo.jpg
Radyo Öğüt = https://radyo.yayin.com.tr:6004/stream? | icon/radyo-ogut.jpg
Radyo Öncü = https://tr2.socialsmart.tv/oncuradyo/bant1/icecast.audio | icon/radyo-oncu-fm.jpg
Radyo Özden = https://wowza1.radyotvonline.com/shoutcast/radyoozden.stream/chunklist_w608409433.m3u8 | icon/radyo-ozden.jpg
Radyo Pause = https://radyopause.ozelip.com.tr:8040/stream? | icon/radyo-pause.png
Radyo Piramit FM = https://sslyayin.netyayin.net/2637/stream/;stream.mp3 | icon/radyo-piramit.jpg
Radyo Pötürgeli = https://yayin.radyopoturgeli.com/4444/stream?/;stream.mp3 | icon/radyo-poturgeli.jpg
Radyo Pötürgeli = https://yayin.radyopoturgeli.com/4444/stream?/; | icon/radyo-poturgeli.jpg
Radyo Radar = https://live.radyoradar.com/default | icon/radyo-radar.jpg
RADYO REMIX = https://radyo.yayin.com.tr:5250/playlist.mp3?/;stream.mp3 | icon/radyo-remix.jpg
Radyo Ritm = https://sssx.radyosfer.com/radyoritm/stream?/;stream.mp3 | icon/radyo-ritm.jpg
Radyo Ritm = https://sssx.radyosfer.com/radyoritm/stream?/; | icon/radyo-ritm.jpg
Radyo Rota = https://sslyayin.radyoyayini.com:7082/;/;stream.mp3 | icon/radyo-rota.jpg
Radyo Rota = https://sslyayin.radyoyayini.com:7082/;/; | icon/radyo-rota.jpg
Radyo S Bursa = https://icecast.netmedya.net/radyos? | icon/radyo-s.jpg
Radyo Sahil = https://radyo1.radyo-dinle.tc/8056/stream? | icon/radyo-sahil.jpg
Radyo Sahil = https://radyo1.radyo-dinle.tc/8056/; | icon/radyo-sahil.jpg
Radyo SDÜ = https://sslyayin.netyayin.net/radyosdu/stream?/;stream.mp3 | icon/radyo-sdu.jpg
Radyo SDÜ = https://sslyayin.netyayin.net/radyosdu/stream?/; | icon/radyo-sdu.jpg
Radyo Seçil FM = https://canli.radyosecil.com.tr/8066/stream?/;stream.mp3 | icon/radyo-secil.jpg
Radyo Seçil FM = https://canli.radyosecil.com.tr/8066/stream?/; | icon/radyo-secil.jpg
Radyo Sefa = https://host10.onlineradyotv.net/8500/stream?/;stream.mp3 | icon/radyo-sefa.jpg
RADYO SEKK = https://radyo1.radyo-dinle.tc:7003/;
RADYO SES = https://oyunzade.yayin.com.tr/stream
Radyo Ses (KUR'AN-I KERİM - İLAHİ ) = https://radyodinle1.turkhosted.com/yayin?uri=radyo.normyazilim.com:8020/&tkn=JfXnwYkiwdXh9kPeBBpBrQ&tms=1777946837 | icon/radyo-ses-ankara.jpg
Radyo Ses Eskişehir = https://radyoses.radyotvonline.net:8095/stream?/;stream.mp3 | icon/radyo-ses-eskisehir.jpg
Radyo Ses Eskişehir = https://radyoses.radyotvonline.net:8095/stream?/; | icon/radyo-ses-eskisehir.jpg
Radyo Sevtek FM = https://sevtekfm.ozelip.com/8020/stream? | icon/radyo-sevtek-fm.jpg
RADYO SEYMEN = https://yayin.radyoseymen.com.tr:1070/stream | icon/radyo-seymen.jpg
Radyo Sinerji = https://radio.guventechnology.com/9994/stream? | icon/radyo-sinerji.jpg
Radyo Sis = https://live.radyositesihazir.com:8082/stream?/;stream.mp3 | icon/radyo-sis.jpg
Radyo Sis = https://live.radyositesihazir.com:8082/stream?/; | icon/radyo-sis.jpg
RADYO SLAYT = https://live.radyo.in/8050/stream
RADYO SOFT = https://trkvz-radyolar.ercdn.net/radyosoft/playlist.m3u8
RADYO SPACE = https://anadolu.liderhost.com.tr:10914/;
RADYO SPOR = https://ssl4.radyotvonline.com/radyohome/radyosporhome.stream_aac/playlist.m3u8 | icon/radyo_spor.jpg
Radyo Süper Net = https://anadolu.liderhost.com.tr:10861/stream? | icon/radyo-super-net.jpg
RADYO ŞANLI = https://radyo1.radyo-dinle.tc:7020/;
Radyo Şirin = https://radyodinle1.turkhosted.com/yayin?uri=154.53.167.66:9570/mp3/1/?icy=http/&tkn=HhOsZWzW2pxylwfoXnURwA&tms=1778000242 | icon/radyo-sirin.jpg
Radyo Şok = https://sokradyo.80.yayin.com.tr/stream/;stream.mp3 | icon/radyo-sok.jpg
Radyo Şok = https://sokradyo.80.yayin.com.tr/stream/; | icon/radyo-sok.jpg
Radyo Talya = https://ip157.ozelip.com/8012/stream | icon/radyo-talya.jpg
Radyo Tamara = https://sssx.radyosfer.com/radyotamara/stream? | icon/radyo-tamara.jpg
RADYO TATLISES = https://sslyayin.radyoyayini.com:7009/default | icon/radyo_tatlises.jpg
RADYO Tİ = https://anadolu.liderhost.com.tr:10968/;
Radyo Tokat = https://radyoto2.80.yayin.com.tr/stream? | icon/radyo-tokat.jpg
Radyo Ton = https://radyo1.radyo-dinle.tc/8198/; | icon/radyo-ton.jpg
RADYO TRAFİK = https://ssl4.radyotvonline.com/radyohome/radyotrafikhome.stream_aac/playlist.m3u8 | icon/radyo_trafİk.jpg
Radyo Trafik Ankara = https://wowza1.radyotvonline.com/saran/radyotrafikankara.stream/chunklist_w1277412776.m3u8 | icon/radyo-trafik-ankara.jpg
Radyo Trafik İstanbul = https://moondigitaledge.radyotvonline.net/radyotrafik/playlist.m3u8? | icon/radyo-trafik-istanbul.jpg
RADYO Trafik İzmir = https://wowza1.radyotvonline.com/saran/radyotrafikizmir.stream/media_w1621404497_9033.aac | icon/radyo-trafik-izmir.jpg
Radyo Trend = https://sslyayin.radyoyayini.com:7032/stream?type=http&nocache=1/;stream.mp3 | icon/radyo-trend.jpg
Radyo Trend Ankara = https://radyo.yayin.com.tr:5132/stream?t=1760000812541 | icon/radyo-trend-ankara.jpg
Radyo Trio = https://radyotrio.radyotvonline.net/radyotrio?/;stream.mp3 | icon/radyo-trio.jpg
Radyo Trio = https://radyotrio.radyotvonline.net/radyotrio?/; | icon/radyo-trio.jpg
Radyo Trio (Nostalji) = https://radyotrio.radyotvonline.net/radyotrio?/;stream.mp3 | icon/radyo-trio.jpg
Radyo Tulu (Dini) = https://radyodinle1.turkhosted.com/yayin?uri=yayin2.canliyayin.org:8248/&tkn=eBBayoBPqKunmpVcvYZvfg&tms=1777980183 | icon/tulu-radyo.jpg
Radyo Tulu (Dini) = https://radyodinle1.turkhosted.com/yayin?uri=yayin2.canliyayin.org:8248/&tkn=2F15H52E3SsKKn2xDU5pHA&tms=1777980940 | icon/tulu-radyo.jpg
RADYO TURAN = https://anadolu.liderhost.com.tr:10996/;
RADYO TURKUVAZ = https://trkvz-radyolar.ercdn.net/radyoturkuvaz/playlist.m3u8
Radyo Tuzgölü = https://radyo.yayin.com.tr:5870/stream? | icon/radyo-tuzgolu.jpg
Radyo Türk = https://radyo.yayindakiler.com:4028/stream? | icon/radyo-turk-bursa.jpg
Radyo Türkiyem = https://radyo.yayindakiler.com/5254/stream?/;stream.mp3 | icon/radyo-turkiyem-kayseri.jpg
Radyo Urfa = https://radyourfa.ozelip.com/8038/stream/;stream.mp3 | icon/radyo-urfa.jpg
Radyo Usta = https://yayin.turkhosted.com/usta/stream/;stream.mp3 | icon/radyo-usta.jpg
Radyo Usta = https://yayin.turkhosted.com/usta/stream/; | icon/radyo-usta.jpg
Radyo Ülkü = https://radyo.yayin.com.tr:4006/stream/1/?icy=http/;stream.mp3 | icon/radyo-ulku.jpg
Radyo Üni14 = https://radyodinle1.turkhosted.com/yayin?uri=194.27.34.232:8000/yayin?/&tkn=7BebZUlC3EkbXUMRRv62Rg&tms=1778014391 | icon/radyo-uni14.jpg
Radyo Üni14 = https://radyodinle1.turkhosted.com/yayin?uri=194.27.34.232:8000/yayin?/&tkn=yedn7tHR40Fs8OJeClg2CQ&tms=1777988335 | icon/radyo-uni14.jpg
Radyo Üniversite = https://yayin1.canlitv.fun/radyo/radyouniversite/chunklist_w875265577.m3u8 | icon/radyo-universite.jpg
Radyo V (Mono) = https://edge.taksimbilisim.com/vtvradyo/bant1/icecast.audio?/;stream.mp3 | icon/radyo-v.jpg
Radyo Van = https://sssx.radyosfer.com/8036/stream?/;stream.mp3 | icon/radyo-van.jpg
RADYO VİVA = https://ssl4.radyotvonline.com/radyohome/radyovivahome.stream_aac/playlist.m3u8 | icon/radyo_vİva.jpg
RADYO VİZYON = https://stream.netradyom.com/radio/9300/radio.mp3 | icon/radyo_vİzyon.jpg
RADYO VİZYON ANKARA = https://stream.netradyom.com/radio/7030/radio.mp3
RADYO VİZYON BEBEK = https://stream.netradyom.com/radio/7080/radio.mp3
RADYO VİZYON HALK = https://stream.netradyom.com/radio/7070/radio.mp3
RADYO VİZYON KLASİK = https://stream.netradyom.com/radio/7100/radio.mp3
RADYO VİZYON LOUNGE = https://stream.netradyom.com/radio/7050/radio.mp3
RADYO VİZYON NOSTALJİ = https://stream.netradyom.com/radio/7090/radio.mp3
RADYO VİZYON ROCK = https://stream.netradyom.com/radio/7040/radio.mp3
RADYO VİZYON SEK = https://stream.netradyom.com/radio/7060/radio.mp3
RADYO VOKAL = https://moondigitalmaster.radyotvonline.net/radyovokal/playlist.m3u8 | icon/radyo_vokal.jpg
Radyo Yakamoz = https://www.radyoyakamoz.com.tr/radyoyakamoz.php?/;stream.mp3 | icon/radyo-yakamoz.jpg
Radyo Yankı = https://radyoyanki.ozelip.com/9918/stream?/;stream.mp3 | icon/radyo-yanki.jpg
Radyo Yankı = https://radyoyanki.ozelip.com/9918/stream?/; | icon/radyo-yanki.jpg
Radyo Yaren = https://radyodinle1.turkhosted.com/yayin?uri=51.159.52.7:8042/&tkn=q33yGaGclK5uAbr4YhDgtg&tms=1778021750 | icon/radyo-yaren.jpg
Radyo Yüksel = https://yayin2.canliyayin.org:8232/stream?/;stream.mp3 | icon/radyo-yuksel.jpg
Radyo Zeugma = https://sssx.radyosfer.com/radyozeugma/stream?/;stream.mp3 | icon/radyo-zeugma.jpg
Radyo Zeugma = https://sssx.radyosfer.com/radyozeugma/stream?/; | icon/radyo-zeugma.jpg
RadyoBir = https://canli.radyobir.com.tr:7002/stream? | icon/radyo-bir.jpg
Raks FM = https://sslyayin.radyoyayini.com:7092/;stream.mp3 | icon/raks-fm.jpg
Raks FM = https://sslyayin.radyoyayini.com:7092//; | icon/raks-fm.jpg
RAP HOME = https://moondigitalmaster.radyotvonline.net/raphome/playlist.m3u8 | icon/rap_home.jpeg
RELAX HOME = https://moondigitalmaster.radyotvonline.net/relaxhome/playlist.m3u8 | icon/relax_home.jpg
RETRO TURK = https://playerservices.streamtheworld.com/api/livestream-redirect/RETROTURK_SC?/; | icon/retro_turk.jpg
Retro Türk = https://25653.live.streamtheworld.com/RETROTURK128AAC.aac?/;stream.mp3 | icon/retro-turk.jpg
Retro Türk = https://25653.live.streamtheworld.com/RETROTURK128AAC.aac?/; | icon/retro-turk.jpg
Retro Türk = https://playerservices.streamtheworld.com/api/livestream-redirect/RETROTURK128AAC.aac?/;stream.mp3 | icon/retro-turk.jpg
Ribat FM = https://radyodinle1.turkhosted.com/yayin?uri=yayin1.canliyayin.org:7010/&tkn=W1N8B8xE9zv-pO_Yw5I33w&tms=1778032819 | icon/ribat-fm.jpg
Ribat FM = https://radyodinle1.turkhosted.com/yayin?uri=yayin1.canliyayin.org:7010/&tkn=uEYYzrw3X6UTUP3Zv5r1Iw&tms=1778050550 | icon/ribat-fm.jpg
RİSALE RADYO = https://radyo1.radyo-dinle.tc:7016/;
Rize Gelişim Radyo = https://radyo.yayindakiler.com:4008/stream?/;stream.mp3 | icon/radyo-gelisim.jpg
ROCK FM = https://rockfm.rockfm.com.tr:9450/stream | icon/rock_fm.jpeg
ROCKLAND = https://moondigitaledge.radyotvonline.net/rockland/playlist.m3u8 | icon/rockland.ico
Romantik Ses Isparta = https://radyo.romantikses.com/romantiksesispart/stream/;stream.mp3 | icon/romantik-ses-isparta-1.jpg
Romantik Ses Isparta = https://radyo.romantikses.com/romantiksesispart/stream/; | icon/romantik-ses-isparta-1.jpg
Romantik Ses Sakarya = https://radyo.romantikses.com/romantiksessakary/stream/;stream.mp3 | icon/romantik-ses-sakarya.jpg
Romantik Ses Sakarya = https://radyo.romantikses.com/romantiksessakary/stream/; | icon/romantik-ses-sakarya.jpg
Sakarya Ada FM = https://radyodinle1.turkhosted.com/yayin?uri=www.adafm.net:6262/&tkn=MPHClFr-pGwaFGnSq1f8hg&tms=1777948400 | icon/ada-fm.jpg
Sakarya Ada FM = https://radyodinle1.turkhosted.com/yayin?uri=www.adafm.net:6262/&tkn=U9CBMfFCmfVYpufKgRWI_Q&tms=1777978121 | icon/ada-fm.jpg
Sam FM = https://netyayin.jsproduksiyon.com:9010/samfm? | icon/sam-fm.jpg
Samsun Fıstık Fm = https://sslyayin.radyoyayini.com:7029/stream?/;stream.mp3 | icon/fistik-fm-samsun.jpg
Samsun Fıstık Fm = https://sslyayin.radyoyayini.com:7029/stream?/; | icon/fistik-fm-samsun.jpg
Samsun Haber Radyo = https://haberturkradyo.radyotvonline.net/haberturkradyo | icon/samsun-haber-radyo.jpg
Samsun Haber Radyo = https://sslyayin.radyoyayini.com/8014/stream? | icon/samsun-haber-radyo.jpg
Samsun Tutku FM = https://sslyayin.radyoyayini.com/8012/stream?/;stream.mp3 | icon/tutku-fm.jpg
SARI TRAMVAY = https://moondigitaledge.radyotvonline.net/saritramvay/playlist.m3u8 | icon/sari_tramvay.jpeg
Selam Radyo (dini) = https://radyodinle1.turkhosted.com/yayin?uri=yayin1.canliyayin.org:7066/&tkn=M5CatWKcKvC8Eg5A_wHl8w&tms=1778032930 | icon/selam-radyo-konya.jpg
Semerkand Radyo = https://mtisvwurbfcyslive.mediatriple.net/mtisvwurbfcyslive/broadcast_58e23cb112296.smil/chunklist_w1534661699_b400000.m3u8? | icon/semerkand-radyo.jpg
Serhad FM = https://live.serhadfm.com/serhadfm?/;stream.mp3 | icon/serhad-fm.jpg
SESLİ MOBİL FM = https://anadolu.liderhost.com.tr:10985/;
Sev Radyo = https://sssx.radyosfer.com/sevradyo/stream?/;stream.mp3 | icon/sev-radyo.jpg
Seyr FM = https://sslyayin.netyayin.net/8024/stream | icon/seyr-fm.jpg
SEZA FM = https://anadolu.liderhost.com.tr:10940/;
SEZEN RADYO = https://radyo1.radyo-dinle.tc:7018/;
Sıla FM = https://radyo.yayin.com.tr:4164/stream/;stream.mp3 | icon/sila-fm.jpg
Sıla FM = https://radyo.yayin.com.tr:4164/stream/; | icon/sila-fm.jpg
Siaray Türk FM = https://criturk.radyotvonline.net/criturk?/;stream.mp3 | icon/siaray-turk-cri.jpg
Siaray Türk FM = https://criturk.radyotvonline.net/criturk?/; | icon/siaray-turk-cri.jpg
Silivri Metropol FM = https://stream2.rtvtakip.com:7034/stream/;stream.mp3 | icon/silivri-metropol-fm.jpg
Silivri Metropol FM = https://stream2.rtvtakip.com:7034/stream/; | icon/silivri-metropol-fm.jpg
Sivas FM = https://radyodinle1.turkhosted.com/yayin?uri=yayin1.canliyayin.org:8180/&tkn=-YDQn6YpC1FDDOsEmxEfnw&tms=1778037913 | icon/sivas-fm.jpg
Sivas FM = https://yayin2.canliyayin.org:10960/; | icon/sivas-fm.jpg
Sivas Radyo Bora = https://radyodinle1.turkhosted.com/yayin?uri=live.radyo.in/9116/stream/&tkn=mUBulTmtDcbAmqpGXtP6zg&tms=1778062644 | icon/radyo-bora.jpg
SLOW HOME = https://moondigitalmaster.radyotvonline.net/slowhome/playlist.m3u8 | icon/slow_home.jpg
SLOW TÜRK = https://radyo.duhnet.tv/ak_dtvh_slowturk
Solmaz FM = https://sssx.radyosfer.com/solmazfm/stream?/;stream.mp3 | icon/solmaz-fm.jpg
Solmaz FM = https://sssx.radyosfer.com/solmazfm/stream?/; | icon/solmaz-fm.jpg
Soma FM = https://radyo1.radyo-dinle.tc/8010/stream?/;stream.mp3 | icon/radyo-soma-fm.jpg
Soma FM = https://radyo1.radyo-dinle.tc/8010/stream?/; | icon/radyo-soma-fm.jpg
Sorgun FM = https://radyodinle1.turkhosted.com/yayin?uri=radyovetv.com:8001/&tkn=azoQH3Cnv8XoUL2Cv4W-7A&tms=1778050694 | icon/sorgun-fm.jpg
Sout Al Khaleej = https://live.kwikmotion.com/qmcslkrradiolive/slkrradio/chunks.m3u8 | icon/sout-al-khaleej.jpg
Söke Radyo Tempo = https://sssx.radyosfer.com/radyotempo/stream?/;stream.mp3 | icon/soke-radyo-tempo.jpg
SRT FM = https://srtfm.ozelip.com/9902/stream | icon/srt-fm-sungurlu.jpg
ST Endüstri Radyo = https://endustriradyo.radyotvonline.net/endustriradyo? | icon/st-endustri-radyo.jpg
Star Artı FM = https://ritim.80.yayin.com.tr/stream?/;stream.mp3 | icon/star-arti-fm.jpg
Star Artı FM = https://ritim.80.yayin.com.tr/stream?/; | icon/star-arti-fm.jpg
Sultan Radyo = https://yayin.turkhosted.com/sultanradyo/stream?/;stream.mp3 | icon/sultan-radyo.jpg
Sun Radyo = https://tr2.socialsmart.tv/tepemedya/sunradyo/icecast.audio?/;stream.mp3 | icon/sun-radyo.jpg
SÜPER FM 1 = https://playerservices.streamtheworld.com/api/livestream-redirect/SUPER_FM_SC?/; | icon/süper_fm.jpg
SÜPER FM 2 = https://playerservices.streamtheworld.com/api/livestream-redirect/SUPER2_SC?/; | icon/süper_fm.jpg
Süpersov Radyo (Mono) = https://sslyayin.netyayin.net:6065/stream?/;stream.mp3 | icon/supersov-radyo.jpg
Süpersov Radyo (Mono) = https://sslyayin.netyayin.net:6065/stream?/; | icon/supersov-radyo.jpg
ŞAFAK RADYO = https://yayin2.canliyayin.org:10970/;
Şafak Radyo Gaziantep = https://yayin2.canliyayin.org:10970/; | icon/safak-radyo-gaziantep.jpg
Şafak Radyo Kayseri = https://radyodinle1.turkhosted.com/yayin?uri=safakradyo.com:2626/&tkn=kY-EnULByrziKczSPyTqhA&tms=1778033169 | icon/safak-radyo-kayseri.jpg
Şahane Radyo = https://sssx.radyosfer.com/sahaneradyo/stream?/;stream.mp3 | icon/sahane-radyo.jpg
ŞEMDİNLİ FM = https://anadolu.liderhost.com.tr:10948/;
Şirinnar FM = https://sssx.radyosfer.com/sirinnarfm/stream?/;stream.mp3 | icon/radyo-sirinnar.jpg
Şirinnar FM = https://sssx.radyosfer.com/sirinnarfm/stream?/; | icon/radyo-sirinnar.jpg
TARSUS FM = https://tarsusfm.80.yayin.com.tr/stream/; | icon/tarsus_fm.jpg
Tarsus Yaren FM = https://yarenfmn.80.yayin.com.tr/stream? | icon/tarsus-yaren-fm.jpg
Tekirdağ Armoni FM = https://sssx.radyosfer.com/8074/stream?/;stream.mp3 | icon/armoni-fm-1.jpg
Tekirdağ Genç Fm = https://radyo.yayindakiler.com:4052/stream?/;stream.mp3 | icon/genc-fm-cerkezkoy.jpg
Tekirdağ Radyo Can = https://radyo.yayindakiler.com:4174/stream?/;stream.mp3 | icon/radyo-can-tekirdag.jpg
Tekirdağ Radyo Şeker = https://sssx.radyosfer.com/radyoseker/stream?/;stream.mp3 | icon/Radyo-Seker-100x100.jpg
TEKİRDAĞ YILDIZ FM = https://yildizf1.80.yayin.com.tr/;
Tempo FM Çorlu = https://stream2.rtvtakip.com:7016/; | icon/tempo-fm-corlu.jpg
TEMPO FM Niğde = https://radyoserver1.okeylisans.com:8082//;
Terme Tempo FM = https://live.radyo.in/8062/stream? | icon/radyo-tempo-terme-samsun.jpg
TEZENE = https://moondigitaledge.radyotvonline.net/tezene/playlist.m3u8 | icon/tezene.jpg
Time Türk Erzincan = https://radyo.yayindakiler.com:4195/stream?/;stream.mp3 | icon/radyo-time-turk.jpg
Time Türk Erzincan = https://radyo.yayindakiler.com:4195/stream?/; | icon/radyo-time-turk.jpg
TİYATRO RADYOSU = https://anadolu.liderhost.com.tr:10885/;
Tokat ERT FM = https://yayin1.canlitv.fun:8024/stream?/;stream.mp3 | icon/radyo-ert-fm-tokat.jpg
Tosya FM = https://radyodinle1.turkhosted.com/yayin?uri=radyo.yayin.com.tr:5942/&tkn=EEs0ODGBIEUo30u0wREi-w&tms=1777998974 | icon/cihan-radyo-tosya.jpg
TOURİSM FM = https://tourismf.80.yayin.com.tr/;
Trabzon Radyo 91.0 = https://sssx.radyosfer.com/8038/stream?/;stream.mp3 | icon/trabzon-radyo.jpg
Trabzon Taka FM = https://radyodinle1.turkhosted.com/yayin?uri=dj.msteknoloji.com:8586/&tkn=gNjtMw3Vxl_S9UBvLJGqkQ&tms=1778033567 | icon/taka-fm.jpg
TRT ANTALYA = https://radio-trtantalya.medya.trt.com.tr/master.m3u8 | icon/trt_antalya.jpg
TRT ÇUKUROVA = https://radio-trtcukurova.medya.trt.com.tr/master.m3u8 | icon/trt_çukurova.jpg
TRT ERZURUM = https://radio-trterzurum.medya.trt.com.tr/master.m3u8 | icon/trt_erzurum.jpg
TRT FM = https://ssl4.radyotvonline.com/radyohome/trtfm.stream_aac/playlist.m3u8 | icon/trt_fm.jpg
TRT GAP DİYARBAKIR = https://radio-trtgap.medya.trt.com.tr/master.m3u8
TRT MEMLEKETİM FM = https://radio-trtmemleketimfm.medya.trt.com.tr/master.m3u8 | icon/trt_memleketİm_fm.jpg
TRT NAĞME = https://ssl4.radyotvonline.com/radyohome/trtnagme.stream_aac/playlist.m3u8 | icon/trt_nağme.jpg
TRT RADYO 6 = https://radio-trtradyo6.medya.trt.com.tr/master.m3u8 | icon/trt_radyo_6.jpg
TRT TRABZON = https://radio-trttrabzon.medya.trt.com.tr/master.m3u8 | icon/trt_trabzon.jpg
TRT TÜRKİYE'NİN SESİ = https://radio-trttsr.medya.trt.com.tr/master.m3u8
TRT TÜRKÜ = https://ssl4.radyotvonline.com/radyohome/trtturku.stream_aac/playlist.m3u8 | icon/trt_türkü.jpg
TRT VOİCE OF TURKEY EAST = https://radio-trtvoteast.medya.trt.com.tr/master.m3u8
TRT VOİCE OF TURKEY WEST = https://radio-trtvotwest.medya.trt.com.tr/master.m3u8 | icon/trt_voİce_of_turkey_west.jpg
TRT VOİCE OF TURKEY WORLD = https://radio-trtvotworld.medya.trt.com.tr/master.m3u8
Tur FM = https://sslyayin.netyayin.net/4848/stream/;stream.mp3 | icon/tur-fm-mugla.jpg
TURKUAZ OTO DJ = https://anadolu.liderhost.com.tr:10918/;
TURKUVAZ ANADOLU = https://trkvz-radyolar.ercdn.net/turkuvazanadolu/playlist.m3u8 | icon/turkuvaz_anadolu.jpeg
TURKUVAZ EFSANE = https://trkvz-radyolar.ercdn.net/turkuvazefsane/playlist.m3u8 | icon/turkuvaz_efsane.jpeg
TURKUVAZ FM = https://trkvz-radyolar.ercdn.net/radyoturkuvaz/playlist.m3u8 | icon/turkuvaz_fm.jpeg
TURKUVAZ MUSİKİ = https://trkvz-radyolar.ercdn.net/turkuvazmusiki/playlist.m3u8 | icon/turkuvaz_musİkİ.jpeg
TURKUVAZ NOSTALJİ = https://trkvz-radyolar.ercdn.net/turkuvaznostalji/playlist.m3u8 | icon/turkuvaz_nostaljİ.jpeg
TURKUVAZ ROMANTİK = https://trkvz-radyolar.ercdn.net/turkuvazromantik/playlist.m3u8 | icon/turkuvaz_romantİk.jpeg
Tutak FM = https://radyo1.radyo-dinle.tc/8078/stream? | icon/tutak-fm.jpg
Tutku Radyo = https://sssx.radyosfer.com/tutkuradyo/stream?/;stream.mp3 | icon/radyo-tutku-fm.jpg
Tutku Radyo = https://ssl.radyosfer.com/tutkuradyo/stream | icon/radyo-tutku-fm.jpg
TÜRKCENIN SESI RADYOSU = https://radyo.yayin.com.tr:6509/;stream.mp3
Türkiyem FM = https://radyodinle1.turkhosted.com/yayin?uri=yayin.turkiletisim.com.tr:9207/&tkn=0JagTZYI2CT3TP_NvojAjw&tms=1778032925 | icon/radyo-turkiyem.jpg
Türkiyem FM = https://radyodinle1.turkhosted.com/yayin?uri=yayin.turkiletisim.com.tr:9207/&tkn=lBL4duQSERR6_ur1TLlRvg&tms=1778063684 | icon/radyo-turkiyem.jpg
TÜRKLAND = https://moondigitaledge.radyotvonline.net/turkland/playlist.m3u8
TÜRKÜLERLE TÜRKİYE = https://moondigitalmaster.radyotvonline.net/turkulerleturkiye/playlist.m3u8 | icon/türkülerle_türkİye.jpg
Uğur FM = https://radyo.yayin.com.tr:4256/stream/1/?icy=http/;stream.mp3 | icon/ugur-fm.jpg
Uludağ Fm 91.7 = https://sssx.radyosfer.com/uludagfm/stream?/;stream.mp3 | icon/uludagfm.jpg
Uludağ Fm 91.7 = https://sssx.radyosfer.com/uludagfm/stream?/; | icon/uludagfm.jpg
Ulusal Radyo = https://radio.guventechnology.com/9302/stream?/;stream.mp3 | icon/ulusal-radyo.jpg
Ulusal Radyo = https://radio.guventechnology.com/9302/stream?/; | icon/ulusal-radyo.jpg
ULUSAL RADYO CANLI = https://radio.guventechnology.com/9302/stream
Umut FM = https://radyodinle1.turkhosted.com/yayin?uri=yayin1.canliyayin.org:8888/&tkn=IsfowWAkXggFCcMHsyIpxg&tms=1778033588 | icon/umut-fm.jpg
Uşak Ses FM = https://yayin.sesfm.com.tr/sesfm/stream?icy=http/;stream.mp3 | icon/ses-fm-usak.jpg
Ülkü FM = https://radyo.yayindakiler.com:4112/stream?/;stream.mp3 | icon/radyo-ulku-fm.jpg
Ülkü FM = https://radyo.yayindakiler.com:4112/stream?/; | icon/radyo-ulku-fm.jpg
Üni FM = https://unifmcom.80.yayin.com.tr/;type=mp3 | icon/uni-fm.jpg
Üniversite FM = https://listen.powerapp.com.tr/unifm/mpeg/icecast.audio? | icon/uni-fm-akdeniz.jpg
Ünye Hizmet Radyo = https://radyodinle1.turkhosted.com/yayin?uri=dinle.slowkaradenizfm.com:9578/&tkn=t1jKj5gmekX2Z9IqUHsvaQ&tms=1778047777 | icon/unye-hizmet-radyo-ordu.jpg
VAV RADYO = https://trkvz-radyolar.ercdn.net/radyovav/playlist.m3u8 | icon/vav_radyo.png
Veng Radyo = https://live.radyo.in/8012/stream? | icon/veng-radyo.jpg
VIRGIN RADIO = https://playerservices.streamtheworld.com/api/livestream-redirect/VIRGIN_RADIO_SC?/;
Virgin Radio Türkiye = https://29073.live.streamtheworld.com/VIRGIN_RADIO128AAC.aac?/;stream.mp3 | icon/virgin-radio.jpg
Virgin Radio Türkiye = https://29073.live.streamtheworld.com/VIRGIN_RADIO128AAC.aac?/; | icon/virgin-radio.jpg
Virgin Radio Türkiye = https://playerservices.streamtheworld.com/api/livestream-redirect/VIRGIN_RADIO128AAC.aac?/;stream.mp3 | icon/virgin-radio.jpg
Virgin Radio Türkiye = https://playerservices.streamtheworld.com/api/livestream-redirect/VIRGIN_RADIO128AAC.aac?/; | icon/virgin-radio.jpg
Vivaldi FM = https://sslyayin.netyayin.net/3133/stream/;stream.mp3 | icon/radyo-vivaldi-fm.jpg
Vivaldi FM = https://sslyayin.netyayin.net/3133/stream/; | icon/radyo-vivaldi-fm.jpg
VİYANA FM = https://radyo.viyanafm.at/1453/stream | icon/vİyana_fm.jpeg
Vuslat FM = https://live.vuslatfm.com.tr/vuslatfm?/;stream.mp3 | icon/vuslat-fm.jpg
Vuslat FM = https://live.vuslatfm.com.tr/vuslatfm?/; | icon/vuslat-fm.jpg
WORLD HİTS = https://moondigitaledge.radyotvonline.net/worldhits/playlist.m3u8 | icon/world_hİts.jpg
X RADYO = https://stream.xradio.com.tr:8770/stream
Yalova Gözde Fm = https://gozdefm.80.yayin.com.tr/;stream.mp3 | icon/gozde-fm-yalova.jpg
Yıldız FM = https://wowza1.radyotvonline.com/shoutcast/yildizfm.stream/media_w1425287450_42373.aac | icon/yildiz-fm.jpg
Yıldız FM Trabzon = https://yildizfm.80.yayin.com.tr/;stream.mp3 | icon/yildiz-fm-trabzon.jpg
Yozgat FM = https://sslyayin.netyayin.net:10921/stream | icon/yozgat-fm.jpg
Yön Radyo = https://stream.radyolarburada.com:8020/;?type=http&nocache=107036 | icon/yon-radyo.jpg
Yöre FM = https://radyo.yayindakiler.com:4082/stream?/;stream.mp3 | icon/yore-fm-1.jpg
Yörük FM = https://tr2.socialsmart.tv/tepemedya/yorukfm/icecast.audio?/;stream.mp3 | icon/yoruk-fm-mersin.jpg
YZ - Anatolian Rock - #01 - 70'ler (Canlı) = https://www.youtube.com/watch?v=MNl9sknx-7k
YZ - Anatolian Rock - #02 - (Canlı) = https://www.youtube.com/watch?v=JRQGif7Y7Kg
YZ - Anatolian Rock - #03 - (Canlı) = https://www.youtube.com/watch?v=YhPud7oPGc8
YZ - Anatolian Rock - #04 - Türküler (Canlı) = https://www.youtube.com/watch?v=wEm1d_d3CPs
YZ - Anatolian Rock - #05 - (Canlı) = https://www.youtube.com/watch?v=O3Y9V6CXYIk
YZ - Anatolian Rock - #06 - 70’ler ve 80’lerden (Canlı) = https://www.youtube.com/watch?v=9Sg5YNoX_Qs
YZ - Anatolian Rock - #07 - (Canlı) = https://www.youtube.com/watch?v=rjsL-DAfKnk
YZ - Anatolian Rock - #08 - (Canlı) = https://www.youtube.com/watch?v=owN2aNtUGus
YZ - Neo Anatolian Rock (12 saat) = https://www.youtube.com/watch?v=BTmwRHI0sYY&list=RDBTmwRHI0sYY&start_radio=1
YZ - Radyo Türkü (Canlı) = https://www.youtube.com/watch?v=NAaJYGbKRQo
Zara FM = https://sslyayin.netyayin.net:8150/stream?/;stream.mp3 | icon/zara-fm.jpg
ZEN CHOPPER = https://anadolu.liderhost.com.tr:10877/;
ZEN NOSTALJİ = https://anadolu.liderhost.com.tr:10879/;
ZEN RADYO = https://anadolu.liderhost.com.tr:10880/;
ZEN YABANCI = https://anadolu.liderhost.com.tr:10878/;
ZENLAND = https://moondigitaledge.radyotvonline.net/zenland/playlist.m3u8
ZIRVE RADYO = https://radyoserver.qbilisim.com:7006/; | icon/zirve_radyo.jpeg
Zonguldak Demokrat Fm = https://sonic.dcnet.com.tr/8078/stream? | icon/demokrat-fm.jpg
