Adana 01 FM = https://sssx.radyosfer.com/01fm/stream?/;stream.mp3 | icon/radyo-01-adana.jpg
Adana Efsane Radyo = https://host10.onlineradyotv.net/9602/stream?/;stream.mp3 | icon/efsane-radyo-adana.jpg
Adana FM = https://host10.onlineradyotv.net/8004/stream?/;stream.mp3 | icon/radyo-adana-fm.jpg
Adana Kozan Fm = https://sslyayin.netyayin.net/3401/stream/;stream.mp3 | icon/kozan-fm.jpg
Adana Lokum Fm = https://radyodinle1.turkhosted.com/yayin?uri=37.247.98.9:80/stream/493/;/&tkn=rTl94f1qeUN0Gt8IDl6Bqw&tms=1777976613 | icon/lokum-fm.jpg
Adana Mavi Radyo = https://29103.live.streamtheworld.com/SUPER_FM_ITUNES.mp3 | icon/mavi-radyo-adana.jpg
Adana Mavi Radyo = https://stream.radyolarburada.com/listen/maviradyo/maviradyo? | icon/mavi-radyo-adana.jpg
Adana Radyo Başkent = https://radyo.kanalb.tr/adana?/;stream.mp3 | icon/radyo-baskent.jpg
Adana Radyo Çukurova = https://host10.onlineradyotv.net/8010/stream?/;stream.mp3 | icon/radyo-cukurova.jpg
Adana Radyo Güney = https://stream.radyolarburada.com:8250/stream?/;stream.mp3 | icon/radyo-guney-adana.jpg
Akdeniz FM 105.7 = https://host10.onlineradyotv.net/8012/stream?/;stream.mp3 | icon/akdeniz-fm-adana.jpg
Barış Radyo = https://yayin2.canliyayin.org:9350/stream?/;stream.mp3 | icon/barisr-adyo.jpg
CRT FM = https://sssx.radyosfer.com/01fm?/;stream.mp3 | icon/crt-fm-adana.jpg
Lider FM  = https://radyo1.radyo-dinle.tc/8108/stream?/;stream.mp3 | icon/lider-fm-adana.jpg
Mavi FM Türkiye 99.1 = https://sssx.radyosfer.com/mavifmturkiye/stream? | icon/mavi-fm-turkiye.jpg
Meşk Fm 95.5 = https://stream.radyolarburada.com:8130/stream?/;stream.mp3 | icon/mesk-fm.jpg
Nurs FM = https://radyodinle1.turkhosted.com/yayin?uri=host10.onlineradyotv.net:8008/&tkn=Bbd8GgEDR-_CIIHaMdeFjQ&tms=1777967506 | icon/nurs-fm.jpg
Radyo Deva = https://radyo.yayindakiler.com:3040/stream?/;stream.mp3 | icon/radyo-deva.jpg
Radyo Efebey = https://radyo.radyoimza.com:8016/stream/;stream.mp3 | icon/radyo-efebey.jpg
Radyo Hayat = https://wowza1.radyotvonline.com/shoutcast/radyohayat.stream/chunklist_w1164838831.m3u8 | icon/radyo-hayat.jpg
Radyo Hayat = https://wowza1.radyotvonline.com/shoutcast/radyohayat.stream/chunklist_w1803821786.m3u8 | icon/radyo-hayat.jpg
Radyo Seyhan = https://sssx.radyosfer.com/radyoseyhan/stream?/;stream.mp3 | icon/radyo-seyhan.jpg
Radyo Seyhan = https://sssx.radyosfer.com/radyoseyhan/stream?/; | icon/radyo-seyhan.jpg
Radyo Sis = https://live.radyositesihazir.com:8082/stream?/;stream.mp3 | icon/radyo-sis.jpg
Radyo Sis = https://live.radyositesihazir.com:8082/stream?/; | icon/radyo-sis.jpg
Vuslat FM = https://live.vuslatfm.com.tr/vuslatfm?/;stream.mp3 | icon/vuslat-fm.jpg
Vuslat FM = https://live.vuslatfm.com.tr/vuslatfm?/; | icon/vuslat-fm.jpg