Dolu Radyo = https://sslyayin.radyoyayini.com:7070/stream? | icon/dolu-radyo.jpg
Hür FM = https://sssx.radyosfer.com/hurfm/stream | icon/hur-fm.jpg
İmparator FM Sakarya = https://sssx.radyosfer.com/imparatorfm/stream?/;stream.mp3 | icon/imparator-fm-sakarya.jpg
İmparator FM Sakarya = https://sssx.radyosfer.com/imparatorfm/stream?/; | icon/imparator-fm-sakarya.jpg
Kadırga FM = https://sslyayin.radyoyayini.com/8144/stream?/;stream.mp3 | icon/kadirga-fm.jpg
Kadırga FM = https://sslyayin.radyoyayini.com/8144/stream?/; | icon/kadirga-fm.jpg
Radyo Rota = https://sslyayin.radyoyayini.com:7082/;/;stream.mp3 | icon/radyo-rota.jpg
Radyo Rota = https://sslyayin.radyoyayini.com:7082/;/; | icon/radyo-rota.jpg
Romantik Ses Sakarya = https://radyo.romantikses.com/romantiksessakary/stream/;stream.mp3 | icon/romantik-ses-sakarya.jpg
Romantik Ses Sakarya = https://radyo.romantikses.com/romantiksessakary/stream/; | icon/romantik-ses-sakarya.jpg
Sakarya Ada FM = https://radyodinle1.turkhosted.com/yayin?uri=www.adafm.net:6262/&tkn=MPHClFr-pGwaFGnSq1f8hg&tms=1777948400 | icon/ada-fm.jpg
Sakarya Ada FM = https://radyodinle1.turkhosted.com/yayin?uri=www.adafm.net:6262/&tkn=U9CBMfFCmfVYpufKgRWI_Q&tms=1777978121 | icon/ada-fm.jpg