Afyon Armoni Fm = https://radyo.yayindakiler.com:4084/stream?/;stream.mp3 | icon/armoni-fm.jpg
Afyon Armoni Fm = https://radyo.yayindakiler.com:4084/stream?; | icon/armoni-fm.jpg
Afyon Radyo Tek = https://radyo.yayindakiler.com:8004/stream?/;stream.mp3 | icon/radyo-tek-afyon.jpg
Afyon Radyo Tek = https://radyo.yayindakiler.com:8004/stream? | icon/radyo-tek-afyon.jpg
Dinar Dost Radyo = https://radyo1.radyo-dinle.tc/8062/stream/;stream.mp3 | icon/dost-radyo-dinar.jpg
Dinar Dost Radyo = https://radyo1.radyo-dinle.tc/8062/stream/; | icon/dost-radyo-dinar.jpg
Gün FM Afyon = https://ssl120.radyotelekom.com.tr/8130/; | icon/gun-fm.jpg
Kolaylı Radyo = https://radyodinle1.turkhosted.com/yayin?uri=154.53.167.66:8004/&tkn=1nBd_wGBBaWBX4yK0s0UFA&tms=1777957346 | icon/radyo-kolayli-afyon-100x100.jpg
Kolaylı Radyo = https://radyodinle1.turkhosted.com/yayin?uri=154.53.167.66:8004/&tkn=mK7GU7juDm1EIawwgaxqQg&tms=1777978711 | icon/radyo-kolayli-afyon-100x100.jpg
Radyo Lojik = https://yayin.kayamedya.com.tr:1303/stream?/;stream.mp3 | icon/radyo-lojik.jpg
Radyo Lojik = https://yayin.kayamedya.com.tr:1303/stream?/; | icon/radyo-lojik.jpg
Radyo Hisar = https://radyo.yayindakiler.com:4006/stream?/;stream.mp3 | icon/radyo-hisar.jpg
Radyo Hisar = https://radyo.yayindakiler.com:4006/stream?/; | icon/radyo-hisar.jpg
Radyo Kocatepe = https://radyo.aku.edu.tr/radyo?/;stream.mp3 | icon/radyo-kocatepe.jpg
Radyo Kocatepe = https://radyo.aku.edu.tr/radyo?/; | icon/radyo-kocatepe.jpg
Solmaz FM = https://sssx.radyosfer.com/solmazfm/stream?/;stream.mp3 | icon/solmaz-fm.jpg
Solmaz FM = https://sssx.radyosfer.com/solmazfm/stream?/; | icon/solmaz-fm.jpg