Akgül FM = https://sssx.radyosfer.com/akgulfm/stream?/;stream.mp3 | icon/akgul-fm.jpg
Akgül FM = https://sssx.radyosfer.com/akgulfm/stream?/; | icon/akgul-fm.jpg
Aksaray Ar Radyo = https://radyo.yayindakiler.com:4036/stream?/;stream.mp3 | icon/ar-radyo.jpg
Aksaray Ar Radyo = https://radyo.yayindakiler.com:4036/stream?/; | icon/ar-radyo.jpg
Aksaray FM 99.5 = https://stream.turkiyeradyolari.com/9332/stream | icon/aksaray-fm.jpg
Aksaray’ın Sesi = https://sssx.radyosfer.com/aksaraykralfm/stream?/;stream.mp3 | icon/aksarayin-sesi.jpg
Aksaray’ın Sesi = https://sssx.radyosfer.com/aksaraykralfm/stream?/; | icon/aksarayin-sesi.jpg
Kral FM Aksaray = https://sssx.radyosfer.com/aksaraykralfm/stream?/;stream.mp3 | icon/aksaray-kent-fm.jpg
Kral FM Aksaray = https://sssx.radyosfer.com/aksaraykralfm/stream?/; | icon/aksaray-kent-fm.jpg
Radyo 68 = https://radyo.yayindakiler.com:4022/stream?/;stream.mp3 | icon/radyo-68-aksaray.jpg
Radyo 68 = https://radyo.yayindakiler.com:4022/stream?/; | icon/radyo-68-aksaray.jpg
Radyo Mavi Aksaray = https://radyo.yayindakiler.com:4026/stream?/;stream.mp3 | icon/radyo-mavi-aksaray.jpg
Radyo Mavi Aksaray = https://radyo.yayindakiler.com:4026/stream?/; | icon/radyo-mavi-aksaray.jpg