Amasya Art FM = https://yayin1.canlitv.fun:8014/stream?/;stream.mp3 | icon/art-fm-amasya.jpg
Amasya Art FM = https://yayin1.canlitv.fun:8014/stream?/; | icon/art-fm-amasya.jpg
Amasya Esinti FM = https://stream.zeno.fm/yzg9n0sma8zuv?/;stream.mp3 | icon/amasya-esinti-fm.jpg
Amasya Esinti FM = https://stream-175.zeno.fm/yzg9n0sma8zuv?zt=eyJhbGciOiJIUzI1NiJ9.eyJzdHJlYW0iOiJ5emc5bjBzbWE4enV2IiwiaG9zdCI6InN0cmVhbS0xNzUuemVuby5mbSIsInJ0dGwiOjUsImp0aSI6InFNTDBkQmZ6Um9DLUNIQ1l5MHA0Q3ciLCJpYXQiOjE3Nzc4NTAwMTAsImV4cCI6MTc3Nzg1MDA3MH0.NRbqpcK9sq8_ock-hVhamRKch5uL_ZaHNeTwWvJ4t0U&/;stream.mp3 | icon/amasya-esinti-fm.jpg
Amasya FM = https://amasyafm.ozelip.com:8022/stream?/;stream.mp3 | icon/amasya-fm.jpg
Amasya FM = https://amasyafm.ozelip.com:8022/stream?/; | icon/amasya-fm.jpg
Radyo 5 = https://sslyayin.radyoyayini.com:7062/mp3?/; | icon/radyo-5-merzifon.jpg
Radyo 5 = https://sslyayin.radyoyayini.com:7062/mp3?/;stream.mp3 | icon/radyo-5-merzifon.jpg
Radyo Hayat Amasya = https://sslyayin.radyoyayini.com:7059/stream? | icon/radyo-hayat-amasya.jpg
Sıla FM = https://radyo.yayin.com.tr:4164/stream/;stream.mp3 | icon/sila-fm.jpg
Sıla FM = https://radyo.yayin.com.tr:4164/stream/; | icon/sila-fm.jpg