Ankara Radyo Banko = https://stream.netradyom.com/listen/radyobanko/radio.mp3/;stream.mp3 | icon/radyo-banko.jpg
Ankara Radyo Beyaz = https://radyodinle1.turkhosted.com/yayin?uri=radyo.normyazilim.com:8030/&tkn=MGuOGA4A7AowoZ0KU3swmg&tms=1777944593 | icon/radyo-beyaz.jpg
Ankara Radyo Özgür = https://radyoozgur.kesintisizyayin.com:9898/stream? | icon/ozgur-radyo.jpg
Atlantis FM = https://stream.netradyom.com/listen/imajpop/radio.mp3/;stream.mp3 | icon/atlantis-fm.jpg
Imaj Pop = https://stream.netradyom.com/listen/imajpop/radio.mp3 | icon/imaj-pop.jpg
Park FM = https://stream.netradyom.com/listen/parkfm/radio.mp3/;stream.mp3 | icon/park-fm.jpg
Polis Radyosu TSM = https://m.egm.gov.tr:8095/stream?/;stream.mp3  | icon/polis-radyosu-turk-sanat-muzigi.jpg
Polis Radyosu TSM = https://m.egm.gov.tr:8095/stream? | icon/polis-radyosu-turk-sanat-muzigi.jpg
Radyo 06 Ankara = https://radyo.yayin.com.tr:5132/stream? | icon/radyo06.jpg
Radyo Ankara = https://radyoankara.ozelip.net:8152/ | icon/radyo-ankara.jpg
Radyo Bilkent = https://stream.netradyom.com/listen/radyobilkent/radio.mp3 | icon/radyo-bilkent.jpg
Radyo Durak = https://radyo.yayindakiler.com:8018/stream?/;stream.mp3 | icon/radyo-durak.jpg
Radyo Gimsa = https://yayin2.canliyayin.org:9482/stream/;stream.mp3 | icon/gimsa-radyo.jpg
Radyo Harman FM = https://free.rcast.net/200259?/;stream.mp3 | icon/radyo-harman-fm.jpg
Radyo Hedef = https://stream.rcast.net/200299 | icon/hedef-radyo.jpg
Radyo Hedef = https://free.rcast.net/200299 | icon/hedef-radyo.jpg
Radyo Karadeniz = https://radyo1.radyo-dinle.tc/8138/stream?/;stream.mp3 | icon/radyo-karadeniz.jpg
Radyo Mars = https://yayin.radyomadyo.com:9400/stream?/;stream.mp3 | icon/radyo-mars.jpg
Radyo Megasite = https://stream.netradyom.com/listen/megasite/radio.mp3/;stream.mp3 | icon/radyo-mega-site.jpg
Radyo Megasite = https://stream.netradyom.com/listen/megasite/radio.mp3/; | icon/radyo-mega-site.jpg
Radyo ODTÜ = https://stream3.radyoodtu.com.tr:8000/canli;/;stream.mp3 | icon/radyo-odtu.jpg
Radyo ODTÜ = https://stream.radyoodtu.com.tr/canli;/;stream.mp3 | icon/radyo-odtu.jpg
Radyo Ostim = https://stream.netradyom.com/radio/8010/radio.mp3  | icon/ostim-radyo.jpg
Radyo Ses (KUR'AN-I KERİM - İLAHİ ) = https://radyodinle1.turkhosted.com/yayin?uri=radyo.normyazilim.com:8020/&tkn=JfXnwYkiwdXh9kPeBBpBrQ&tms=1777946837 | icon/radyo-ses-ankara.jpg
Radyo Trafik Ankara = https://wowza1.radyotvonline.com/saran/radyotrafikankara.stream/chunklist_w1277412776.m3u8 | icon/radyo-trafik-ankara.jpg
Radyo Trio (Nostalji) = https://radyotrio.radyotvonline.net/radyotrio?/;stream.mp3 | icon/radyo-trio.jpg
Radyo Tuzgölü = https://radyo.yayin.com.tr:5870/stream? | icon/radyo-tuzgolu.jpg
Radyo Trend Ankara = https://radyo.yayin.com.tr:5132/stream?t=1760000812541 | icon/radyo-trend-ankara.jpg