Hatay Asya Radyo = https://sslyayin.netyayin.net/9850/stream?/;stream.mp3 | icon/asya-radyo-hatay.jpg
Hatay Asya Radyo = https://sslyayin.netyayin.net/9850/stream?/; | icon/asya-radyo-hatay.jpg
Hatay Dost FM = https://radyodinle1.turkhosted.com/yayin?uri=yayin.netyayin.net:1515/&tkn=p6zh5jhLzg3dYfLwxfeXIg&tms=1777979289 | icon/hatay-dost-fm.jpg
Hatay Dost FM = https://radyodinle1.turkhosted.com/yayin?uri=yayin.netyayin.net:1515/&tkn=gXtAx6I3VuA4E_WNHU20dg&tms=1777980096 | icon/hatay-dost-fm.jpg
Hatay Melodi FM = https://radyomelodi.80.yayin.com.tr/;/;stream.mp3 | icon/hatay-radyo-melodi.jpg
Hatay Melodi FM = https://radyomelodi.80.yayin.com.tr/;/; | icon/hatay-radyo-melodi.jpg
Hatay Tempo FM = https://sslyayin.netyayin.net/tempo/stream?/;stream.mp3 | icon/hatay-tempo-fm.jpg
Hatay Tempo FM = https://sslyayin.netyayin.net/tempo/stream?/; | icon/hatay-tempo-fm.jpg
Mega Radyo İskenderun = https://megaradyoiskenderun.ozelip.com/8024/stream | icon/radyo-mega-iskenderun.jpg
Radyo Akdeniz FM Hatay = https://sslyayin.netyayin.net/hatayakdenizfm/stream?/;stream.mp3 | icon/hatay-akdeniz-fm.jpg
Radyo Akdeniz FM Hatay = https://sslyayin.netyayin.net/hatayakdenizfm/stream?/; | icon/hatay-akdeniz-fm.jpg
Radyo Şok = https://sokradyo.80.yayin.com.tr/stream/;stream.mp3 | icon/radyo-sok.jpg
Radyo Şok = https://sokradyo.80.yayin.com.tr/stream/; | icon/radyo-sok.jpg
Süpersov Radyo (Mono) = https://sslyayin.netyayin.net:6065/stream?/;stream.mp3 | icon/supersov-radyo.jpg
Süpersov Radyo (Mono) = https://sslyayin.netyayin.net:6065/stream?/; | icon/supersov-radyo.jpg
Vivaldi FM = https://sslyayin.netyayin.net/3133/stream/;stream.mp3 | icon/radyo-vivaldi-fm.jpg
Vivaldi FM = https://sslyayin.netyayin.net/3133/stream/; | icon/radyo-vivaldi-fm.jpg