Antalya Radyo Akdeniz = https://yayin.radyoakdeniz.com/9470/stream? | icon/radyo-akdeniz.jpg
Art FM Antalya = https://anadolu.liderhost.com.tr/9338/stream/;stream.mp3 | icon/art-fm.jpg
Art FM Antalya = https://anadolu.liderhost.com.tr/9338/stream/; | icon/art-fm.jpg
Dim Radyo = https://radyodinle1.turkhosted.com/yayin?uri=radio.dimradyo.com:8000/&tkn=gAd4uahmLAni3YWpRvpbmg&tms=1777980710 | icon/dim-radyo.jpg
Olay FM Antalya = https://netyayin.jsproduksiyon.com:9010/olayfm?type=http&nocache=1706 | icon/olay-fm-anyalya.jpg
Radyo Antalya = https://sslyayin.netyayin.net:8036/stream/;stream.mp3 | icon/radyo-antalya.jpg
Radyo Antalya = https://sslyayin.netyayin.net:8036/stream/; | icon/radyo-antalya.jpg
Radyo Tulu (Dini) = https://radyodinle1.turkhosted.com/yayin?uri=yayin2.canliyayin.org:8248/&tkn=eBBayoBPqKunmpVcvYZvfg&tms=1777980183 | icon/tulu-radyo.jpg
Radyo Tulu (Dini) = https://radyodinle1.turkhosted.com/yayin?uri=yayin2.canliyayin.org:8248/&tkn=2F15H52E3SsKKn2xDU5pHA&tms=1777980940 | icon/tulu-radyo.jpg
Radyo V (Mono) = https://edge.taksimbilisim.com/vtvradyo/bant1/icecast.audio?/;stream.mp3 | icon/radyo-v.jpg
Üniversite FM = https://listen.powerapp.com.tr/unifm/mpeg/icecast.audio? | icon/uni-fm-akdeniz.jpg