Ay FM AYDIN = https://radyo.yayin.com.tr:5136/stream? | icon/ay-fm.jpg
AY FM AYDIN = https://radyo.yayin.com.tr:5136/; | icon/ay-fm.jpg
Aydın Radyo Flaş = https://radyo.yayindakiler.com:4096/stream?/;stream.mp3 | icon/aydin-radyo-flas.jpg
Aydın Radyo Mega = https://sssx.radyosfer.com/radyomegafm105/stream?/;stream.mp3 | icon/radyo-mega-aydin.jpg
AYMEGA FM = https://sslyayin.radyoyayini.com:7040/stream | icon/radyo-mega-aydin.jpg
Kuşadası 105 FM = https://sssx.radyosfer.com/kusadasi105fm/stream? | icon/radyo-net-kusadasi.jpg
Maraton FM = https://live.radyo.in/9985/stream?/;stream.mp3 | icon/maraton-fm.jpg
Radyo 9 = https://radyo.yayin.com.tr:4010/stream?/;stream.mp3 | icon/radyo-9.jpg
Radyo 9 = https://radyo.yayin.com.tr:4010/; | icon/radyo-9.jpg
Radyo AS FM = https://radyo.yayin.com.tr:4098/stream?/;stream.mp3 | icon/as-fm-aydin.jpg
Radyo Özden = https://wowza1.radyotvonline.com/shoutcast/radyoozden.stream/chunklist_w608409433.m3u8 | icon/radyo-ozden.jpg
Söke Radyo Tempo = https://sssx.radyosfer.com/radyotempo/stream?/;stream.mp3 | icon/soke-radyo-tempo.jpg
Söke Radyo Tempo = https://radyo.yayin.com.tr:4050/stream/; | icon/soke-radyo-tempo.jpg
Radyo Durak AYDIN = https://radyohost.ugnhosting.com/8010/stream
Radyo Güven = https://radyo.yayin.com.tr:4098/stream?/;stream.mp3
Radyo FLAS = http://yayin2.yayindakiler.com:4096/;
Radyo DOGUBEYAZIT = https://radyo1.radyo-dinle.tc/8156/stream