Akçay Best FM = https://cast.akcaybestfm.com.tr/listen/akcay_bestfm/radio? | icon/akcay-best-fm.jpg
Balıkesir Genç Fm = https://yayin1.canlitv.fun/radyo/gencfm/chunklist_w1657331682.m3u8 | icon/genc-fm-balikesir.jpg
Bandırma Radyo Venüs = https://radyodinle1.turkhosted.com/yayin?uri=154.53.167.66:8008/&tkn=ls1z7dtcy9c2banoKtPqJw&tms=1777982046 | icon/radyo-venus-bandirma.jpg
Bandırma Radyo Venüs = https://radyodinle1.turkhosted.com/yayin?uri=154.53.167.66:8008/&tkn=2cBHCDurTANCn3Apv6w5Ng&tms=1777982093 | icon/radyo-venus-bandirma.jpg
Karesi Radyo = https://sssx.radyosfer.com/karesiradyo/stream/;stream.mp3 | icon/karesi-radyo.jpg
Körfez FM = https://ssl180.ozelip.com/asistan/stream/63fce6aebc19dca16c183a910ccd9a5a? | icon/korfez-fm.jpg
Radyo 10 = https://sssx.radyosfer.com/radyoon/stream?/;stream.mp3 | icon/radyo-10-balikesir.jpg
Radyo Çamlıca FM = https://camlicafm.ozelip.com:9314/stream?/;stream.mp3 | icon/radyo-camlica.jpg
Sev Radyo = https://sssx.radyosfer.com/sevradyo/stream?/;stream.mp3 | icon/sev-radyo.jpg
Ulusal Radyo = https://radio.guventechnology.com/9302/stream?/;stream.mp3 | icon/ulusal-radyo.jpg