Bursa FM = https://radyo.yayin.com.tr:1055/stream/1/?icy=http/;stream.mp3 | icon/bursa-fm.jpg
Bursa FM = https://radyo.yayin.com.tr:1055/stream/1/?icy=http/; | icon/bursa-fm.jpg
Bursa Radyo Şampiyon = https://radyo.yayin.com.tr:4106/stream?/;stream.mp3 | icon/radyo-sampiyon.jpg
Bursa Radyo Şampiyon = https://radyo.yayin.com.tr:4106/stream?/; | icon/radyo-sampiyon.jpg
Bursa Radyo Venüs = https://yayin.radyovenus.com.tr:3416/;stream.mp3 | icon/radyo-venus-bursa.jpg
Bursa Radyo Venüs = https://yayin.radyovenus.com.tr:3416/; | icon/radyo-venus-bursa.jpg
Bursa Radyo Yörem = https://radyodinle1.turkhosted.com/yayin?uri=yorefm.radyotvyayini.com:9420/&tkn=KzncdpfkqcsgvumNfXxG7Q&tms=1778009268 | icon/radyo-yorem.jpg
Bursa Radyo Yörem = https://radyodinle1.turkhosted.com/yayin?uri=yorefm.radyotvyayini.com:9420/&tkn=1-TgGPyVGs_29vmTE3to-w&tms=1778014715 | icon/radyo-yorem.jpg
Radyo 16 Bursa = https://radyo.yayin.com.tr:6038/stream? | icon/radyo-16.jpg
Radyo Bu = https://radyo.yayindakiler.com:8006/stream?/;stream.mp3 | icon/radyo-bu.jpg
Radyo Bu = https://radyo.yayindakiler.com:8006/stream?/; | icon/radyo-bu.jpg
Radyo Nida = https://anadolu.liderhost.com.tr/8106/stream?/;stream.mp3 | icon/radyo-nida.jpg
Radyo Nida = https://anadolu.liderhost.com.tr/8106/stream?/; | icon/radyo-nida.jpg
Radyo S Bursa = https://icecast.netmedya.net/radyos? | icon/radyo-s.jpg
Radyo Trio = https://radyotrio.radyotvonline.net/radyotrio?/;stream.mp3 | icon/radyo-trio.jpg
Radyo Trio = https://radyotrio.radyotvonline.net/radyotrio?/; | icon/radyo-trio.jpg
Radyo Türk = https://radyo.yayindakiler.com:4028/stream? | icon/radyo-turk-bursa.jpg
Uludağ Fm 91.7 = https://sssx.radyosfer.com/uludagfm/stream?/;stream.mp3 | icon/uludagfm.jpg
Uludağ Fm 91.7 = https://sssx.radyosfer.com/uludagfm/stream?/; | icon/uludagfm.jpg
Ulusal Radyo = https://radio.guventechnology.com/9302/stream?/;stream.mp3 | icon/ulusal-radyo.jpg