Elazığ ERT FM = https://radyo.yayin.com.tr:8012/stream? | icon/elazig-ert-fm.jpg
Elazığ Ezgi Radyo = https://sslyayin.netyayin.net/elazigezgiradyo/stream/;stream.mp3 | icon/ezgi-radyo.jpg
Elazığ Ezgi Radyo = https://sslyayin.netyayin.net/elazigezgiradyo/stream/; | icon/ezgi-radyo.jpg
Elazığ Hit FM = https://radyodinle1.turkhosted.com/yayin?uri=yayin.turkiletisim.com.tr:1094/&tkn=FNuCvuPtxTcWmmkt1I-rNQ&tms=1777994833 | icon/hit-fm-elazig.jpg
Elazığ Hit FM = https://radyodinle1.turkhosted.com/yayin?uri=yayin.turkiletisim.com.tr:1094/&tkn=yNfRkRjvQdxd_hc1sLIntQ&tms=1778016702 | icon/hit-fm-elazig.jpg
Elazığ Mavi Radyo = https://yayin.turkhosted.com/elazigmaviradyo/stream | icon/mavi-radyo-elazig.jpg
Elazığ Radyo Hazar = https://radyo.yayin.com.tr:8286/stream? | icon/radyo-hazar-100x100.jpg
FM 23 Elazığ = https://radyo.yayin.com.tr:8280/stream/1/?icy=http/;stream.mp3 | icon/radyofm23.jpg
FM 23 Elazığ = https://radyo.yayin.com.tr:8280/stream/1/?icy=http/; | icon/radyofm23.jpg
Radyo 2000 Elazığ = https://radyodinle1.turkhosted.com/yayin?uri=yayin.turkiletisim.com.tr:1092/&tkn=ePWcf_HeYwkgnYgLkTI3zg&tms=1778016612 | icon/elazig-radyo-2000.jpg
Radyo 2000 Elazığ = https://radyodinle1.turkhosted.com/yayin?uri=yayin.turkiletisim.com.tr:1092/&tkn=pghkZ0EyyxQbZJvL1oijJw&tms=1778002761 | icon/elazig-radyo-2000.jpg
Radyo Kulüp Elazığ = https://radyo.yayin.com.tr:8282/stream?/;stream.mp3 | icon/radyo-kulup.jpg
Radyo Kulüp Elazığ = https://radyo.yayin.com.tr:8282/stream?/; | icon/radyo-kulup.jpg