Erzincan Dost Radyo = https://radyo.yayindakiler.com:3156/stream?/;stream.mp3 | icon/erzincan-dost-radyo.jpg
Erzincan Dost Radyo = https://radyo.yayindakiler.com:3156/stream?/; | icon/erzincan-dost-radyo.jpg
Erzincan FM = https://radyodinle1.turkhosted.com/yayin?uri=yayin.netyayin.net:2424/&tkn=7TE10XH1Mq8qiIenhqtT3g&tms=1778009207 | icon/erzincan-fm.jpg
Erzincan FM = https://radyodinle1.turkhosted.com/yayin?uri=yayin.netyayin.net:2424/&tkn=VIsAdvf8hqCZp76bKpPtew&tms=1778017040 | icon/erzincan-fm.jpg
Erzincan Radyo 2000 = https://radyo.yayindakiler.com:3030/stream?/;stream.mp3 | icon/radyo-2000-erzincan.jpg
Erzincan Radyo 2000 = https://radyo.yayindakiler.com:3030/stream?/; | icon/radyo-2000-erzincan.jpg
Erzincan Radyo Cem = https://erzincan.80.yayin.com.tr/stream/1/?icy=http/;stream.mp3 | icon/radyo-cem-erzincan.jpg
Erzincan Radyo Cem = https://erzincan.80.yayin.com.tr/stream/1/?icy=http/; | icon/radyo-cem-erzincan.jpg
Erzincan Radyo Tek = https://radyo.yayindakiler.com:4202/stream?/;stream.mp3 | icon/radyo-tek-erzincan.jpg
Erzincan Radyo Tek = https://radyo.yayindakiler.com:4202/stream?/; | icon/radyo-tek-erzincan.jpg
İncitek FM = https://radyo.yayindakiler.com:4204/stream?/;stream.mp3 | icon/incitek-fm.jpg
İncitek FM = https://radyo.yayindakiler.com:4204/stream?/; | icon/incitek-fm.jpg
Time Türk Erzincan = https://radyo.yayindakiler.com:4195/stream?/;stream.mp3 | icon/radyo-time-turk.jpg
Time Türk Erzincan = https://radyo.yayindakiler.com:4195/stream?/; | icon/radyo-time-turk.jpg