24 Radyo = https://radyo24.radyotvonline.net/radyo24?/;stream.mp3 | icon/24-radyo.jpg
24 Radyo = https://radyo24.radyotvonline.net/radyo24?/; | icon/24-radyo.jpg
Alem FM = https://alemfm.radyotvonline.net/alemfmaac?/;stream.mp3 | icon/alem-fm.jpg
Alem FM = https://alemfm.radyotvonline.net/alemfmaac?/; | icon/alem-fm.jpg
Baba Radyo 105.6 = https://officialbabaradyo.radyotvonline.net/babaofficial?/;stream.mp3 | icon/babaradyo-100x100.jpg
Baba Radyo 105.6 = https://officialbabaradyo.radyotvonline.net/babaofficial?/; | icon/babaradyo-100x100.jpg
Bayram FM = https://sslyayin.netyayin.net/3442/stream/;stream.mp3 | icon/bayram-fm-100x100.jpg
Bayram FM = https://sslyayin.netyayin.net/3442/stream/; | icon/bayram-fm-100x100.jpg
Bizim FM Şile = https://sssx.radyosfer.com/bizimfmsile/stream?/;stream.mp3 | icon/bizim-fm-sile.jpg
Bizim FM Şile = https://sssx.radyosfer.com/bizimfmsile/stream?/; | icon/bizim-fm-sile.jpg
Bizim Radyo = https://ip132.ozelip.com:7017/stream? | icon/bizim-fm-sile.jpg
Blue Karadeniz Radyo = https://sslyayin.netyayin.net/bluekaradeniz/stream?/;stream.mp3 | icon/blue-karadeniz-radyo.jpg
Blue Karadeniz Radyo = https://sslyayin.netyayin.net/bluekaradeniz/stream?/; | icon/blue-karadeniz-radyo.jpg
CGTN Türk = https://criturk.radyotvonline.net/criturk?/;stream.mp3 | icon/cgtn-turk.jpg
CGTN Türk = https://criturk.radyotvonline.net/criturk?/; | icon/cgtn-turk.jpg
Damar Türk FM = https://live.radyositesihazir.com/7000/stream/;stream.mp3 | icon/damar-turk-fm.jpg
Damar Türk FM = https://live.radyositesihazir.com/7000/stream/; | icon/damar-turk-fm.jpg
Dolunay FM = https://yayin2.canliyayin.org:10955/;stream/;stream.mp3 | icon/dolunay-fm.jpg
Gerçek Radyo = https://yayin.radyomadyo.com:9590/stream?/;stream.mp3 | icon/gercek-radyo-istanbul.jpg
Gerçek Radyo = https://yayin.radyomadyo.com:9590/stream?/; | icon/gercek-radyo-istanbul.jpg
Habertürk Radyo = https://haberturkradyo.radyotvonline.net/haberturkradyo?/;stream.mp3 | icon/haber-turk-radyo.jpg
Habertürk Radyo = https://haberturkradyo.radyotvonline.net/haberturkradyo?/; | icon/haber-turk-radyo.jpg
İstanbul Fm  = https://rdfenlive.mediatriple.net/fenomen/istanbulfm/playlist.m3u8 | icon/istanbul-fm.jpg
İstanbul FM Alaturka = https://yayin.istanbulfm.com.tr/istanbulfm/alaturka/playlist.m3u8 | icon/istanbul-fm-alaturka.jpg
İstanbul FM Fantezi = https://yayin.istanbulfm.com.tr/istanbulfm/fantezi/playlist.m3u8 | icon/istanbul-fm-fantezi-radyosu.jpg
İstanbul FM Nostalji = https://yayin.istanbulfm.com.tr/istanbulfm/nostalji/playlist.m3u8 | icon/istanbul-fm-nostalji.jpg
İstanbul Küpe FM = https://icecast.netmedya.net/kupefm?/;stream.mp3 | icon/kupe-fm.jpg
İstanbul Küpe FM = https://icecast.netmedya.net/kupefm?/; | icon/kupe-fm.jpg
İstanbul Radyo Seymen = https://yayin.radyoseymen.com.tr:1070/stream?/;stream.mp3 | icon/radyo-seymen.jpg
İstanbul Radyo Seymen = https://yayin.radyoseymen.com.tr:1070/stream?/; | icon/radyo-seymen.jpg
İstanbulun Sesi Radyosu = https://yayin.radyomadyo.com:9180/stream?/;stream.mp3 | icon/istanbulun-sesi.jpg
İstanbulun Sesi Radyosu = https://yayin.radyomadyo.com:9180/stream?/; | icon/istanbulun-sesi.jpg
Kalp FM = https://yayin.kalpfm.com:8080/stream?/;stream.mp3 | icon/kalp-fm.jpg
Kalp FM = https://yayin.kalpfm.com:8080/stream?/; | icon/kalp-fm.jpg
RadyoBir = https://canli.radyobir.com.tr:7002/stream? | icon/radyo-bir.jpg
Kiss FM = https://kiss.radyotvonline.net/kissfm?/;stream.mp3 | icon/kiss-fm.jpg
Kiss FM = https://kiss.radyotvonline.net/kissfm?/; | icon/kiss-fm.jpg
Kiss Türk = https://kiss.radyotvonline.net/kissturk?/;stream.mp3 | icon/kiss-turk.jpg
Kiss Türk = https://kiss.radyotvonline.net/kissturk?/;  | icon/kiss-turk.jpg
Kral Pop Radyo = https://dygedge.radyotvonline.net/kralpop/playlist.m3u8 | icon/kral-pop.jpg
Lalegül FM = https://icecast.netmedya.net/lalegulfm | icon/lalegul-fm.jpg
Lig Radyo = https://ligradyo.radyotvonline.net/ligradyo | icon/lig-radyo.jpg
Lounge FM = https://edge1.radyotvonline.net/shoutcast/play/loungefm?/;stream.mp3 | icon/lounge-fm-96.jpg
Lounge FM = https://edge1.radyotvonline.net/shoutcast/play/loungefm?/; | icon/lounge-fm-96.jpg
Moral Fm = https://stream-281.zeno.fm/0cfiqwdkobavv?zt=eyJhbGciOiJIUzI1NiJ9.eyJzdHJlYW0iOiIwY2ZpcXdka29iYXZ2IiwiaG9zdCI6InN0cmVhbS0yODEuemVuby5mbSIsInJ0dGwiOjUsImp0aSI6ImFhWkM3X3liUXQtSF9peHJGbkVUYXciLCJpYXQiOjE3Nzc4OTE3ODksImV4cCI6MTc3Nzg5MTg0OX0.WyUS-wY4MGEgyLaJD1EZuoGJj1EXqxfXbCixR7SFV0w | icon/radyo-moral-fm.jpg
Moral Fm = https://stream-51.zeno.fm/0cfiqwdkobavv?zs=RptTdDEHQ2Wej62cArILjQ/;stream.mp3 | icon/radyo-moral-fm.jpg
Moral Fm = https://stream-51.zeno.fm/0cfiqwdkobavv?zs=RptTdDEHQ2Wej62cArILjQ/; | icon/radyo-moral-fm.jpg
Number 1 Jazz = https://eustr75.mediatriple.net/Number1Media/22_Number1_Jazz.stream/playlist.m3u8 | icon/number-one-jazz.jpg
Power Plus = https://listen.powerapp.com.tr/powerplus/abr/playlist.m3u8 | icon/power-plus.jpg
Power Pop = https://listen.powerapp.com.tr/powerpop/abr/playlist.m3u8 | icon/power-pop.jpg
Radio Light = https://yayin.radiolight.net:8005/live? | icon/radio-light.jpg
Radyo 34 İstanbul = https://radyo34.radyotvonline.net/radyo34 | icon/radyo-34.jpg
Radyo 44 = https://radyo44.80.yayin.com.tr/stream? | icon/radyo-44.jpg
Radyo 45lik = https://stream.radyo45lik.com:4545/stream | icon/45lik-radyo-fm.jpg
Radyo 7 = https://moondigitaledge.radyotvonline.net/radyo7/playlist.m3u8 | icon/radyo-7.jpg
Radyo Arnavutköy = https://radyo.yayin.com.tr:4206/stream?/;stream.mp3 | icon/radyo-arnavutkoy.jpg
Radyo Arnavutköy = https://radyo.yayin.com.tr:4206/stream?/; | icon/radyo-arnavutkoy.jpg
Radyo Başakşehir = https://icecast.netmedya.net/rbasaksehir?/;stream.mp3 | icon/radyo-basaksehir.jpg
Radyo Başakşehir = https://icecast.netmedya.net/rbasaksehir?/; | icon/radyo-basaksehir.jpg
Radyo BoomBox = https://yayin.radyoboombox.com.tr/boombox/playlist.m3u8 | icon/radyo-boombox.jpg
Radyo Ekin = https://yayin.turkhosted.com:6006/stream?/;stream.mp3 | icon/radyo-ekin-fm.jpg
Radyo Ekin = https://yayin.turkhosted.com:6006/stream?/; | icon/radyo-ekin-fm.jpg
Radyo Eksen = https://ssldyg.radyotvonline.com/pozitif/smil:eksen.smil/chunklist_w363786016_b128000.m3u8 | icon/radyo-eksen.jpg
Radyo Eksen = https://ssldyg.radyotvonline.com/pozitif/smil:eksen.smil/playlist.m3u8 | icon/radyo-eksen.jpg
Radyo Fenomen = https://live.radyofenomen.com/fenomen/abr/playlist.m3u8 | icon/radyo-fenomen.jpg
Radyo Feza = https://yayin.radyofeza.com/8002/stream?/;stream.mp3 | icon/radyo-feza-dinle-100x100.jpg
Radyo Feza = https://yayin.radyofeza.com/8002/stream?/; | icon/radyo-feza-dinle-100x100.jpg
Radyo Fıtrat = https://radyofitrat.radyotvonline.net/radyofitrat?/;stream.mp3 | icon/radyo-fitrat.jpg
Radyo Fıtrat = https://radyofitrat.radyotvonline.net/radyofitrat?/; | icon/radyo-fitrat.jpg
Radyo Trafik İstanbul = https://moondigitaledge.radyotvonline.net/radyotrafik/playlist.m3u8? | icon/radyo-trafik-istanbul.jpg
Radyo Trio = https://radyotrio.radyotvonline.net/radyotrio?/;stream.mp3 | icon/radyo-trio.jpg
Radyo Yaren = https://radyodinle1.turkhosted.com/yayin?uri=51.159.52.7:8042/&tkn=q33yGaGclK5uAbr4YhDgtg&tms=1778021750 | icon/radyo-yaren.jpg
RadyoBir = https://canli.radyobir.com.tr:7002/stream? | icon/radyo-bir.jpg
Retro Türk = https://25653.live.streamtheworld.com/RETROTURK128AAC.aac?/;stream.mp3 | icon/retro-turk.jpg
Retro Türk = https://25653.live.streamtheworld.com/RETROTURK128AAC.aac?/; | icon/retro-turk.jpg
Retro Türk = https://playerservices.streamtheworld.com/api/livestream-redirect/RETROTURK128AAC.aac?/;stream.mp3 | icon/retro-turk.jpg
Retro Türk = https://25653.live.streamtheworld.com/RETROTURK128AAC.aac?/;stream.mp3 | icon/retro-turk.jpg
Seyr FM = https://sslyayin.netyayin.net/8024/stream | icon/seyr-fm.jpg
Siaray Türk FM = https://criturk.radyotvonline.net/criturk?/;stream.mp3 | icon/siaray-turk-cri.jpg
Siaray Türk FM = https://criturk.radyotvonline.net/criturk?/; | icon/siaray-turk-cri.jpg
Silivri Metropol FM = https://stream2.rtvtakip.com:7034/stream/;stream.mp3 | icon/silivri-metropol-fm.jpg
Silivri Metropol FM = https://stream2.rtvtakip.com:7034/stream/; | icon/silivri-metropol-fm.jpg
Sout Al Khaleej = https://live.kwikmotion.com/qmcslkrradiolive/slkrradio/chunks.m3u8 | icon/sout-al-khaleej.jpg
ST Endüstri Radyo = https://endustriradyo.radyotvonline.net/endustriradyo? | icon/st-endustri-radyo.jpg
Star Artı FM = https://ritim.80.yayin.com.tr/stream?/;stream.mp3 | icon/star-arti-fm.jpg
Star Artı FM = https://ritim.80.yayin.com.tr/stream?/; | icon/star-arti-fm.jpg
Ulusal Radyo = https://radio.guventechnology.com/9302/stream?/;stream.mp3 | icon/ulusal-radyo.jpg
Ulusal Radyo = https://radio.guventechnology.com/9302/stream?/; | icon/ulusal-radyo.jpg
Virgin Radio Türkiye = https://29073.live.streamtheworld.com/VIRGIN_RADIO128AAC.aac?/;stream.mp3 | icon/virgin-radio.jpg
Virgin Radio Türkiye = https://29073.live.streamtheworld.com/VIRGIN_RADIO128AAC.aac?/; | icon/virgin-radio.jpg
Virgin Radio Türkiye = https://playerservices.streamtheworld.com/api/livestream-redirect/VIRGIN_RADIO128AAC.aac?/;stream.mp3 | icon/virgin-radio.jpg
Virgin Radio Türkiye = https://playerservices.streamtheworld.com/api/livestream-redirect/VIRGIN_RADIO128AAC.aac?/; | icon/virgin-radio.jpg
Yön Radyo = https://stream.radyolarburada.com:8020/;?type=http&nocache=107036 | icon/yon-radyo.jpg