Gebze FM = https://eminmisin.radyodinle.stream/9530/stream?/;stream.mp3 | icon/gebze-fm.jpg
Gebze FM = https://eminmisin.radyodinle.stream/9530/stream?/ | icon/gebze-fm.jpg
Kocaeli Mega FM = https://sssx.radyosfer.com/megafm/stream?/; | icon/mega-fm-kocaeli.jpg
Kocaeli Radyo Gül = https://yayin2.canliyayin.org:10989/;stream.mp3 | icon/radyo-gul.jpg
Kocaeli Radyo Gül = https://yayin2.canliyayin.org:10989/; | icon/radyo-gul.jpg
Kocaeli Radyo Şahin = https://sslyayin.netyayin.net/8070/stream/;stream.mp3 | icon/radyo-sahin.jpg
Kocaeli Radyo Şahin = https://sslyayin.netyayin.net/8070/stream/; | icon/radyo-sahin.jpg
Kocaeli Tempo FM = https://yayin1.canlitv.fun:8012/stream?/;stream.mp3 | icon/tempo-fm-kocaeli.jpg
Kocaeli Tempo FM = https://yayin1.canlitv.fun:8012/stream?/; | icon/tempo-fm-kocaeli.jpg
Mesaj Fm = https://yayin1.canlitv.fun:8010/stream?/;stream.mp3 | icon/mesaj-fm.jpg
Mesaj Fm = https://yayin1.canlitv.fun:8010/stream?/; | icon/mesaj-fm.jpg
Radyo Ki = https://listen.powerapp.com.tr/radyoki/mpeg/icecast.audio?/;stream.mp3 | icon/radyo-ki.jpg
Radyo Ki = https://listen.powerapp.com.tr/radyoki/mpeg/icecast.audio?/; | icon/radyo-ki.jpg
Radyo Mavi Kocaeli = https://sslyayin.netyayin.net/8070/stream/;stream.mp3 | icon/radyo-mavi-kocaeli.jpg
Radyo Nikomedya = https://sslyayin.radyoyayini.com:7091/stream?/;stream.mp3 | icon/radyo-nikomedya.jpg
Radyo Piramit FM = https://sslyayin.netyayin.net/2637/stream/;stream.mp3 | icon/radyo-piramit.jpg
Radyo Şirin = https://radyodinle1.turkhosted.com/yayin?uri=154.53.167.66:9570/mp3/1/?icy=http/&tkn=HhOsZWzW2pxylwfoXnURwA&tms=1778000242 | icon/radyo-sirin.jpg
Radyo Trend = https://sslyayin.radyoyayini.com:7032/stream?type=http&nocache=1/;stream.mp3 | icon/radyo-trend.jpg
Raks FM = https://sslyayin.radyoyayini.com:7092/;stream.mp3 | icon/raks-fm.jpg
Ulusal Radyo = https://radio.guventechnology.com/9302/stream?/;stream.mp3 | icon/ulusal-radyo.jpg