Derya FM = https://yayin.turkhosted.com:6032/stream/;stream.mp3 | icon/derya-fm.jpg
Derya FM = https://yayin.turkhosted.com:6032/stream/; | icon/derya-fm.jpg
Ereğli Genç FM = https://radyodinle1.turkhosted.com/yayin?uri=eregligencfm.kesintisizyayin.com:7490/&tkn=fopZk7CEdhaBf-MF_QQPlg&tms=1778034690 | icon/genc-fm-eregli.jpg
Esas Radyo = https://yayin.turkhosted.com:6034/stream/;stream.mp3 | icon/esas-radyo.jpg
Genç Radyo = https://radyodinle1.turkhosted.com/yayin?uri=yayin.turkhosted.com:6030/&tkn=-Cyp097JCDFzpGL6MZbE6g&tms=1778032987 | icon/genc-radyo.png
Kent FM Ereğli = https://kentfm955.ozelip.com/9306/stream?/;stream.mp3 | icon/kent-fm-eregli.jpg
Kent FM Ereğli = https://kentfm955.ozelip.com/9306/stream?/; | icon/kent-fm-eregli.jpg
Konya FM = https://sssx.radyosfer.com/konyafm/stream?/;stream.mp3 | icon/konya-fm.jpg
Konya Gözyaşı Fm = https://yayin2.canliyayin.org:8700/stream?/;stream.mp3 | icon/gozyasi-fm-dinle.jpg
Konya Gözyaşı Fm = https://yayin2.canliyayin.org:8700/stream?/; | icon/gozyasi-fm-dinle.jpg
Konya İsra FM = https://yayin2.canliyayin.org:8210/stream?/;stream.mp3 | icon/isra-fm.jpg
Konya İsra FM = https://yayin2.canliyayin.org:8210/stream?/; | icon/isra-fm.jpg
Konya Radyo En = https://yayin2.canliyayin.org:7222/stream?/;stream.mp3 | icon/radyo-en.jpg
Konya Radyo En = https://yayin2.canliyayin.org:7222/stream?/; | icon/radyo-en.jpg
Konya Seydişehir Fm = https://sssx.radyosfer.com/seydisehirfm/stream/;stream.mp3 | icon/seydisehir-fm.jpg
Konya Tiryaki FM = https://yayin.turkhosted.com/6056/stream/;stream.mp3 | icon/tiryaki-fm.jpg
Konya Tiryaki FM = https://yayin.turkhosted.com/6056/stream/; | icon/tiryaki-fm.jpg
Radyo Ereğli = https://sssx.radyosfer.com/sonixfm/stream?/; | icon/radyo-eregli.jpg
Radyo Gençlik = https://canli.radyogenclik.com:9000/;stream.mp3 | icon/radyo-genclik.jpg
Radyo Gençlik = https://canli.radyogenclik.com:9000/; | icon/radyo-genclik.jpg
Radyo Net Konya = https://sslyayin.netyayin.net:8068/stream?/;stream.mp3 | icon/radyo-net-fm.jpg
Radyo Net Konya = https://sslyayin.netyayin.net:8068/stream?/; | icon/radyo-net-fm.jpg
Radyo Usta = https://yayin.turkhosted.com/usta/stream/;stream.mp3 | icon/radyo-usta.jpg
Radyo Usta = https://yayin.turkhosted.com/usta/stream/; | icon/radyo-usta.jpg
Ribat FM = https://radyodinle1.turkhosted.com/yayin?uri=yayin1.canliyayin.org:7010/&tkn=W1N8B8xE9zv-pO_Yw5I33w&tms=1778032819 | icon/ribat-fm.jpg
Ribat FM = https://radyodinle1.turkhosted.com/yayin?uri=yayin1.canliyayin.org:7010/&tkn=uEYYzrw3X6UTUP3Zv5r1Iw&tms=1778050550 | icon/ribat-fm.jpg
Selam Radyo (dini) = https://radyodinle1.turkhosted.com/yayin?uri=yayin1.canliyayin.org:7066/&tkn=M5CatWKcKvC8Eg5A_wHl8w&tms=1778032930 | icon/selam-radyo-konya.jpg
Ülkü FM = https://radyo.yayindakiler.com:4112/stream?/;stream.mp3 | icon/radyo-ulku-fm.jpg
Ülkü FM = https://radyo.yayindakiler.com:4112/stream?/; | icon/radyo-ulku-fm.jpg