İçel FM = https://tr2.socialsmart.tv/tepemedya/icelfm/icecast.audio?/;stream.mp3 | icon/icel-fm.jpg
Kent Radyo Mersin = https://anadolu.liderhost.com.tr:10906/stream?/;stream.mp3 | icon/kent-radyo-mersin.jpg
Mersin Fm = https://tr2.socialsmart.tv/tepemedya/mersinfm/icecast.audio?/;stream.mp3 | icon/mersin-fm.jpg
Mersin Radyo Metropol ***** = https://sssx.radyosfer.com/radyometropol/stream?/; | icon/radyo-metropol-mersin.jpg
Mersin Tarsus FM = https://tarsusfm.80.yayin.com.tr/stream/;stream.mp3 | icon/tarsus-fm.jpg
Mersin Üniversitesi Radyosu = https://listen.powerapp.com.tr/mersin/mpeg/icecast.audio?/;stream.mp3 | icon/mersin-universitesi-radyosu.jpg
Mutlu FM = https://radyodinle1.turkhosted.com/yayin?uri=mutlufm.canliyayinda.com:2828/stream?/&tkn=OrwJgMxW3jyrOKqLCexIyg&tms=1778032700 | icon/mutlu-fm.jpg
Mutlu FM = https://radyodinle1.turkhosted.com/yayin?uri=mutlufm.canliyayinda.com:2828/stream?/&tkn=tfi5jrHSilZsWNCV81Ufvg&tms=1778054812 | icon/mutlu-fm.jpg
Radyo Çetin = https://radyodinle1.turkhosted.com/yayin?uri=www.gokyuzuserver.com.tr:9304/&tkn=PEaHxaoH42zt0HIH_2HHrQ&tms=1778040155 | icon/radyo-cetin.jpg
Radyo Mer = https://tr2.socialsmart.tv/tepemedya/radyomer/icecast.audio?/;stream.mp3 | icon/radyo-mer.jpg
Radyo Merkoç = https://host10.onlineradyotv.net/8030/stream?/;stream.mp3 | icon/radyo-merkoc.jpg
Radyo Sefa = https://host10.onlineradyotv.net/8500/stream?/;stream.mp3 | icon/radyo-sefa.jpg
Radyo Ülkü = https://radyo.yayin.com.tr:4006/stream/1/?icy=http/;stream.mp3 | icon/radyo-ulku.jpg
Sun Radyo = https://tr2.socialsmart.tv/tepemedya/sunradyo/icecast.audio?/;stream.mp3 | icon/sun-radyo.jpg
Tarsus Yaren FM = https://yarenfmn.80.yayin.com.tr/stream? | icon/tarsus-yaren-fm.jpg
Yörük FM = https://tr2.socialsmart.tv/tepemedya/yorukfm/icecast.audio?/;stream.mp3 | icon/yoruk-fm-mersin.jpg