Bafra Barış FM = https://barisfm.ozelip.com:9588/stream/;stream.mp3 | icon/radyo-baris-bafra.jpg
Merkez FM = https://sslyayin.radyoyayini.com:7007/stream? | icon/samsun-merkez-fm.jpg
OMÜ Radyo = https://omuradyo.ozelip.com/8042/stream?/;stream.mp3 | icon/omu-radyo.jpg
Radyo Gerçek = https://ssl120.radyotelekom.com.tr/8198/stream?/;stream.mp3 | icon/radyo-gercek.jpg
Radyo Moda = https://m.radyomoda.com.tr/stream? | icon/radyo-moda-bafra.jpg
Sam FM = https://netyayin.jsproduksiyon.com:9010/samfm? | icon/sam-fm.jpg
Samsun Fıstık Fm = https://sslyayin.radyoyayini.com:7029/stream?/;stream.mp3 | icon/fistik-fm-samsun.jpg
Samsun Fıstık Fm = https://sslyayin.radyoyayini.com:7029/stream?/; | icon/fistik-fm-samsun.jpg
Samsun Haber Radyo = https://haberturkradyo.radyotvonline.net/haberturkradyo | icon/samsun-haber-radyo.jpg
Samsun Tutku FM = https://sslyayin.radyoyayini.com/8012/stream?/;stream.mp3 | icon/tutku-fm.jpg
Terme Tempo FM = https://live.radyo.in/8062/stream? | icon/radyo-tempo-terme-samsun.jpg